******************************************************************************
                  TI ARM Linker PC v20.2.7                     
******************************************************************************
>> Linked Thu May  8 20:21:59 2025

OUTPUT FILE NAME:   <FINAL.out>
ENTRY POINT SYMBOL: "_c_int00_noargs"  address: 00006739


MEMORY CONFIGURATION

         name            origin    length      used     unused   attr    fill
----------------------  --------  ---------  --------  --------  ----  --------
  FLASH                 00000000   00040000  0000704f  00038fb1  R  X
  SRAM                  20000000   00008000  00002350  00005cb0  RW X


SEGMENT ALLOCATION MAP

run origin  load origin   length   init length attrs members
----------  ----------- ---------- ----------- ----- -------
00000000    00000000    00007058   00007058    r-x
  00000000    00000000    0000026c   0000026c    r-- .intvecs
  0000026c    0000026c    00006758   00006758    r-x .text
  000069c8    000069c8    00000623   00000623    r-- .const
  00006ff0    00006ff0    00000068   00000068    r-- .cinit
20000000    20000000    00002354   00000000    rw-
  20000000    20000000    0000026c   00000000    rw- .vtable
  20000270    20000270    00001000   00000000    rw- .stack
  20001270    20001270    00001000   00000000    rw- .sysmem
  20002270    20002270    00000070   00000000    rw- .bss
  200022e0    200022e0    00000074   00000000    rw- .data


SECTION ALLOCATION MAP

 output                                  attributes/
section   page    origin      length       input sections
--------  ----  ----------  ----------   ----------------
.intvecs   0    00000000    0000026c     
                  00000000    0000026c     tm4c123gh6pm_startup_ccs.obj (.intvecs)

.text      0    0000026c    00006758     
                  0000026c    00000c20     open_interface.obj (.text)
                  00000e8c    00000a4e     rtsv7M4_T_le_v4SPD16_eabi.lib : _printfi.c.obj (.text:__TI_printfi)
                  000018da    00000002                                   : _lock.c.obj (.text:_nop)
                  000018dc    000009d0                                   : e_pow.c.obj (.text:pow)
                  000022ac    00000738                                   : k_rem_pio2.c.obj (.text:__kernel_rem_pio2)
                  000029e4    00000584     scan.obj (.text)
                  00002f68    00000508     rtsv7M4_T_le_v4SPD16_eabi.lib : s_tan.c.obj (.text:tan)
                  00003470    000003a8     movement.obj (.text)
                  00003818    00000334     ping.obj (.text)
                  00003b4c    00000328     lcd.obj (.text)
                  00003e74    0000031c     rtsv7M4_T_le_v4SPD16_eabi.lib : k_tan.c.obj (.text:__kernel_tan)
                  00004190    000002a0     taco.obj (.text)
                  00004430    00000290     main.obj (.text)
                  000046c0    00000270     rtsv7M4_T_le_v4SPD16_eabi.lib : _printfi.c.obj (.text:_pconv_a)
                  00004930    0000026c     uart-interrupt.obj (.text)
                  00004b9c    00000248     Timer.obj (.text)
                  00004de4    000001d0     rtsv7M4_T_le_v4SPD16_eabi.lib : _printfi.c.obj (.text:_pconv_g)
                  00004fb4    000001b6                                   : fd_add_t2.asm.obj (.text)
                  0000516a    00000002                                   : div0.asm.obj (.text)
                  0000516c    00000158                                   : e_sqrt.c.obj (.text:sqrt)
                  000052c4    0000013c                                   : _printfi.c.obj (.text:_pconv_e)
                  00005400    00000136                                   : fd_div_t2.asm.obj (.text)
                  00005536    00000002     --HOLE-- [fill = 0]
                  00005538    00000124                                   : _printfi.c.obj (.text:fcvt)
                  0000565c    00000120     adc.obj (.text)
                  0000577c    00000120     servo.obj (.text)
                  0000589c    00000110     rtsv7M4_T_le_v4SPD16_eabi.lib : s_scalbn.c.obj (.text:scalbn)
                  000059ac    00000100                                   : memory.c.obj (.text:aligned_alloc)
                  00005aac    000000fc                                   : fd_mul_t2.asm.obj (.text)
                  00005ba8    000000f8                                   : s_ceil.c.obj (.text:ceil)
                  00005ca0    000000f8                                   : s_floor.c.obj (.text:floor)
                  00005d98    000000e4                                   : memory.c.obj (.text:free)
                  00005e7c    000000b1                                   : _printfi.c.obj (.text:_ltostr)
                  00005f2d    00000001     --HOLE-- [fill = 0]
                  00005f2e    0000009c                                   : memcpy_t2.asm.obj (.text)
                  00005fca    00000096                                   : ull_div_t2.asm.obj (.text)
                  00006060    00000086                                   : fd_cmp_t2.asm.obj (.text:__aeabi_cdcmple)
                  000060e6    00000086                                   : fd_cmp_t2.asm.obj (.text:__aeabi_cdrcmple)
                  0000616c    0000007a                                   : memset_t2.asm.obj (.text)
                  000061e6    00000002     --HOLE-- [fill = 0]
                  000061e8    00000070                                   : memory.c.obj (.text:split)
                  00006258    0000006e                                   : _printfi.c.obj (.text:_mcpy)
                  000062c6    0000006e                                   : fd_tos_t2.asm.obj (.text)
                  00006334    00000068                                   : copy_decompress_lzss.c.obj (.text:decompress:lzss:__TI_decompress_lzss)
                  0000639c    00000064                                   : s_frexp.c.obj (.text:frexp)
                  00006400    00000056                                   : _printfi.c.obj (.text:_pconv_f)
                  00006456    00000054                                   : _ltoa.c.obj (.text:__TI_ltoa)
                  000064aa    00000052                                   : _printfi.c.obj (.text:_ecpy)
                  000064fc    0000004c                                   : atoi.c.obj (.text:atoi)
                  00006548    00000048                                   : fd_toi_t2.asm.obj (.text)
                  00006590    00000044                                   : autoinit.c.obj (.text:__TI_auto_init_nobinit_nopinit:__TI_auto_init_nobinit_nopinit)
                  000065d4    00000040                                   : sprintf.c.obj (.text:sprintf)
                  00006614    00000040                                   : vsnprintf.c.obj (.text:vsnprintf)
                  00006654    0000003e                                   : _printfi.c.obj (.text:_fcpy)
                  00006692    00000002     --HOLE-- [fill = 0]
                  00006694    00000038                                   : memory.c.obj (.text:calloc)
                  000066cc    00000038                                   : fs_tod_t2.asm.obj (.text)
                  00006704    00000034     driverlib.lib : interrupt.obj (.text:IntRegister)
                  00006738    00000034     rtsv7M4_T_le_v4SPD16_eabi.lib : boot_cortex_m.c.obj (.text:_c_int00_noargs:_c_int00_noargs)
                  0000676c    00000030                                   : vsnprintf.c.obj (.text:_outs)
                  0000679c    0000002e                                   : i_tofd_t2.asm.obj (.text)
                  000067ca    00000002     --HOLE-- [fill = 0]
                  000067cc    00000028                                   : memory.c.obj (.text:free_list_insert)
                  000067f4    00000028     putty.obj (.text)
                  0000681c    00000020     rtsv7M4_T_le_v4SPD16_eabi.lib : u_tofd_t2.asm.obj (.text)
                  0000683c    0000001c                                   : copy_zero_init.c.obj (.text:decompress:ZI:__TI_zero_init_nomemset:__TI_zero_init_nomemset)
                  00006858    0000001c                                   : memory.c.obj (.text:free_list_remove)
                  00006874    0000001c                                   : memccpy.c.obj (.text:memccpy)
                  00006890    0000001a                                   : s_copysign.c.obj (.text:copysign)
                  000068aa    00000018                                   : vsnprintf.c.obj (.text:_outc)
                  000068c2    00000018                                   : sprintf.c.obj (.text:_outs)
                  000068da    00000018     open_interface.obj (.text:oi_parseInt)
                  000068f2    00000018     rtsv7M4_T_le_v4SPD16_eabi.lib : strcmp.c.obj (.text:strcmp)
                  0000690a    00000016                                   : strchr.c.obj (.text:strchr)
                  00006920    00000014                                   : strcpy.c.obj (.text:strcpy)
                  00006934    00000014                                   : strlen.c.obj (.text:strlen)
                  00006948    00000012                                   : wcslen.c.obj (.text:wcslen)
                  0000695a    00000010     driverlib.lib : interrupt.obj (.text:IntMasterEnable)
                  0000696a    00000010     lcd.obj (.text:lcd_clear)
                  0000697a    0000000e     rtsv7M4_T_le_v4SPD16_eabi.lib : copy_decompress_none.c.obj (.text:decompress:none:__TI_decompress_none)
                  00006988    0000000c     driverlib.lib : cpu.obj (.text:CPUcpsie)
                  00006994    0000000c     tm4c123gh6pm_startup_ccs.obj (.text)
                  000069a0    0000000a     rtsv7M4_T_le_v4SPD16_eabi.lib : sprintf.c.obj (.text:_outc)
                  000069aa    00000002     --HOLE-- [fill = 0]
                  000069ac    00000008                                   : errno.c.obj (.text:__aeabi_errno_addr)
                  000069b4    00000008                                   : memory.c.obj (.text:malloc)
                  000069bc    00000004                                   : pre_init.c.obj (.text:_system_pre_init)
                  000069c0    00000004                                   : exit.c.obj (.text:abort:abort)

.const     0    000069c8    00000623     
                  000069c8    00000190     scan.obj (.const:$P$T1$2)
                  00006b58    00000158     rtsv7M4_T_le_v4SPD16_eabi.lib : k_rem_pio2.c.obj (.const:$O1$$)
                  00006cb0    00000101                                   : ctype.c.obj (.const:.string:_ctypes_)
                  00006db1    00000003     --HOLE-- [fill = 0]
                  00006db4    000000f0     scan.obj (.const:$P$T2$3)
                  00006ea4    00000004     lcd.obj (.const:.string:lineAddress$1)
                  00006ea8    00000080     rtsv7M4_T_le_v4SPD16_eabi.lib : k_tan.c.obj (.const:xxx)
                  00006f28    00000030                                   : e_pow.c.obj (.const:$O1$$)
                  00006f58    00000010     scan.obj (.const:$P$T0$1)
                  00006f68    00000010     taco.obj (.const:.string:$P$T0$1)
                  00006f78    00000010     taco.obj (.const:.string:$P$T1$2)
                  00006f88    00000010     taco.obj (.const:.string:$P$T2$3)
                  00006f98    00000010     taco.obj (.const:.string:$P$T3$4)
                  00006fa8    00000010     taco.obj (.const:.string:$P$T6$7)
                  00006fb8    00000010     taco.obj (.const:.string:$P$T7$8)
                  00006fc8    0000000f     open_interface.obj (.const:.string:$P$T0$3)
                  00006fd7    00000008     taco.obj (.const:.string:$P$T4$5)
                  00006fdf    00000008     taco.obj (.const:.string:$P$T5$6)
                  00006fe7    00000004     lcd.obj (.const:.string:lineAddresses$2)

.cinit     0    00006ff0    00000068     
                  00006ff0    00000031     (.cinit..data.load) [load image, compression = lzss]
                  00007021    00000003     --HOLE-- [fill = 0]
                  00007024    0000000c     (__TI_handler_table)
                  00007030    00000008     (.cinit..bss.load) [load image, compression = zero_init]
                  00007038    00000008     (.cinit..vtable.load) [load image, compression = zero_init]
                  00007040    00000018     (__TI_cinit_table)

.init_array 
*          0    00000000    00000000     UNINITIALIZED

.vtable    0    20000000    0000026c     UNINITIALIZED
                  20000000    0000026c     driverlib.lib : interrupt.obj (.vtable)

.stack     0    20000270    00001000     UNINITIALIZED
                  20000270    00000004     rtsv7M4_T_le_v4SPD16_eabi.lib : boot_cortex_m.c.obj (.stack)
                  20000274    00000ffc     --HOLE--

.sysmem    0    20001270    00001000     UNINITIALIZED
                  20001270    00000010     rtsv7M4_T_le_v4SPD16_eabi.lib : memory.c.obj (.sysmem)
                  20001280    00000ff0     --HOLE--

.bss       0    20002270    00000070     UNINITIALIZED
                  20002270    00000054     lcd.obj (.bss:lastbuffer$3)
                  200022c4    00000018     open_interface.obj (.bss:firmware$2)
                  200022dc    00000004     (.common:_timeout_ticks)

.data      0    200022e0    00000074     UNINITIALIZED
                  200022e0    00000020     open_interface.obj (.data)
                  20002300    00000018     servo.obj (.data)
                  20002318    00000011     ping.obj (.data)
                  20002329    00000001     Timer.obj (.data)
                  2000232a    00000002     --HOLE--
                  2000232c    00000009     uart-interrupt.obj (.data)
                  20002335    00000003     --HOLE--
                  20002338    00000008     rtsv7M4_T_le_v4SPD16_eabi.lib : _lock.c.obj (.data:$O1$$)
                  20002340    00000008                                   : memory.c.obj (.data:$O1$$)
                  20002348    00000005     taco.obj (.data)
                  2000234d    00000003     --HOLE--
                  20002350    00000004     rtsv7M4_T_le_v4SPD16_eabi.lib : errno.c.obj (.data)

__llvm_prf_cnts 
*          0    20000000    00000000     UNINITIALIZED

MODULE SUMMARY

       Module                         code    ro data   rw data
       ------                         ----    -------   -------
    .\
       open_interface.obj             3128    15        56     
       scan.obj                       1412    656       0      
       movement.obj                   936     0         0      
       lcd.obj                        824     8         84     
       ping.obj                       820     0         17     
       taco.obj                       672     112       5      
       main.obj                       656     0         0      
       tm4c123gh6pm_startup_ccs.obj   12      620       0      
       uart-interrupt.obj             620     0         9      
       Timer.obj                      584     0         5      
       servo.obj                      288     0         24     
       adc.obj                        288     0         0      
       putty.obj                      40      0         0      
    +--+------------------------------+-------+---------+---------+
       Total:                         10280   1411      200    
                                                               
    C:/ti/TivaWare_C_Series-2.2.0.295/driverlib/ccs/Debug/driverlib.lib
       interrupt.obj                  68      0         620    
       cpu.obj                        12      0         0      
    +--+------------------------------+-------+---------+---------+
       Total:                         80      0         620    
                                                               
    C:\ti\ccs1271\ccs\tools\compiler\ti-cgt-arm_20.2.7.LTS\lib\rtsv7M4_T_le_v4SPD16_eabi.lib
       _printfi.c.obj                 4851    0         0      
       e_pow.c.obj                    2512    48        0      
       k_rem_pio2.c.obj               1848    344       0      
       s_tan.c.obj                    1288    0         0      
       k_tan.c.obj                    796     128       0      
       memory.c.obj                   728     0         8      
       fd_add_t2.asm.obj              438     0         0      
       e_sqrt.c.obj                   344     0         0      
       fd_div_t2.asm.obj              310     0         0      
       s_scalbn.c.obj                 272     0         0      
       fd_cmp_t2.asm.obj              268     0         0      
       ctype.c.obj                    0       257       0      
       fd_mul_t2.asm.obj              252     0         0      
       s_ceil.c.obj                   248     0         0      
       s_floor.c.obj                  248     0         0      
       memcpy_t2.asm.obj              156     0         0      
       ull_div_t2.asm.obj             150     0         0      
       vsnprintf.c.obj                136     0         0      
       memset_t2.asm.obj              122     0         0      
       fd_tos_t2.asm.obj              110     0         0      
       copy_decompress_lzss.c.obj     104     0         0      
       s_frexp.c.obj                  100     0         0      
       sprintf.c.obj                  98      0         0      
       _ltoa.c.obj                    84      0         0      
       atoi.c.obj                     76      0         0      
       fd_toi_t2.asm.obj              72      0         0      
       autoinit.c.obj                 68      0         0      
       fs_tod_t2.asm.obj              56      0         0      
       boot_cortex_m.c.obj            52      0         0      
       i_tofd_t2.asm.obj              46      0         0      
       u_tofd_t2.asm.obj              32      0         0      
       copy_zero_init.c.obj           28      0         0      
       memccpy.c.obj                  28      0         0      
       s_copysign.c.obj               26      0         0      
       strcmp.c.obj                   24      0         0      
       strchr.c.obj                   22      0         0      
       strcpy.c.obj                   20      0         0      
       strlen.c.obj                   20      0         0      
       wcslen.c.obj                   18      0         0      
       copy_decompress_none.c.obj     14      0         0      
       errno.c.obj                    8       0         4      
       _lock.c.obj                    2       0         8      
       exit.c.obj                     4       0         0      
       pre_init.c.obj                 4       0         0      
       div0.asm.obj                   2       0         0      
    +--+------------------------------+-------+---------+---------+
       Total:                         16085   777       20     
                                                               
       Heap:                          0       0         4096   
       Stack:                         0       0         4096   
       Linker Generated:              0       101       0      
    +--+------------------------------+-------+---------+---------+
       Grand Total:                   26445   2289      9032   


LINKER GENERATED COPY TABLES

__TI_cinit_table @ 00007040 records: 3, size/record: 8, table size: 24
	.data: load addr=00006ff0, load size=00000031 bytes, run addr=200022e0, run size=00000074 bytes, compression=lzss
	.bss: load addr=00007030, load size=00000008 bytes, run addr=20002270, run size=00000070 bytes, compression=zero_init
	.vtable: load addr=00007038, load size=00000008 bytes, run addr=20000000, run size=0000026c bytes, compression=zero_init


LINKER GENERATED HANDLER TABLE

__TI_handler_table @ 00007024 records: 3, size/record: 4, table size: 12
	index: 0, handler: __TI_zero_init
	index: 1, handler: __TI_decompress_lzss
	index: 2, handler: __TI_decompress_none


GLOBAL SYMBOLS: SORTED ALPHABETICALLY BY Name 

address   name                          
-------   ----                          
000069c1  C$$EXIT                       
00006989  CPUcpsie                      
00000bc3  GPIOF_Handler                 
0000695b  IntMasterEnable               
00006705  IntRegister                   
00006995  ResetISR                      
00003967  TIMER3B_Handler               
00004a4d  UART1_Handler                 
20001270  __STACK_END                   
00001000  __STACK_SIZE                  
20000470  __STACK_TOP                   
00001000  __SYSMEM_SIZE                 
00007040  __TI_CINIT_Base               
00007058  __TI_CINIT_Limit              
00007024  __TI_Handler_Table_Base       
00007030  __TI_Handler_Table_Limit      
00006591  __TI_auto_init_nobinit_nopinit
00006335  __TI_decompress_lzss          
0000697b  __TI_decompress_none          
00006457  __TI_ltoa                     
ffffffff  __TI_pprof_out_hndl           
00000e8d  __TI_printfi                  
ffffffff  __TI_prof_data_size           
ffffffff  __TI_prof_data_start          
00000000  __TI_static_base__            
0000683d  __TI_zero_init_nomemset       
00006061  __aeabi_cdcmpeq               
00006061  __aeabi_cdcmple               
000060e7  __aeabi_cdrcmple              
000062c7  __aeabi_d2f                   
00006549  __aeabi_d2iz                  
00004fbf  __aeabi_dadd                  
00005401  __aeabi_ddiv                  
00005aad  __aeabi_dmul                  
00004fb5  __aeabi_dsub                  
000069ad  __aeabi_errno_addr            
000066cd  __aeabi_f2d                   
0000679d  __aeabi_i2d                   
0000516b  __aeabi_idiv0                 
0000516b  __aeabi_ldiv0                 
0000616d  __aeabi_memclr                
0000616d  __aeabi_memclr4               
0000616d  __aeabi_memclr8               
00005f2f  __aeabi_memcpy                
00005f2f  __aeabi_memcpy4               
00005f2f  __aeabi_memcpy8               
0000616f  __aeabi_memset                
0000616f  __aeabi_memset4               
0000616f  __aeabi_memset8               
0000681d  __aeabi_ui2d                  
00005fcb  __aeabi_uldivmod              
ffffffff  __binit__                     
ffffffff  __c_args__                    
000022ad  __kernel_rem_pio2             
00003e75  __kernel_tan                  
UNDEFED   __mpu_init                    
20000270  __stack                       
20000000  __start___llvm_prf_cnts       
20000000  __stop___llvm_prf_cnts        
00006739  _c_int00_noargs               
00006cb0  _ctypes_                      
20002338  _lock                         
000018db  _nop                          
20002329  _running                      
20001270  _sys_memory                   
UNDEFED   _system_post_cinit            
000069bd  _system_pre_init              
200022dc  _timeout_ticks                
2000233c  _unlock                       
000069c1  abort                         
0000565d  adc_init                      
00005703  adc_read                      
000059ad  aligned_alloc                 
000064fd  atoi                          
ffffffff  binit                         
20002314  button                        
00006695  calloc                        
00005ba9  ceil                          
00005ba9  ceill                         
2000232c  command_byte                  
20002330  command_flag                  
00006891  copysign                      
00006891  copysignl                     
2000234c  customerFound                 
2000230c  direction                     
20002350  errno                         
00005ca1  floor                         
00005ca1  floorl                        
00005d99  free                          
0000639d  frexp                         
0000639d  frexpl                        
00002a49  fullScan                      
2000231c  g_end_time                    
20000000  g_pfnRAMVectors               
00000000  g_pfnVectors                  
20002318  g_start_time                  
20002328  g_state                       
000029e5  get_IR_Dist                   
00002a27  get_PING_Dist                 
00002ecb  get_avg                       
0000097f  go_charge                     
20002334  input                         
0000696b  lcd_clear                     
00003d21  lcd_gotoLine                  
00003b89  lcd_init                      
00003d87  lcd_printf                    
00003c49  lcd_putc                      
00003c81  lcd_puts                      
00003b4d  lcd_reverseNibble             
00003c9f  lcd_sendCommand               
00003cdd  lcd_sendNibble                
00003d49  lcd_setCursorPos              
0000589d  ldexp                         
0000589d  ldexpl                        
20002300  leftVal                       
00004431  main                          
000069b5  malloc                        
000059ad  memalign                      
00006875  memccpy                       
00005f2f  memcpy                        
00006175  memset                        
200022e0  motor_cal_factor_L            
200022e4  motor_cal_factor_R            
000035c3  move_backward                 
00003471  move_forward                  
20002310  moved                         
20002324  ms_end_time                   
20002320  ms_start_time                 
00004279  music                         
20002308  newPos                        
0000026d  oi_alloc                      
00000aa9  oi_checkFirmware              
000002c7  oi_close                      
00000279  oi_free                       
00000ded  oi_getMotorCalibrationLeft    
00000e01  oi_getMotorCalibrationRight   
000002b1  oi_init                       
00000289  oi_init_noupdate              
00000915  oi_loadSong                   
000068db  oi_parseInt                   
0000032b  oi_parsePacket                
0000096b  oi_play_song                  
0000084b  oi_setLeds                    
00000db1  oi_setMotorCalibration        
0000088f  oi_setWheels                  
00000b51  oi_shutoff_init               
0000098d  oi_uartInit                   
00000a31  oi_uartReceive                
00000a77  oi_uartSendBuff               
00000a15  oi_uartSendChar               
00000a59  oi_uartSendStr                
000002d9  oi_update                     
000039b9  ping_getDistance              
00003819  ping_init                     
000038df  ping_trigger                  
000018dd  pow                           
000018dd  powl                          
000067f5  printWholeString              
20002304  rightVal                      
0000589d  scalbn                        
0000589d  scalbnl                       
0000577d  servo_init                    
00005825  servo_move                    
000037b5  set_wheels                    
000065d5  sprintf                       
0000516d  sqrt                          
0000516d  sqrtl                         
0000690b  strchr                        
000068f3  strcmp                        
00006921  strcpy                        
00006935  strlen                        
00004191  supplyBot                     
000041b7  supplyCustomers               
20002348  tacos                         
00002f69  tan                           
00002f69  tanl                          
00004cbb  timer_getMicros               
00004c63  timer_getMillis               
00004b9d  timer_init                    
00004c3f  timer_pause                   
00004c51  timer_resume                  
00004c15  timer_stop                    
00004d15  timer_waitMicros              
00004d47  timer_waitMillis              
000036fd  turn_left                     
00003663  turn_right                    
00004931  uart_interrupt_init           
00004a01  uart_receive                  
00004a21  uart_receive_nonblocking      
000049e5  uart_sendChar                 
00004a27  uart_sendStr                  
00006615  vsnprintf                     
00006949  wcslen                        


GLOBAL SYMBOLS: SORTED BY Symbol Address 

address   name                          
-------   ----                          
00000000  __TI_static_base__            
00000000  g_pfnVectors                  
0000026d  oi_alloc                      
00000279  oi_free                       
00000289  oi_init_noupdate              
000002b1  oi_init                       
000002c7  oi_close                      
000002d9  oi_update                     
0000032b  oi_parsePacket                
0000084b  oi_setLeds                    
0000088f  oi_setWheels                  
00000915  oi_loadSong                   
0000096b  oi_play_song                  
0000097f  go_charge                     
0000098d  oi_uartInit                   
00000a15  oi_uartSendChar               
00000a31  oi_uartReceive                
00000a59  oi_uartSendStr                
00000a77  oi_uartSendBuff               
00000aa9  oi_checkFirmware              
00000b51  oi_shutoff_init               
00000bc3  GPIOF_Handler                 
00000db1  oi_setMotorCalibration        
00000ded  oi_getMotorCalibrationLeft    
00000e01  oi_getMotorCalibrationRight   
00000e8d  __TI_printfi                  
00001000  __STACK_SIZE                  
00001000  __SYSMEM_SIZE                 
000018db  _nop                          
000018dd  pow                           
000018dd  powl                          
000022ad  __kernel_rem_pio2             
000029e5  get_IR_Dist                   
00002a27  get_PING_Dist                 
00002a49  fullScan                      
00002ecb  get_avg                       
00002f69  tan                           
00002f69  tanl                          
00003471  move_forward                  
000035c3  move_backward                 
00003663  turn_right                    
000036fd  turn_left                     
000037b5  set_wheels                    
00003819  ping_init                     
000038df  ping_trigger                  
00003967  TIMER3B_Handler               
000039b9  ping_getDistance              
00003b4d  lcd_reverseNibble             
00003b89  lcd_init                      
00003c49  lcd_putc                      
00003c81  lcd_puts                      
00003c9f  lcd_sendCommand               
00003cdd  lcd_sendNibble                
00003d21  lcd_gotoLine                  
00003d49  lcd_setCursorPos              
00003d87  lcd_printf                    
00003e75  __kernel_tan                  
00004191  supplyBot                     
000041b7  supplyCustomers               
00004279  music                         
00004431  main                          
00004931  uart_interrupt_init           
000049e5  uart_sendChar                 
00004a01  uart_receive                  
00004a21  uart_receive_nonblocking      
00004a27  uart_sendStr                  
00004a4d  UART1_Handler                 
00004b9d  timer_init                    
00004c15  timer_stop                    
00004c3f  timer_pause                   
00004c51  timer_resume                  
00004c63  timer_getMillis               
00004cbb  timer_getMicros               
00004d15  timer_waitMicros              
00004d47  timer_waitMillis              
00004fb5  __aeabi_dsub                  
00004fbf  __aeabi_dadd                  
0000516b  __aeabi_idiv0                 
0000516b  __aeabi_ldiv0                 
0000516d  sqrt                          
0000516d  sqrtl                         
00005401  __aeabi_ddiv                  
0000565d  adc_init                      
00005703  adc_read                      
0000577d  servo_init                    
00005825  servo_move                    
0000589d  ldexp                         
0000589d  ldexpl                        
0000589d  scalbn                        
0000589d  scalbnl                       
000059ad  aligned_alloc                 
000059ad  memalign                      
00005aad  __aeabi_dmul                  
00005ba9  ceil                          
00005ba9  ceill                         
00005ca1  floor                         
00005ca1  floorl                        
00005d99  free                          
00005f2f  __aeabi_memcpy                
00005f2f  __aeabi_memcpy4               
00005f2f  __aeabi_memcpy8               
00005f2f  memcpy                        
00005fcb  __aeabi_uldivmod              
00006061  __aeabi_cdcmpeq               
00006061  __aeabi_cdcmple               
000060e7  __aeabi_cdrcmple              
0000616d  __aeabi_memclr                
0000616d  __aeabi_memclr4               
0000616d  __aeabi_memclr8               
0000616f  __aeabi_memset                
0000616f  __aeabi_memset4               
0000616f  __aeabi_memset8               
00006175  memset                        
000062c7  __aeabi_d2f                   
00006335  __TI_decompress_lzss          
0000639d  frexp                         
0000639d  frexpl                        
00006457  __TI_ltoa                     
000064fd  atoi                          
00006549  __aeabi_d2iz                  
00006591  __TI_auto_init_nobinit_nopinit
000065d5  sprintf                       
00006615  vsnprintf                     
00006695  calloc                        
000066cd  __aeabi_f2d                   
00006705  IntRegister                   
00006739  _c_int00_noargs               
0000679d  __aeabi_i2d                   
000067f5  printWholeString              
0000681d  __aeabi_ui2d                  
0000683d  __TI_zero_init_nomemset       
00006875  memccpy                       
00006891  copysign                      
00006891  copysignl                     
000068db  oi_parseInt                   
000068f3  strcmp                        
0000690b  strchr                        
00006921  strcpy                        
00006935  strlen                        
00006949  wcslen                        
0000695b  IntMasterEnable               
0000696b  lcd_clear                     
0000697b  __TI_decompress_none          
00006989  CPUcpsie                      
00006995  ResetISR                      
000069ad  __aeabi_errno_addr            
000069b5  malloc                        
000069bd  _system_pre_init              
000069c1  C$$EXIT                       
000069c1  abort                         
00006cb0  _ctypes_                      
00007024  __TI_Handler_Table_Base       
00007030  __TI_Handler_Table_Limit      
00007040  __TI_CINIT_Base               
00007058  __TI_CINIT_Limit              
20000000  __start___llvm_prf_cnts       
20000000  __stop___llvm_prf_cnts        
20000000  g_pfnRAMVectors               
20000270  __stack                       
20000470  __STACK_TOP                   
20001270  __STACK_END                   
20001270  _sys_memory                   
200022dc  _timeout_ticks                
200022e0  motor_cal_factor_L            
200022e4  motor_cal_factor_R            
20002300  leftVal                       
20002304  rightVal                      
20002308  newPos                        
2000230c  direction                     
20002310  moved                         
20002314  button                        
20002318  g_start_time                  
2000231c  g_end_time                    
20002320  ms_start_time                 
20002324  ms_end_time                   
20002328  g_state                       
20002329  _running                      
2000232c  command_byte                  
20002330  command_flag                  
20002334  input                         
20002338  _lock                         
2000233c  _unlock                       
20002348  tacos                         
2000234c  customerFound                 
20002350  errno                         
ffffffff  __TI_pprof_out_hndl           
ffffffff  __TI_prof_data_size           
ffffffff  __TI_prof_data_start          
ffffffff  __binit__                     
ffffffff  __c_args__                    
ffffffff  binit                         
UNDEFED   __mpu_init                    
UNDEFED   _system_post_cinit            

[193 symbols]
