******************************************************************************
                  TI ARM Linker PC v20.2.7                     
******************************************************************************
>> Linked Wed May  7 18:50:01 2025

OUTPUT FILE NAME:   <FINAL.out>
ENTRY POINT SYMBOL: "_c_int00_noargs"  address: 000067ed


MEMORY CONFIGURATION

         name            origin    length      used     unused   attr    fill
----------------------  --------  ---------  --------  --------  ----  --------
  FLASH                 00000000   00040000  00007103  00038efd  R  X
  SRAM                  20000000   00008000  00002350  00005cb0  RW X


SEGMENT ALLOCATION MAP

run origin  load origin   length   init length attrs members
----------  ----------- ---------- ----------- ----- -------
00000000    00000000    00007108   00007108    r-x
  00000000    00000000    0000026c   0000026c    r-- .intvecs
  0000026c    0000026c    0000680c   0000680c    r-x .text
  00006a78    00006a78    00000623   00000623    r-- .const
  000070a0    000070a0    00000068   00000068    r-- .cinit
20000000    20000000    00002354   00000000    rw-
  20000000    20000000    0000026c   00000000    rw- .vtable
  20000270    20000270    00001000   00000000    rw- .stack
  20001270    20001270    00001000   00000000    rw- .sysmem
  20002270    20002270    00000070   00000000    rw- .bss
  200022e0    200022e0    00000074   00000000    rw- .data


SECTION ALLOCATION MAP

 output                                  attributes/
section   page    origin      length       input sections
--------  ----  ----------  ----------   ----------------
.intvecs   0    00000000    0000026c     
                  00000000    0000026c     tm4c123gh6pm_startup_ccs.obj (.intvecs)

.text      0    0000026c    0000680c     
                  0000026c    00000c20     open_interface.obj (.text)
                  00000e8c    00000a4e     rtsv7M4_T_le_v4SPD16_eabi.lib : _printfi.c.obj (.text:__TI_printfi)
                  000018da    00000002                                   : _lock.c.obj (.text:_nop)
                  000018dc    000009d0                                   : e_pow.c.obj (.text:pow)
                  000022ac    00000738                                   : k_rem_pio2.c.obj (.text:__kernel_rem_pio2)
                  000029e4    00000638     scan.obj (.text)
                  0000301c    00000508     rtsv7M4_T_le_v4SPD16_eabi.lib : s_tan.c.obj (.text:tan)
                  00003524    000003a8     movement.obj (.text)
                  000038cc    00000334     ping.obj (.text)
                  00003c00    00000328     lcd.obj (.text)
                  00003f28    0000031c     rtsv7M4_T_le_v4SPD16_eabi.lib : k_tan.c.obj (.text:__kernel_tan)
                  00004244    000002ac     main.obj (.text)
                  000044f0    000002a0     taco.obj (.text)
                  00004790    00000270     rtsv7M4_T_le_v4SPD16_eabi.lib : _printfi.c.obj (.text:_pconv_a)
                  00004a00    00000250     uart-interrupt.obj (.text)
                  00004c50    00000248     Timer.obj (.text)
                  00004e98    000001d0     rtsv7M4_T_le_v4SPD16_eabi.lib : _printfi.c.obj (.text:_pconv_g)
                  00005068    000001b6                                   : fd_add_t2.asm.obj (.text)
                  0000521e    00000002                                   : div0.asm.obj (.text)
                  00005220    00000158                                   : e_sqrt.c.obj (.text:sqrt)
                  00005378    0000013c                                   : _printfi.c.obj (.text:_pconv_e)
                  000054b4    00000136                                   : fd_div_t2.asm.obj (.text)
                  000055ea    00000002     --HOLE-- [fill = 0]
                  000055ec    00000124                                   : _printfi.c.obj (.text:fcvt)
                  00005710    00000120     adc.obj (.text)
                  00005830    00000120     servo.obj (.text)
                  00005950    00000110     rtsv7M4_T_le_v4SPD16_eabi.lib : s_scalbn.c.obj (.text:scalbn)
                  00005a60    00000100                                   : memory.c.obj (.text:aligned_alloc)
                  00005b60    000000fc                                   : fd_mul_t2.asm.obj (.text)
                  00005c5c    000000f8                                   : s_ceil.c.obj (.text:ceil)
                  00005d54    000000f8                                   : s_floor.c.obj (.text:floor)
                  00005e4c    000000e4                                   : memory.c.obj (.text:free)
                  00005f30    000000b1                                   : _printfi.c.obj (.text:_ltostr)
                  00005fe1    00000001     --HOLE-- [fill = 0]
                  00005fe2    0000009c                                   : memcpy_t2.asm.obj (.text)
                  0000607e    00000096                                   : ull_div_t2.asm.obj (.text)
                  00006114    00000086                                   : fd_cmp_t2.asm.obj (.text:__aeabi_cdcmple)
                  0000619a    00000086                                   : fd_cmp_t2.asm.obj (.text:__aeabi_cdrcmple)
                  00006220    0000007a                                   : memset_t2.asm.obj (.text)
                  0000629a    00000002     --HOLE-- [fill = 0]
                  0000629c    00000070                                   : memory.c.obj (.text:split)
                  0000630c    0000006e                                   : _printfi.c.obj (.text:_mcpy)
                  0000637a    0000006e                                   : fd_tos_t2.asm.obj (.text)
                  000063e8    00000068                                   : copy_decompress_lzss.c.obj (.text:decompress:lzss:__TI_decompress_lzss)
                  00006450    00000064                                   : s_frexp.c.obj (.text:frexp)
                  000064b4    00000056                                   : _printfi.c.obj (.text:_pconv_f)
                  0000650a    00000054                                   : _ltoa.c.obj (.text:__TI_ltoa)
                  0000655e    00000052                                   : _printfi.c.obj (.text:_ecpy)
                  000065b0    0000004c                                   : atoi.c.obj (.text:atoi)
                  000065fc    00000048                                   : fd_toi_t2.asm.obj (.text)
                  00006644    00000044                                   : autoinit.c.obj (.text:__TI_auto_init_nobinit_nopinit:__TI_auto_init_nobinit_nopinit)
                  00006688    00000040                                   : sprintf.c.obj (.text:sprintf)
                  000066c8    00000040                                   : vsnprintf.c.obj (.text:vsnprintf)
                  00006708    0000003e                                   : _printfi.c.obj (.text:_fcpy)
                  00006746    00000002     --HOLE-- [fill = 0]
                  00006748    00000038                                   : memory.c.obj (.text:calloc)
                  00006780    00000038                                   : fs_tod_t2.asm.obj (.text)
                  000067b8    00000034     driverlib.lib : interrupt.obj (.text:IntRegister)
                  000067ec    00000034     rtsv7M4_T_le_v4SPD16_eabi.lib : boot_cortex_m.c.obj (.text:_c_int00_noargs:_c_int00_noargs)
                  00006820    00000030                                   : vsnprintf.c.obj (.text:_outs)
                  00006850    0000002e                                   : i_tofd_t2.asm.obj (.text)
                  0000687e    00000002     --HOLE-- [fill = 0]
                  00006880    00000028                                   : memory.c.obj (.text:free_list_insert)
                  000068a8    00000028     putty.obj (.text)
                  000068d0    00000020     rtsv7M4_T_le_v4SPD16_eabi.lib : u_tofd_t2.asm.obj (.text)
                  000068f0    0000001c                                   : copy_zero_init.c.obj (.text:decompress:ZI:__TI_zero_init_nomemset:__TI_zero_init_nomemset)
                  0000690c    0000001c                                   : memory.c.obj (.text:free_list_remove)
                  00006928    0000001c                                   : memccpy.c.obj (.text:memccpy)
                  00006944    0000001a                                   : s_copysign.c.obj (.text:copysign)
                  0000695e    00000018                                   : vsnprintf.c.obj (.text:_outc)
                  00006976    00000018                                   : sprintf.c.obj (.text:_outs)
                  0000698e    00000018     open_interface.obj (.text:oi_parseInt)
                  000069a6    00000018     rtsv7M4_T_le_v4SPD16_eabi.lib : strcmp.c.obj (.text:strcmp)
                  000069be    00000016                                   : strchr.c.obj (.text:strchr)
                  000069d4    00000014                                   : strcpy.c.obj (.text:strcpy)
                  000069e8    00000014                                   : strlen.c.obj (.text:strlen)
                  000069fc    00000012                                   : wcslen.c.obj (.text:wcslen)
                  00006a0e    00000010     driverlib.lib : interrupt.obj (.text:IntMasterEnable)
                  00006a1e    00000010     lcd.obj (.text:lcd_clear)
                  00006a2e    0000000e     rtsv7M4_T_le_v4SPD16_eabi.lib : copy_decompress_none.c.obj (.text:decompress:none:__TI_decompress_none)
                  00006a3c    0000000c     driverlib.lib : cpu.obj (.text:CPUcpsie)
                  00006a48    0000000c     tm4c123gh6pm_startup_ccs.obj (.text)
                  00006a54    0000000a     rtsv7M4_T_le_v4SPD16_eabi.lib : sprintf.c.obj (.text:_outc)
                  00006a5e    00000002     --HOLE-- [fill = 0]
                  00006a60    00000008                                   : errno.c.obj (.text:__aeabi_errno_addr)
                  00006a68    00000008                                   : memory.c.obj (.text:malloc)
                  00006a70    00000004                                   : pre_init.c.obj (.text:_system_pre_init)
                  00006a74    00000004                                   : exit.c.obj (.text:abort:abort)

.const     0    00006a78    00000623     
                  00006a78    00000190     scan.obj (.const:$P$T1$2)
                  00006c08    00000158     rtsv7M4_T_le_v4SPD16_eabi.lib : k_rem_pio2.c.obj (.const:$O1$$)
                  00006d60    00000101                                   : ctype.c.obj (.const:.string:_ctypes_)
                  00006e61    00000003     --HOLE-- [fill = 0]
                  00006e64    000000f0     scan.obj (.const:$P$T2$3)
                  00006f54    00000004     lcd.obj (.const:.string:lineAddress$1)
                  00006f58    00000080     rtsv7M4_T_le_v4SPD16_eabi.lib : k_tan.c.obj (.const:xxx)
                  00006fd8    00000030                                   : e_pow.c.obj (.const:$O1$$)
                  00007008    00000010     scan.obj (.const:$P$T0$1)
                  00007018    00000010     taco.obj (.const:.string:$P$T0$1)
                  00007028    00000010     taco.obj (.const:.string:$P$T1$2)
                  00007038    00000010     taco.obj (.const:.string:$P$T2$3)
                  00007048    00000010     taco.obj (.const:.string:$P$T3$4)
                  00007058    00000010     taco.obj (.const:.string:$P$T6$7)
                  00007068    00000010     taco.obj (.const:.string:$P$T7$8)
                  00007078    0000000f     open_interface.obj (.const:.string:$P$T0$3)
                  00007087    00000008     taco.obj (.const:.string:$P$T4$5)
                  0000708f    00000008     taco.obj (.const:.string:$P$T5$6)
                  00007097    00000004     lcd.obj (.const:.string:lineAddresses$2)

.cinit     0    000070a0    00000068     
                  000070a0    00000031     (.cinit..data.load) [load image, compression = lzss]
                  000070d1    00000003     --HOLE-- [fill = 0]
                  000070d4    0000000c     (__TI_handler_table)
                  000070e0    00000008     (.cinit..bss.load) [load image, compression = zero_init]
                  000070e8    00000008     (.cinit..vtable.load) [load image, compression = zero_init]
                  000070f0    00000018     (__TI_cinit_table)

.init_array 
*          0    00000000    00000000     UNINITIALIZED

.vtable    0    20000000    0000026c     UNINITIALIZED
                  20000000    0000026c     driverlib.lib : interrupt.obj (.vtable)

.stack     0    20000270    00001000     UNINITIALIZED
                  20000270    00000004     rtsv7M4_T_le_v4SPD16_eabi.lib : boot_cortex_m.c.obj (.stack)
                  20000274    00000ffc     --HOLE--

.sysmem    0    20001270    00001000     UNINITIALIZED
                  20001270    00000010     rtsv7M4_T_le_v4SPD16_eabi.lib : memory.c.obj (.sysmem)
                  20001280    00000ff0     --HOLE--

.bss       0    20002270    00000070     UNINITIALIZED
                  20002270    00000054     lcd.obj (.bss:lastbuffer$3)
                  200022c4    00000018     open_interface.obj (.bss:firmware$2)
                  200022dc    00000004     (.common:_timeout_ticks)

.data      0    200022e0    00000074     UNINITIALIZED
                  200022e0    00000020     open_interface.obj (.data)
                  20002300    00000018     servo.obj (.data)
                  20002318    00000011     ping.obj (.data)
                  20002329    00000001     Timer.obj (.data)
                  2000232a    00000002     --HOLE--
                  2000232c    00000009     uart-interrupt.obj (.data)
                  20002335    00000003     --HOLE--
                  20002338    00000008     rtsv7M4_T_le_v4SPD16_eabi.lib : _lock.c.obj (.data:$O1$$)
                  20002340    00000008                                   : memory.c.obj (.data:$O1$$)
                  20002348    00000005     taco.obj (.data)
                  2000234d    00000003     --HOLE--
                  20002350    00000004     rtsv7M4_T_le_v4SPD16_eabi.lib : errno.c.obj (.data)

__llvm_prf_cnts 
*          0    20000000    00000000     UNINITIALIZED

MODULE SUMMARY

       Module                         code    ro data   rw data
       ------                         ----    -------   -------
    .\
       open_interface.obj             3128    15        56     
       scan.obj                       1592    656       0      
       movement.obj                   936     0         0      
       lcd.obj                        824     8         84     
       ping.obj                       820     0         17     
       taco.obj                       672     112       5      
       main.obj                       684     0         0      
       tm4c123gh6pm_startup_ccs.obj   12      620       0      
       uart-interrupt.obj             592     0         9      
       Timer.obj                      584     0         5      
       servo.obj                      288     0         24     
       adc.obj                        288     0         0      
       putty.obj                      40      0         0      
    +--+------------------------------+-------+---------+---------+
       Total:                         10460   1411      200    
                                                               
    C:/ti/TivaWare_C_Series-2.2.0.295/driverlib/ccs/Debug/driverlib.lib
       interrupt.obj                  68      0         620    
       cpu.obj                        12      0         0      
    +--+------------------------------+-------+---------+---------+
       Total:                         80      0         620    
                                                               
    C:\ti\ccs1271\ccs\tools\compiler\ti-cgt-arm_20.2.7.LTS\lib\rtsv7M4_T_le_v4SPD16_eabi.lib
       _printfi.c.obj                 4851    0         0      
       e_pow.c.obj                    2512    48        0      
       k_rem_pio2.c.obj               1848    344       0      
       s_tan.c.obj                    1288    0         0      
       k_tan.c.obj                    796     128       0      
       memory.c.obj                   728     0         8      
       fd_add_t2.asm.obj              438     0         0      
       e_sqrt.c.obj                   344     0         0      
       fd_div_t2.asm.obj              310     0         0      
       s_scalbn.c.obj                 272     0         0      
       fd_cmp_t2.asm.obj              268     0         0      
       ctype.c.obj                    0       257       0      
       fd_mul_t2.asm.obj              252     0         0      
       s_ceil.c.obj                   248     0         0      
       s_floor.c.obj                  248     0         0      
       memcpy_t2.asm.obj              156     0         0      
       ull_div_t2.asm.obj             150     0         0      
       vsnprintf.c.obj                136     0         0      
       memset_t2.asm.obj              122     0         0      
       fd_tos_t2.asm.obj              110     0         0      
       copy_decompress_lzss.c.obj     104     0         0      
       s_frexp.c.obj                  100     0         0      
       sprintf.c.obj                  98      0         0      
       _ltoa.c.obj                    84      0         0      
       atoi.c.obj                     76      0         0      
       fd_toi_t2.asm.obj              72      0         0      
       autoinit.c.obj                 68      0         0      
       fs_tod_t2.asm.obj              56      0         0      
       boot_cortex_m.c.obj            52      0         0      
       i_tofd_t2.asm.obj              46      0         0      
       u_tofd_t2.asm.obj              32      0         0      
       copy_zero_init.c.obj           28      0         0      
       memccpy.c.obj                  28      0         0      
       s_copysign.c.obj               26      0         0      
       strcmp.c.obj                   24      0         0      
       strchr.c.obj                   22      0         0      
       strcpy.c.obj                   20      0         0      
       strlen.c.obj                   20      0         0      
       wcslen.c.obj                   18      0         0      
       copy_decompress_none.c.obj     14      0         0      
       errno.c.obj                    8       0         4      
       _lock.c.obj                    2       0         8      
       exit.c.obj                     4       0         0      
       pre_init.c.obj                 4       0         0      
       div0.asm.obj                   2       0         0      
    +--+------------------------------+-------+---------+---------+
       Total:                         16085   777       20     
                                                               
       Heap:                          0       0         4096   
       Stack:                         0       0         4096   
       Linker Generated:              0       101       0      
    +--+------------------------------+-------+---------+---------+
       Grand Total:                   26625   2289      9032   


LINKER GENERATED COPY TABLES

__TI_cinit_table @ 000070f0 records: 3, size/record: 8, table size: 24
	.data: load addr=000070a0, load size=00000031 bytes, run addr=200022e0, run size=00000074 bytes, compression=lzss
	.bss: load addr=000070e0, load size=00000008 bytes, run addr=20002270, run size=00000070 bytes, compression=zero_init
	.vtable: load addr=000070e8, load size=00000008 bytes, run addr=20000000, run size=0000026c bytes, compression=zero_init


LINKER GENERATED HANDLER TABLE

__TI_handler_table @ 000070d4 records: 3, size/record: 4, table size: 12
	index: 0, handler: __TI_zero_init
	index: 1, handler: __TI_decompress_lzss
	index: 2, handler: __TI_decompress_none


GLOBAL SYMBOLS: SORTED ALPHABETICALLY BY Name 

address   name                          
-------   ----                          
00006a75  C$$EXIT                       
00006a3d  CPUcpsie                      
00000bc3  GPIOF_Handler                 
00006a0f  IntMasterEnable               
000067b9  IntRegister                   
00006a49  ResetISR                      
00003a1b  TIMER3B_Handler               
00004b1d  UART1_Handler                 
20001270  __STACK_END                   
00001000  __STACK_SIZE                  
20000470  __STACK_TOP                   
00001000  __SYSMEM_SIZE                 
000070f0  __TI_CINIT_Base               
00007108  __TI_CINIT_Limit              
000070d4  __TI_Handler_Table_Base       
000070e0  __TI_Handler_Table_Limit      
00006645  __TI_auto_init_nobinit_nopinit
000063e9  __TI_decompress_lzss          
00006a2f  __TI_decompress_none          
0000650b  __TI_ltoa                     
ffffffff  __TI_pprof_out_hndl           
00000e8d  __TI_printfi                  
ffffffff  __TI_prof_data_size           
ffffffff  __TI_prof_data_start          
00000000  __TI_static_base__            
000068f1  __TI_zero_init_nomemset       
00006115  __aeabi_cdcmpeq               
00006115  __aeabi_cdcmple               
0000619b  __aeabi_cdrcmple              
0000637b  __aeabi_d2f                   
000065fd  __aeabi_d2iz                  
00005073  __aeabi_dadd                  
000054b5  __aeabi_ddiv                  
00005b61  __aeabi_dmul                  
00005069  __aeabi_dsub                  
00006a61  __aeabi_errno_addr            
00006781  __aeabi_f2d                   
00006851  __aeabi_i2d                   
0000521f  __aeabi_idiv0                 
0000521f  __aeabi_ldiv0                 
00006221  __aeabi_memclr                
00006221  __aeabi_memclr4               
00006221  __aeabi_memclr8               
00005fe3  __aeabi_memcpy                
00005fe3  __aeabi_memcpy4               
00005fe3  __aeabi_memcpy8               
00006223  __aeabi_memset                
00006223  __aeabi_memset4               
00006223  __aeabi_memset8               
000068d1  __aeabi_ui2d                  
0000607f  __aeabi_uldivmod              
ffffffff  __binit__                     
ffffffff  __c_args__                    
000022ad  __kernel_rem_pio2             
00003f29  __kernel_tan                  
UNDEFED   __mpu_init                    
20000270  __stack                       
20000000  __start___llvm_prf_cnts       
20000000  __stop___llvm_prf_cnts        
000067ed  _c_int00_noargs               
00006d60  _ctypes_                      
20002338  _lock                         
000018db  _nop                          
20002329  _running                      
20001270  _sys_memory                   
UNDEFED   _system_post_cinit            
00006a71  _system_pre_init              
200022dc  _timeout_ticks                
2000233c  _unlock                       
00006a75  abort                         
00005711  adc_init                      
000057b7  adc_read                      
00005a61  aligned_alloc                 
000065b1  atoi                          
ffffffff  binit                         
20002314  button                        
00006749  calloc                        
00005c5d  ceil                          
00005c5d  ceill                         
2000232c  command_byte                  
20002330  command_flag                  
00006945  copysign                      
00006945  copysignl                     
2000234c  customerFound                 
2000230c  direction                     
20002350  errno                         
00005d55  floor                         
00005d55  floorl                        
00005e4d  free                          
00006451  frexp                         
00006451  frexpl                        
00002a49  fullScan                      
2000231c  g_end_time                    
20000000  g_pfnRAMVectors               
00000000  g_pfnVectors                  
20002318  g_start_time                  
20002328  g_state                       
000029e5  get_IR_Dist                   
00002a27  get_PING_Dist                 
00002f31  get_avg                       
0000097f  go_charge                     
20002334  input                         
00006a1f  lcd_clear                     
00003dd5  lcd_gotoLine                  
00003c3d  lcd_init                      
00003e3b  lcd_printf                    
00003cfd  lcd_putc                      
00003d35  lcd_puts                      
00003c01  lcd_reverseNibble             
00003d53  lcd_sendCommand               
00003d91  lcd_sendNibble                
00003dfd  lcd_setCursorPos              
00005951  ldexp                         
00005951  ldexpl                        
20002300  leftVal                       
00004245  main                          
00006a69  malloc                        
00005a61  memalign                      
00006929  memccpy                       
00005fe3  memcpy                        
00006229  memset                        
200022e0  motor_cal_factor_L            
200022e4  motor_cal_factor_R            
00003677  move_backward                 
00003525  move_forward                  
20002310  moved                         
20002324  ms_end_time                   
20002320  ms_start_time                 
000045d9  music                         
20002308  newPos                        
0000026d  oi_alloc                      
00000aa9  oi_checkFirmware              
000002c7  oi_close                      
00000279  oi_free                       
00000ded  oi_getMotorCalibrationLeft    
00000e01  oi_getMotorCalibrationRight   
000002b1  oi_init                       
00000289  oi_init_noupdate              
00000915  oi_loadSong                   
0000698f  oi_parseInt                   
0000032b  oi_parsePacket                
0000096b  oi_play_song                  
0000084b  oi_setLeds                    
00000db1  oi_setMotorCalibration        
0000088f  oi_setWheels                  
00000b51  oi_shutoff_init               
0000098d  oi_uartInit                   
00000a31  oi_uartReceive                
00000a77  oi_uartSendBuff               
00000a15  oi_uartSendChar               
00000a59  oi_uartSendStr                
000002d9  oi_update                     
00003a6d  ping_getDistance              
000038cd  ping_init                     
00003993  ping_trigger                  
000018dd  pow                           
000018dd  powl                          
000068a9  printWholeString              
20002304  rightVal                      
00005951  scalbn                        
00005951  scalbnl                       
00005831  servo_init                    
000058d9  servo_move                    
00003869  set_wheels                    
00006689  sprintf                       
00005221  sqrt                          
00005221  sqrtl                         
000069bf  strchr                        
000069a7  strcmp                        
000069d5  strcpy                        
000069e9  strlen                        
000044f1  supplyBot                     
00004517  supplyCustomers               
20002348  tacos                         
0000301d  tan                           
0000301d  tanl                          
00004d6f  timer_getMicros               
00004d17  timer_getMillis               
00004c51  timer_init                    
00004cf3  timer_pause                   
00004d05  timer_resume                  
00004cc9  timer_stop                    
00004dc9  timer_waitMicros              
00004dfb  timer_waitMillis              
000037b1  turn_left                     
00003717  turn_right                    
00004a01  uart_interrupt_init           
00004ad1  uart_receive                  
00004af1  uart_receive_nonblocking      
00004ab5  uart_sendChar                 
00004af7  uart_sendStr                  
000066c9  vsnprintf                     
000069fd  wcslen                        


GLOBAL SYMBOLS: SORTED BY Symbol Address 

address   name                          
-------   ----                          
00000000  __TI_static_base__            
00000000  g_pfnVectors                  
0000026d  oi_alloc                      
00000279  oi_free                       
00000289  oi_init_noupdate              
000002b1  oi_init                       
000002c7  oi_close                      
000002d9  oi_update                     
0000032b  oi_parsePacket                
0000084b  oi_setLeds                    
0000088f  oi_setWheels                  
00000915  oi_loadSong                   
0000096b  oi_play_song                  
0000097f  go_charge                     
0000098d  oi_uartInit                   
00000a15  oi_uartSendChar               
00000a31  oi_uartReceive                
00000a59  oi_uartSendStr                
00000a77  oi_uartSendBuff               
00000aa9  oi_checkFirmware              
00000b51  oi_shutoff_init               
00000bc3  GPIOF_Handler                 
00000db1  oi_setMotorCalibration        
00000ded  oi_getMotorCalibrationLeft    
00000e01  oi_getMotorCalibrationRight   
00000e8d  __TI_printfi                  
00001000  __STACK_SIZE                  
00001000  __SYSMEM_SIZE                 
000018db  _nop                          
000018dd  pow                           
000018dd  powl                          
000022ad  __kernel_rem_pio2             
000029e5  get_IR_Dist                   
00002a27  get_PING_Dist                 
00002a49  fullScan                      
00002f31  get_avg                       
0000301d  tan                           
0000301d  tanl                          
00003525  move_forward                  
00003677  move_backward                 
00003717  turn_right                    
000037b1  turn_left                     
00003869  set_wheels                    
000038cd  ping_init                     
00003993  ping_trigger                  
00003a1b  TIMER3B_Handler               
00003a6d  ping_getDistance              
00003c01  lcd_reverseNibble             
00003c3d  lcd_init                      
00003cfd  lcd_putc                      
00003d35  lcd_puts                      
00003d53  lcd_sendCommand               
00003d91  lcd_sendNibble                
00003dd5  lcd_gotoLine                  
00003dfd  lcd_setCursorPos              
00003e3b  lcd_printf                    
00003f29  __kernel_tan                  
00004245  main                          
000044f1  supplyBot                     
00004517  supplyCustomers               
000045d9  music                         
00004a01  uart_interrupt_init           
00004ab5  uart_sendChar                 
00004ad1  uart_receive                  
00004af1  uart_receive_nonblocking      
00004af7  uart_sendStr                  
00004b1d  UART1_Handler                 
00004c51  timer_init                    
00004cc9  timer_stop                    
00004cf3  timer_pause                   
00004d05  timer_resume                  
00004d17  timer_getMillis               
00004d6f  timer_getMicros               
00004dc9  timer_waitMicros              
00004dfb  timer_waitMillis              
00005069  __aeabi_dsub                  
00005073  __aeabi_dadd                  
0000521f  __aeabi_idiv0                 
0000521f  __aeabi_ldiv0                 
00005221  sqrt                          
00005221  sqrtl                         
000054b5  __aeabi_ddiv                  
00005711  adc_init                      
000057b7  adc_read                      
00005831  servo_init                    
000058d9  servo_move                    
00005951  ldexp                         
00005951  ldexpl                        
00005951  scalbn                        
00005951  scalbnl                       
00005a61  aligned_alloc                 
00005a61  memalign                      
00005b61  __aeabi_dmul                  
00005c5d  ceil                          
00005c5d  ceill                         
00005d55  floor                         
00005d55  floorl                        
00005e4d  free                          
00005fe3  __aeabi_memcpy                
00005fe3  __aeabi_memcpy4               
00005fe3  __aeabi_memcpy8               
00005fe3  memcpy                        
0000607f  __aeabi_uldivmod              
00006115  __aeabi_cdcmpeq               
00006115  __aeabi_cdcmple               
0000619b  __aeabi_cdrcmple              
00006221  __aeabi_memclr                
00006221  __aeabi_memclr4               
00006221  __aeabi_memclr8               
00006223  __aeabi_memset                
00006223  __aeabi_memset4               
00006223  __aeabi_memset8               
00006229  memset                        
0000637b  __aeabi_d2f                   
000063e9  __TI_decompress_lzss          
00006451  frexp                         
00006451  frexpl                        
0000650b  __TI_ltoa                     
000065b1  atoi                          
000065fd  __aeabi_d2iz                  
00006645  __TI_auto_init_nobinit_nopinit
00006689  sprintf                       
000066c9  vsnprintf                     
00006749  calloc                        
00006781  __aeabi_f2d                   
000067b9  IntRegister                   
000067ed  _c_int00_noargs               
00006851  __aeabi_i2d                   
000068a9  printWholeString              
000068d1  __aeabi_ui2d                  
000068f1  __TI_zero_init_nomemset       
00006929  memccpy                       
00006945  copysign                      
00006945  copysignl                     
0000698f  oi_parseInt                   
000069a7  strcmp                        
000069bf  strchr                        
000069d5  strcpy                        
000069e9  strlen                        
000069fd  wcslen                        
00006a0f  IntMasterEnable               
00006a1f  lcd_clear                     
00006a2f  __TI_decompress_none          
00006a3d  CPUcpsie                      
00006a49  ResetISR                      
00006a61  __aeabi_errno_addr            
00006a69  malloc                        
00006a71  _system_pre_init              
00006a75  C$$EXIT                       
00006a75  abort                         
00006d60  _ctypes_                      
000070d4  __TI_Handler_Table_Base       
000070e0  __TI_Handler_Table_Limit      
000070f0  __TI_CINIT_Base               
00007108  __TI_CINIT_Limit              
20000000  __start___llvm_prf_cnts       
20000000  __stop___llvm_prf_cnts        
20000000  g_pfnRAMVectors               
20000270  __stack                       
20000470  __STACK_TOP                   
20001270  __STACK_END                   
20001270  _sys_memory                   
200022dc  _timeout_ticks                
200022e0  motor_cal_factor_L            
200022e4  motor_cal_factor_R            
20002300  leftVal                       
20002304  rightVal                      
20002308  newPos                        
2000230c  direction                     
20002310  moved                         
20002314  button                        
20002318  g_start_time                  
2000231c  g_end_time                    
20002320  ms_start_time                 
20002324  ms_end_time                   
20002328  g_state                       
20002329  _running                      
2000232c  command_byte                  
20002330  command_flag                  
20002334  input                         
20002338  _lock                         
2000233c  _unlock                       
20002348  tacos                         
2000234c  customerFound                 
20002350  errno                         
ffffffff  __TI_pprof_out_hndl           
ffffffff  __TI_prof_data_size           
ffffffff  __TI_prof_data_start          
ffffffff  __binit__                     
ffffffff  __c_args__                    
ffffffff  binit                         
UNDEFED   __mpu_init                    
UNDEFED   _system_post_cinit            

[193 symbols]
