******************************************************************************
                  TI ARM Linker PC v20.2.7                     
******************************************************************************
>> Linked Wed May  7 18:02:24 2025

OUTPUT FILE NAME:   <FINAL.out>
ENTRY POINT SYMBOL: "_c_int00_noargs"  address: 000068b1


MEMORY CONFIGURATION

         name            origin    length      used     unused   attr    fill
----------------------  --------  ---------  --------  --------  ----  --------
  FLASH                 00000000   00040000  000071c7  00038e39  R  X
  SRAM                  20000000   00008000  00002350  00005cb0  RW X


SEGMENT ALLOCATION MAP

run origin  load origin   length   init length attrs members
----------  ----------- ---------- ----------- ----- -------
00000000    00000000    000071d0   000071d0    r-x
  00000000    00000000    0000026c   0000026c    r-- .intvecs
  0000026c    0000026c    000068d0   000068d0    r-x .text
  00006b40    00006b40    00000623   00000623    r-- .const
  00007168    00007168    00000068   00000068    r-- .cinit
20000000    20000000    00002354   00000000    rw-
  20000000    20000000    0000026c   00000000    rw- .vtable
  20000270    20000270    00001000   00000000    rw- .stack
  20001270    20001270    00001000   00000000    rw- .sysmem
  20002270    20002270    00000070   00000000    rw- .bss
  200022e0    200022e0    00000074   00000000    rw- .data


SECTION ALLOCATION MAP

 output                                  attributes/
section   page    origin      length       input sections
--------  ----  ----------  ----------   ----------------
.intvecs   0    00000000    0000026c     
                  00000000    0000026c     tm4c123gh6pm_startup_ccs.obj (.intvecs)

.text      0    0000026c    000068d0     
                  0000026c    00000c20     open_interface.obj (.text)
                  00000e8c    00000a4e     rtsv7M4_T_le_v4SPD16_eabi.lib : _printfi.c.obj (.text:__TI_printfi)
                  000018da    00000002                                   : _lock.c.obj (.text:_nop)
                  000018dc    000009d0                                   : e_pow.c.obj (.text:pow)
                  000022ac    00000738                                   : k_rem_pio2.c.obj (.text:__kernel_rem_pio2)
                  000029e4    00000638     scan.obj (.text)
                  0000301c    00000508     rtsv7M4_T_le_v4SPD16_eabi.lib : s_tan.c.obj (.text:tan)
                  00003524    000003a8     movement.obj (.text)
                  000038cc    00000368     main.obj (.text)
                  00003c34    00000334     ping.obj (.text)
                  00003f68    00000328     lcd.obj (.text)
                  00004290    0000031c     rtsv7M4_T_le_v4SPD16_eabi.lib : k_tan.c.obj (.text:__kernel_tan)
                  000045ac    000002a8     taco.obj (.text)
                  00004854    00000270     rtsv7M4_T_le_v4SPD16_eabi.lib : _printfi.c.obj (.text:_pconv_a)
                  00004ac4    00000250     uart-interrupt.obj (.text)
                  00004d14    00000248     Timer.obj (.text)
                  00004f5c    000001d0     rtsv7M4_T_le_v4SPD16_eabi.lib : _printfi.c.obj (.text:_pconv_g)
                  0000512c    000001b6                                   : fd_add_t2.asm.obj (.text)
                  000052e2    00000002                                   : div0.asm.obj (.text)
                  000052e4    00000158                                   : e_sqrt.c.obj (.text:sqrt)
                  0000543c    0000013c                                   : _printfi.c.obj (.text:_pconv_e)
                  00005578    00000136                                   : fd_div_t2.asm.obj (.text)
                  000056ae    00000002     --HOLE-- [fill = 0]
                  000056b0    00000124                                   : _printfi.c.obj (.text:fcvt)
                  000057d4    00000120     adc.obj (.text)
                  000058f4    00000120     servo.obj (.text)
                  00005a14    00000110     rtsv7M4_T_le_v4SPD16_eabi.lib : s_scalbn.c.obj (.text:scalbn)
                  00005b24    00000100                                   : memory.c.obj (.text:aligned_alloc)
                  00005c24    000000fc                                   : fd_mul_t2.asm.obj (.text)
                  00005d20    000000f8                                   : s_ceil.c.obj (.text:ceil)
                  00005e18    000000f8                                   : s_floor.c.obj (.text:floor)
                  00005f10    000000e4                                   : memory.c.obj (.text:free)
                  00005ff4    000000b1                                   : _printfi.c.obj (.text:_ltostr)
                  000060a5    00000001     --HOLE-- [fill = 0]
                  000060a6    0000009c                                   : memcpy_t2.asm.obj (.text)
                  00006142    00000096                                   : ull_div_t2.asm.obj (.text)
                  000061d8    00000086                                   : fd_cmp_t2.asm.obj (.text:__aeabi_cdcmple)
                  0000625e    00000086                                   : fd_cmp_t2.asm.obj (.text:__aeabi_cdrcmple)
                  000062e4    0000007a                                   : memset_t2.asm.obj (.text)
                  0000635e    00000002     --HOLE-- [fill = 0]
                  00006360    00000070                                   : memory.c.obj (.text:split)
                  000063d0    0000006e                                   : _printfi.c.obj (.text:_mcpy)
                  0000643e    0000006e                                   : fd_tos_t2.asm.obj (.text)
                  000064ac    00000068                                   : copy_decompress_lzss.c.obj (.text:decompress:lzss:__TI_decompress_lzss)
                  00006514    00000064                                   : s_frexp.c.obj (.text:frexp)
                  00006578    00000056                                   : _printfi.c.obj (.text:_pconv_f)
                  000065ce    00000054                                   : _ltoa.c.obj (.text:__TI_ltoa)
                  00006622    00000052                                   : _printfi.c.obj (.text:_ecpy)
                  00006674    0000004c                                   : atoi.c.obj (.text:atoi)
                  000066c0    00000048                                   : fd_toi_t2.asm.obj (.text)
                  00006708    00000044                                   : autoinit.c.obj (.text:__TI_auto_init_nobinit_nopinit:__TI_auto_init_nobinit_nopinit)
                  0000674c    00000040                                   : sprintf.c.obj (.text:sprintf)
                  0000678c    00000040                                   : vsnprintf.c.obj (.text:vsnprintf)
                  000067cc    0000003e                                   : _printfi.c.obj (.text:_fcpy)
                  0000680a    00000002     --HOLE-- [fill = 0]
                  0000680c    00000038                                   : memory.c.obj (.text:calloc)
                  00006844    00000038                                   : fs_tod_t2.asm.obj (.text)
                  0000687c    00000034     driverlib.lib : interrupt.obj (.text:IntRegister)
                  000068b0    00000034     rtsv7M4_T_le_v4SPD16_eabi.lib : boot_cortex_m.c.obj (.text:_c_int00_noargs:_c_int00_noargs)
                  000068e4    00000030                                   : vsnprintf.c.obj (.text:_outs)
                  00006914    0000002e                                   : i_tofd_t2.asm.obj (.text)
                  00006942    00000002     --HOLE-- [fill = 0]
                  00006944    00000028                                   : memory.c.obj (.text:free_list_insert)
                  0000696c    00000028     putty.obj (.text)
                  00006994    00000020     rtsv7M4_T_le_v4SPD16_eabi.lib : u_tofd_t2.asm.obj (.text)
                  000069b4    0000001c                                   : copy_zero_init.c.obj (.text:decompress:ZI:__TI_zero_init_nomemset:__TI_zero_init_nomemset)
                  000069d0    0000001c                                   : memory.c.obj (.text:free_list_remove)
                  000069ec    0000001c                                   : memccpy.c.obj (.text:memccpy)
                  00006a08    0000001a                                   : s_copysign.c.obj (.text:copysign)
                  00006a22    00000018                                   : vsnprintf.c.obj (.text:_outc)
                  00006a3a    00000018                                   : sprintf.c.obj (.text:_outs)
                  00006a52    00000018     open_interface.obj (.text:oi_parseInt)
                  00006a6a    00000018     rtsv7M4_T_le_v4SPD16_eabi.lib : strcmp.c.obj (.text:strcmp)
                  00006a82    00000016                                   : strchr.c.obj (.text:strchr)
                  00006a98    00000014                                   : strcpy.c.obj (.text:strcpy)
                  00006aac    00000014                                   : strlen.c.obj (.text:strlen)
                  00006ac0    00000012                                   : wcslen.c.obj (.text:wcslen)
                  00006ad2    00000010     driverlib.lib : interrupt.obj (.text:IntMasterEnable)
                  00006ae2    00000010     lcd.obj (.text:lcd_clear)
                  00006af2    0000000e     rtsv7M4_T_le_v4SPD16_eabi.lib : copy_decompress_none.c.obj (.text:decompress:none:__TI_decompress_none)
                  00006b00    0000000c     driverlib.lib : cpu.obj (.text:CPUcpsie)
                  00006b0c    0000000c     tm4c123gh6pm_startup_ccs.obj (.text)
                  00006b18    0000000a     rtsv7M4_T_le_v4SPD16_eabi.lib : sprintf.c.obj (.text:_outc)
                  00006b22    00000002     --HOLE-- [fill = 0]
                  00006b24    00000008                                   : errno.c.obj (.text:__aeabi_errno_addr)
                  00006b2c    00000008                                   : memory.c.obj (.text:malloc)
                  00006b34    00000004                                   : pre_init.c.obj (.text:_system_pre_init)
                  00006b38    00000004                                   : exit.c.obj (.text:abort:abort)

.const     0    00006b40    00000623     
                  00006b40    00000190     scan.obj (.const:$P$T1$2)
                  00006cd0    00000158     rtsv7M4_T_le_v4SPD16_eabi.lib : k_rem_pio2.c.obj (.const:$O1$$)
                  00006e28    00000101                                   : ctype.c.obj (.const:.string:_ctypes_)
                  00006f29    00000003     --HOLE-- [fill = 0]
                  00006f2c    000000f0     scan.obj (.const:$P$T2$3)
                  0000701c    00000004     lcd.obj (.const:.string:lineAddress$1)
                  00007020    00000080     rtsv7M4_T_le_v4SPD16_eabi.lib : k_tan.c.obj (.const:xxx)
                  000070a0    00000030                                   : e_pow.c.obj (.const:$O1$$)
                  000070d0    00000010     scan.obj (.const:$P$T0$1)
                  000070e0    00000010     taco.obj (.const:.string:$P$T0$1)
                  000070f0    00000010     taco.obj (.const:.string:$P$T1$2)
                  00007100    00000010     taco.obj (.const:.string:$P$T2$3)
                  00007110    00000010     taco.obj (.const:.string:$P$T3$4)
                  00007120    00000010     taco.obj (.const:.string:$P$T6$7)
                  00007130    00000010     taco.obj (.const:.string:$P$T7$8)
                  00007140    0000000f     open_interface.obj (.const:.string:$P$T0$3)
                  0000714f    00000008     taco.obj (.const:.string:$P$T4$5)
                  00007157    00000008     taco.obj (.const:.string:$P$T5$6)
                  0000715f    00000004     lcd.obj (.const:.string:lineAddresses$2)

.cinit     0    00007168    00000068     
                  00007168    00000031     (.cinit..data.load) [load image, compression = lzss]
                  00007199    00000003     --HOLE-- [fill = 0]
                  0000719c    0000000c     (__TI_handler_table)
                  000071a8    00000008     (.cinit..bss.load) [load image, compression = zero_init]
                  000071b0    00000008     (.cinit..vtable.load) [load image, compression = zero_init]
                  000071b8    00000018     (__TI_cinit_table)

.init_array 
*          0    00000000    00000000     UNINITIALIZED

.vtable    0    20000000    0000026c     UNINITIALIZED
                  20000000    0000026c     driverlib.lib : interrupt.obj (.vtable)

.stack     0    20000270    00001000     UNINITIALIZED
                  20000270    00000004     rtsv7M4_T_le_v4SPD16_eabi.lib : boot_cortex_m.c.obj (.stack)
                  20000274    00000ffc     --HOLE--

.sysmem    0    20001270    00001000     UNINITIALIZED
                  20001270    00000010     rtsv7M4_T_le_v4SPD16_eabi.lib : memory.c.obj (.sysmem)
                  20001280    00000ff0     --HOLE--

.bss       0    20002270    00000070     UNINITIALIZED
                  20002270    00000054     lcd.obj (.bss:lastbuffer$3)
                  200022c4    00000018     open_interface.obj (.bss:firmware$2)
                  200022dc    00000004     (.common:_timeout_ticks)

.data      0    200022e0    00000074     UNINITIALIZED
                  200022e0    00000020     open_interface.obj (.data)
                  20002300    00000018     servo.obj (.data)
                  20002318    00000011     ping.obj (.data)
                  20002329    00000001     Timer.obj (.data)
                  2000232a    00000002     --HOLE--
                  2000232c    00000009     uart-interrupt.obj (.data)
                  20002335    00000003     --HOLE--
                  20002338    00000008     rtsv7M4_T_le_v4SPD16_eabi.lib : _lock.c.obj (.data:$O1$$)
                  20002340    00000008                                   : memory.c.obj (.data:$O1$$)
                  20002348    00000005     taco.obj (.data)
                  2000234d    00000003     --HOLE--
                  20002350    00000004     rtsv7M4_T_le_v4SPD16_eabi.lib : errno.c.obj (.data)

__llvm_prf_cnts 
*          0    20000000    00000000     UNINITIALIZED

MODULE SUMMARY

       Module                         code    ro data   rw data
       ------                         ----    -------   -------
    .\
       open_interface.obj             3128    15        56     
       scan.obj                       1592    656       0      
       movement.obj                   936     0         0      
       lcd.obj                        824     8         84     
       main.obj                       872     0         0      
       ping.obj                       820     0         17     
       taco.obj                       680     112       5      
       tm4c123gh6pm_startup_ccs.obj   12      620       0      
       uart-interrupt.obj             592     0         9      
       Timer.obj                      584     0         5      
       servo.obj                      288     0         24     
       adc.obj                        288     0         0      
       putty.obj                      40      0         0      
    +--+------------------------------+-------+---------+---------+
       Total:                         10656   1411      200    
                                                               
    C:/ti/TivaWare_C_Series-2.2.0.295/driverlib/ccs/Debug/driverlib.lib
       interrupt.obj                  68      0         620    
       cpu.obj                        12      0         0      
    +--+------------------------------+-------+---------+---------+
       Total:                         80      0         620    
                                                               
    C:\ti\ccs1271\ccs\tools\compiler\ti-cgt-arm_20.2.7.LTS\lib\rtsv7M4_T_le_v4SPD16_eabi.lib
       _printfi.c.obj                 4851    0         0      
       e_pow.c.obj                    2512    48        0      
       k_rem_pio2.c.obj               1848    344       0      
       s_tan.c.obj                    1288    0         0      
       k_tan.c.obj                    796     128       0      
       memory.c.obj                   728     0         8      
       fd_add_t2.asm.obj              438     0         0      
       e_sqrt.c.obj                   344     0         0      
       fd_div_t2.asm.obj              310     0         0      
       s_scalbn.c.obj                 272     0         0      
       fd_cmp_t2.asm.obj              268     0         0      
       ctype.c.obj                    0       257       0      
       fd_mul_t2.asm.obj              252     0         0      
       s_ceil.c.obj                   248     0         0      
       s_floor.c.obj                  248     0         0      
       memcpy_t2.asm.obj              156     0         0      
       ull_div_t2.asm.obj             150     0         0      
       vsnprintf.c.obj                136     0         0      
       memset_t2.asm.obj              122     0         0      
       fd_tos_t2.asm.obj              110     0         0      
       copy_decompress_lzss.c.obj     104     0         0      
       s_frexp.c.obj                  100     0         0      
       sprintf.c.obj                  98      0         0      
       _ltoa.c.obj                    84      0         0      
       atoi.c.obj                     76      0         0      
       fd_toi_t2.asm.obj              72      0         0      
       autoinit.c.obj                 68      0         0      
       fs_tod_t2.asm.obj              56      0         0      
       boot_cortex_m.c.obj            52      0         0      
       i_tofd_t2.asm.obj              46      0         0      
       u_tofd_t2.asm.obj              32      0         0      
       copy_zero_init.c.obj           28      0         0      
       memccpy.c.obj                  28      0         0      
       s_copysign.c.obj               26      0         0      
       strcmp.c.obj                   24      0         0      
       strchr.c.obj                   22      0         0      
       strcpy.c.obj                   20      0         0      
       strlen.c.obj                   20      0         0      
       wcslen.c.obj                   18      0         0      
       copy_decompress_none.c.obj     14      0         0      
       errno.c.obj                    8       0         4      
       _lock.c.obj                    2       0         8      
       exit.c.obj                     4       0         0      
       pre_init.c.obj                 4       0         0      
       div0.asm.obj                   2       0         0      
    +--+------------------------------+-------+---------+---------+
       Total:                         16085   777       20     
                                                               
       Heap:                          0       0         4096   
       Stack:                         0       0         4096   
       Linker Generated:              0       101       0      
    +--+------------------------------+-------+---------+---------+
       Grand Total:                   26821   2289      9032   


LINKER GENERATED COPY TABLES

__TI_cinit_table @ 000071b8 records: 3, size/record: 8, table size: 24
	.data: load addr=00007168, load size=00000031 bytes, run addr=200022e0, run size=00000074 bytes, compression=lzss
	.bss: load addr=000071a8, load size=00000008 bytes, run addr=20002270, run size=00000070 bytes, compression=zero_init
	.vtable: load addr=000071b0, load size=00000008 bytes, run addr=20000000, run size=0000026c bytes, compression=zero_init


LINKER GENERATED HANDLER TABLE

__TI_handler_table @ 0000719c records: 3, size/record: 4, table size: 12
	index: 0, handler: __TI_zero_init
	index: 1, handler: __TI_decompress_lzss
	index: 2, handler: __TI_decompress_none


GLOBAL SYMBOLS: SORTED ALPHABETICALLY BY Name 

address   name                          
-------   ----                          
00006b39  C$$EXIT                       
00006b01  CPUcpsie                      
00000bc3  GPIOF_Handler                 
00006ad3  IntMasterEnable               
0000687d  IntRegister                   
00006b0d  ResetISR                      
00003d83  TIMER3B_Handler               
00004be1  UART1_Handler                 
20001270  __STACK_END                   
00001000  __STACK_SIZE                  
20000470  __STACK_TOP                   
00001000  __SYSMEM_SIZE                 
000071b8  __TI_CINIT_Base               
000071d0  __TI_CINIT_Limit              
0000719c  __TI_Handler_Table_Base       
000071a8  __TI_Handler_Table_Limit      
00006709  __TI_auto_init_nobinit_nopinit
000064ad  __TI_decompress_lzss          
00006af3  __TI_decompress_none          
000065cf  __TI_ltoa                     
ffffffff  __TI_pprof_out_hndl           
00000e8d  __TI_printfi                  
ffffffff  __TI_prof_data_size           
ffffffff  __TI_prof_data_start          
00000000  __TI_static_base__            
000069b5  __TI_zero_init_nomemset       
000061d9  __aeabi_cdcmpeq               
000061d9  __aeabi_cdcmple               
0000625f  __aeabi_cdrcmple              
0000643f  __aeabi_d2f                   
000066c1  __aeabi_d2iz                  
00005137  __aeabi_dadd                  
00005579  __aeabi_ddiv                  
00005c25  __aeabi_dmul                  
0000512d  __aeabi_dsub                  
00006b25  __aeabi_errno_addr            
00006845  __aeabi_f2d                   
00006915  __aeabi_i2d                   
000052e3  __aeabi_idiv0                 
000052e3  __aeabi_ldiv0                 
000062e5  __aeabi_memclr                
000062e5  __aeabi_memclr4               
000062e5  __aeabi_memclr8               
000060a7  __aeabi_memcpy                
000060a7  __aeabi_memcpy4               
000060a7  __aeabi_memcpy8               
000062e7  __aeabi_memset                
000062e7  __aeabi_memset4               
000062e7  __aeabi_memset8               
00006995  __aeabi_ui2d                  
00006143  __aeabi_uldivmod              
ffffffff  __binit__                     
ffffffff  __c_args__                    
000022ad  __kernel_rem_pio2             
00004291  __kernel_tan                  
UNDEFED   __mpu_init                    
20000270  __stack                       
20000000  __start___llvm_prf_cnts       
20000000  __stop___llvm_prf_cnts        
000068b1  _c_int00_noargs               
00006e28  _ctypes_                      
20002338  _lock                         
000018db  _nop                          
20002329  _running                      
20001270  _sys_memory                   
UNDEFED   _system_post_cinit            
00006b35  _system_pre_init              
200022dc  _timeout_ticks                
2000233c  _unlock                       
00006b39  abort                         
000057d5  adc_init                      
0000587b  adc_read                      
00005b25  aligned_alloc                 
00006675  atoi                          
ffffffff  binit                         
20002314  button                        
0000680d  calloc                        
00005d21  ceil                          
00005d21  ceill                         
2000232c  command_byte                  
20002330  command_flag                  
00006a09  copysign                      
00006a09  copysignl                     
2000234c  customerFound                 
2000230c  direction                     
20002350  errno                         
00005e19  floor                         
00005e19  floorl                        
00005f11  free                          
00006515  frexp                         
00006515  frexpl                        
00002a49  fullScan                      
2000231c  g_end_time                    
20000000  g_pfnRAMVectors               
00000000  g_pfnVectors                  
20002318  g_start_time                  
20002328  g_state                       
000029e5  get_IR_Dist                   
00002a27  get_PING_Dist                 
00002f31  get_avg                       
0000097f  go_charge                     
20002334  input                         
00006ae3  lcd_clear                     
0000413d  lcd_gotoLine                  
00003fa5  lcd_init                      
000041a3  lcd_printf                    
00004065  lcd_putc                      
0000409d  lcd_puts                      
00003f69  lcd_reverseNibble             
000040bb  lcd_sendCommand               
000040f9  lcd_sendNibble                
00004165  lcd_setCursorPos              
00005a15  ldexp                         
00005a15  ldexpl                        
20002300  leftVal                       
000038cd  main                          
00006b2d  malloc                        
00005b25  memalign                      
000069ed  memccpy                       
000060a7  memcpy                        
000062ed  memset                        
200022e0  motor_cal_factor_L            
200022e4  motor_cal_factor_R            
00003677  move_backward                 
00003525  move_forward                  
20002310  moved                         
20002324  ms_end_time                   
20002320  ms_start_time                 
0000469d  music                         
20002308  newPos                        
0000026d  oi_alloc                      
00000aa9  oi_checkFirmware              
000002c7  oi_close                      
00000279  oi_free                       
00000ded  oi_getMotorCalibrationLeft    
00000e01  oi_getMotorCalibrationRight   
000002b1  oi_init                       
00000289  oi_init_noupdate              
00000915  oi_loadSong                   
00006a53  oi_parseInt                   
0000032b  oi_parsePacket                
0000096b  oi_play_song                  
0000084b  oi_setLeds                    
00000db1  oi_setMotorCalibration        
0000088f  oi_setWheels                  
00000b51  oi_shutoff_init               
0000098d  oi_uartInit                   
00000a31  oi_uartReceive                
00000a77  oi_uartSendBuff               
00000a15  oi_uartSendChar               
00000a59  oi_uartSendStr                
000002d9  oi_update                     
00003dd5  ping_getDistance              
00003c35  ping_init                     
00003cfb  ping_trigger                  
000018dd  pow                           
000018dd  powl                          
0000696d  printWholeString              
20002304  rightVal                      
00005a15  scalbn                        
00005a15  scalbnl                       
000058f5  servo_init                    
0000599d  servo_move                    
00003869  set_wheels                    
0000674d  sprintf                       
000052e5  sqrt                          
000052e5  sqrtl                         
00006a83  strchr                        
00006a6b  strcmp                        
00006a99  strcpy                        
00006aad  strlen                        
000045ad  supplyBot                     
000045d3  supplyCustomers               
20002348  tacos                         
0000301d  tan                           
0000301d  tanl                          
00004e33  timer_getMicros               
00004ddb  timer_getMillis               
00004d15  timer_init                    
00004db7  timer_pause                   
00004dc9  timer_resume                  
00004d8d  timer_stop                    
00004e8d  timer_waitMicros              
00004ebf  timer_waitMillis              
000037b1  turn_left                     
00003717  turn_right                    
00004ac5  uart_interrupt_init           
00004b95  uart_receive                  
00004bb5  uart_receive_nonblocking      
00004b79  uart_sendChar                 
00004bbb  uart_sendStr                  
0000678d  vsnprintf                     
00006ac1  wcslen                        


GLOBAL SYMBOLS: SORTED BY Symbol Address 

address   name                          
-------   ----                          
00000000  __TI_static_base__            
00000000  g_pfnVectors                  
0000026d  oi_alloc                      
00000279  oi_free                       
00000289  oi_init_noupdate              
000002b1  oi_init                       
000002c7  oi_close                      
000002d9  oi_update                     
0000032b  oi_parsePacket                
0000084b  oi_setLeds                    
0000088f  oi_setWheels                  
00000915  oi_loadSong                   
0000096b  oi_play_song                  
0000097f  go_charge                     
0000098d  oi_uartInit                   
00000a15  oi_uartSendChar               
00000a31  oi_uartReceive                
00000a59  oi_uartSendStr                
00000a77  oi_uartSendBuff               
00000aa9  oi_checkFirmware              
00000b51  oi_shutoff_init               
00000bc3  GPIOF_Handler                 
00000db1  oi_setMotorCalibration        
00000ded  oi_getMotorCalibrationLeft    
00000e01  oi_getMotorCalibrationRight   
00000e8d  __TI_printfi                  
00001000  __STACK_SIZE                  
00001000  __SYSMEM_SIZE                 
000018db  _nop                          
000018dd  pow                           
000018dd  powl                          
000022ad  __kernel_rem_pio2             
000029e5  get_IR_Dist                   
00002a27  get_PING_Dist                 
00002a49  fullScan                      
00002f31  get_avg                       
0000301d  tan                           
0000301d  tanl                          
00003525  move_forward                  
00003677  move_backward                 
00003717  turn_right                    
000037b1  turn_left                     
00003869  set_wheels                    
000038cd  main                          
00003c35  ping_init                     
00003cfb  ping_trigger                  
00003d83  TIMER3B_Handler               
00003dd5  ping_getDistance              
00003f69  lcd_reverseNibble             
00003fa5  lcd_init                      
00004065  lcd_putc                      
0000409d  lcd_puts                      
000040bb  lcd_sendCommand               
000040f9  lcd_sendNibble                
0000413d  lcd_gotoLine                  
00004165  lcd_setCursorPos              
000041a3  lcd_printf                    
00004291  __kernel_tan                  
000045ad  supplyBot                     
000045d3  supplyCustomers               
0000469d  music                         
00004ac5  uart_interrupt_init           
00004b79  uart_sendChar                 
00004b95  uart_receive                  
00004bb5  uart_receive_nonblocking      
00004bbb  uart_sendStr                  
00004be1  UART1_Handler                 
00004d15  timer_init                    
00004d8d  timer_stop                    
00004db7  timer_pause                   
00004dc9  timer_resume                  
00004ddb  timer_getMillis               
00004e33  timer_getMicros               
00004e8d  timer_waitMicros              
00004ebf  timer_waitMillis              
0000512d  __aeabi_dsub                  
00005137  __aeabi_dadd                  
000052e3  __aeabi_idiv0                 
000052e3  __aeabi_ldiv0                 
000052e5  sqrt                          
000052e5  sqrtl                         
00005579  __aeabi_ddiv                  
000057d5  adc_init                      
0000587b  adc_read                      
000058f5  servo_init                    
0000599d  servo_move                    
00005a15  ldexp                         
00005a15  ldexpl                        
00005a15  scalbn                        
00005a15  scalbnl                       
00005b25  aligned_alloc                 
00005b25  memalign                      
00005c25  __aeabi_dmul                  
00005d21  ceil                          
00005d21  ceill                         
00005e19  floor                         
00005e19  floorl                        
00005f11  free                          
000060a7  __aeabi_memcpy                
000060a7  __aeabi_memcpy4               
000060a7  __aeabi_memcpy8               
000060a7  memcpy                        
00006143  __aeabi_uldivmod              
000061d9  __aeabi_cdcmpeq               
000061d9  __aeabi_cdcmple               
0000625f  __aeabi_cdrcmple              
000062e5  __aeabi_memclr                
000062e5  __aeabi_memclr4               
000062e5  __aeabi_memclr8               
000062e7  __aeabi_memset                
000062e7  __aeabi_memset4               
000062e7  __aeabi_memset8               
000062ed  memset                        
0000643f  __aeabi_d2f                   
000064ad  __TI_decompress_lzss          
00006515  frexp                         
00006515  frexpl                        
000065cf  __TI_ltoa                     
00006675  atoi                          
000066c1  __aeabi_d2iz                  
00006709  __TI_auto_init_nobinit_nopinit
0000674d  sprintf                       
0000678d  vsnprintf                     
0000680d  calloc                        
00006845  __aeabi_f2d                   
0000687d  IntRegister                   
000068b1  _c_int00_noargs               
00006915  __aeabi_i2d                   
0000696d  printWholeString              
00006995  __aeabi_ui2d                  
000069b5  __TI_zero_init_nomemset       
000069ed  memccpy                       
00006a09  copysign                      
00006a09  copysignl                     
00006a53  oi_parseInt                   
00006a6b  strcmp                        
00006a83  strchr                        
00006a99  strcpy                        
00006aad  strlen                        
00006ac1  wcslen                        
00006ad3  IntMasterEnable               
00006ae3  lcd_clear                     
00006af3  __TI_decompress_none          
00006b01  CPUcpsie                      
00006b0d  ResetISR                      
00006b25  __aeabi_errno_addr            
00006b2d  malloc                        
00006b35  _system_pre_init              
00006b39  C$$EXIT                       
00006b39  abort                         
00006e28  _ctypes_                      
0000719c  __TI_Handler_Table_Base       
000071a8  __TI_Handler_Table_Limit      
000071b8  __TI_CINIT_Base               
000071d0  __TI_CINIT_Limit              
20000000  __start___llvm_prf_cnts       
20000000  __stop___llvm_prf_cnts        
20000000  g_pfnRAMVectors               
20000270  __stack                       
20000470  __STACK_TOP                   
20001270  __STACK_END                   
20001270  _sys_memory                   
200022dc  _timeout_ticks                
200022e0  motor_cal_factor_L            
200022e4  motor_cal_factor_R            
20002300  leftVal                       
20002304  rightVal                      
20002308  newPos                        
2000230c  direction                     
20002310  moved                         
20002314  button                        
20002318  g_start_time                  
2000231c  g_end_time                    
20002320  ms_start_time                 
20002324  ms_end_time                   
20002328  g_state                       
20002329  _running                      
2000232c  command_byte                  
20002330  command_flag                  
20002334  input                         
20002338  _lock                         
2000233c  _unlock                       
20002348  tacos                         
2000234c  customerFound                 
20002350  errno                         
ffffffff  __TI_pprof_out_hndl           
ffffffff  __TI_prof_data_size           
ffffffff  __TI_prof_data_start          
ffffffff  __binit__                     
ffffffff  __c_args__                    
ffffffff  binit                         
UNDEFED   __mpu_init                    
UNDEFED   _system_post_cinit            

[193 symbols]
