<?xml version="1.0" encoding="ISO-8859-1" ?>
<link_info>
   <banner>TI ARM Linker PC v20.2.7.LTS</banner>
   <copyright>Copyright (c) 1996-2018 Texas Instruments Incorporated</copyright>
   <link_time>0x681845c0</link_time>
   <link_errors>0x0</link_errors>
   <output_file>FINAL.out</output_file>
   <entry_point>
      <name>_c_int00_noargs</name>
      <address>0x5131</address>
   </entry_point>
   <input_file_list>
      <input_file id="fl-2">
         <path>.\</path>
         <kind>object</kind>
         <file>Timer.obj</file>
         <name>Timer.obj</name>
      </input_file>
      <input_file id="fl-3">
         <path>.\</path>
         <kind>object</kind>
         <file>adc.obj</file>
         <name>adc.obj</name>
      </input_file>
      <input_file id="fl-4">
         <path>.\</path>
         <kind>object</kind>
         <file>button.obj</file>
         <name>button.obj</name>
      </input_file>
      <input_file id="fl-5">
         <path>.\</path>
         <kind>object</kind>
         <file>lcd.obj</file>
         <name>lcd.obj</name>
      </input_file>
      <input_file id="fl-6">
         <path>.\</path>
         <kind>object</kind>
         <file>main.obj</file>
         <name>main.obj</name>
      </input_file>
      <input_file id="fl-7">
         <path>.\</path>
         <kind>object</kind>
         <file>movement.obj</file>
         <name>movement.obj</name>
      </input_file>
      <input_file id="fl-8">
         <path>.\</path>
         <kind>object</kind>
         <file>open_interface.obj</file>
         <name>open_interface.obj</name>
      </input_file>
      <input_file id="fl-9">
         <path>.\</path>
         <kind>object</kind>
         <file>ping.obj</file>
         <name>ping.obj</name>
      </input_file>
      <input_file id="fl-a">
         <path>.\</path>
         <kind>object</kind>
         <file>putty.obj</file>
         <name>putty.obj</name>
      </input_file>
      <input_file id="fl-b">
         <path>.\</path>
         <kind>object</kind>
         <file>scan.obj</file>
         <name>scan.obj</name>
      </input_file>
      <input_file id="fl-c">
         <path>.\</path>
         <kind>object</kind>
         <file>servo.obj</file>
         <name>servo.obj</name>
      </input_file>
      <input_file id="fl-d">
         <path>.\</path>
         <kind>object</kind>
         <file>taco.obj</file>
         <name>taco.obj</name>
      </input_file>
      <input_file id="fl-e">
         <path>.\</path>
         <kind>object</kind>
         <file>tm4c123gh6pm_startup_ccs.obj</file>
         <name>tm4c123gh6pm_startup_ccs.obj</name>
      </input_file>
      <input_file id="fl-f">
         <path>.\</path>
         <kind>object</kind>
         <file>uart-interrupt.obj</file>
         <name>uart-interrupt.obj</name>
      </input_file>
      <input_file id="fl-14">
         <kind>object</kind>
         <file>&lt;internal&gt;</file>
         <name>&lt;internal&gt;</name>
      </input_file>
      <input_file id="fl-ca">
         <path>C:\ti\ccs1271\ccs\tools\compiler\ti-cgt-arm_20.2.7.LTS\lib\</path>
         <kind>archive</kind>
         <file>rtsv7M4_T_le_v4SPD16_eabi.lib</file>
         <name>e_pow.c.obj</name>
      </input_file>
      <input_file id="fl-cb">
         <path>C:\ti\ccs1271\ccs\tools\compiler\ti-cgt-arm_20.2.7.LTS\lib\</path>
         <kind>archive</kind>
         <file>rtsv7M4_T_le_v4SPD16_eabi.lib</file>
         <name>e_sqrt.c.obj</name>
      </input_file>
      <input_file id="fl-cc">
         <path>C:\ti\ccs1271\ccs\tools\compiler\ti-cgt-arm_20.2.7.LTS\lib\</path>
         <kind>archive</kind>
         <file>rtsv7M4_T_le_v4SPD16_eabi.lib</file>
         <name>s_scalbn.c.obj</name>
      </input_file>
      <input_file id="fl-cd">
         <path>C:\ti\ccs1271\ccs\tools\compiler\ti-cgt-arm_20.2.7.LTS\lib\</path>
         <kind>archive</kind>
         <file>rtsv7M4_T_le_v4SPD16_eabi.lib</file>
         <name>sprintf.c.obj</name>
      </input_file>
      <input_file id="fl-ce">
         <path>C:\ti\ccs1271\ccs\tools\compiler\ti-cgt-arm_20.2.7.LTS\lib\</path>
         <kind>archive</kind>
         <file>rtsv7M4_T_le_v4SPD16_eabi.lib</file>
         <name>vsnprintf.c.obj</name>
      </input_file>
      <input_file id="fl-cf">
         <path>C:\ti\ccs1271\ccs\tools\compiler\ti-cgt-arm_20.2.7.LTS\lib\</path>
         <kind>archive</kind>
         <file>rtsv7M4_T_le_v4SPD16_eabi.lib</file>
         <name>fd_add_t2.asm.obj</name>
      </input_file>
      <input_file id="fl-d0">
         <path>C:\ti\ccs1271\ccs\tools\compiler\ti-cgt-arm_20.2.7.LTS\lib\</path>
         <kind>archive</kind>
         <file>rtsv7M4_T_le_v4SPD16_eabi.lib</file>
         <name>fd_cmp_t2.asm.obj</name>
      </input_file>
      <input_file id="fl-d1">
         <path>C:\ti\ccs1271\ccs\tools\compiler\ti-cgt-arm_20.2.7.LTS\lib\</path>
         <kind>archive</kind>
         <file>rtsv7M4_T_le_v4SPD16_eabi.lib</file>
         <name>fd_div_t2.asm.obj</name>
      </input_file>
      <input_file id="fl-d2">
         <path>C:\ti\ccs1271\ccs\tools\compiler\ti-cgt-arm_20.2.7.LTS\lib\</path>
         <kind>archive</kind>
         <file>rtsv7M4_T_le_v4SPD16_eabi.lib</file>
         <name>fd_mul_t2.asm.obj</name>
      </input_file>
      <input_file id="fl-d3">
         <path>C:\ti\ccs1271\ccs\tools\compiler\ti-cgt-arm_20.2.7.LTS\lib\</path>
         <kind>archive</kind>
         <file>rtsv7M4_T_le_v4SPD16_eabi.lib</file>
         <name>fd_toi_t2.asm.obj</name>
      </input_file>
      <input_file id="fl-d4">
         <path>C:\ti\ccs1271\ccs\tools\compiler\ti-cgt-arm_20.2.7.LTS\lib\</path>
         <kind>archive</kind>
         <file>rtsv7M4_T_le_v4SPD16_eabi.lib</file>
         <name>fd_tos_t2.asm.obj</name>
      </input_file>
      <input_file id="fl-d5">
         <path>C:\ti\ccs1271\ccs\tools\compiler\ti-cgt-arm_20.2.7.LTS\lib\</path>
         <kind>archive</kind>
         <file>rtsv7M4_T_le_v4SPD16_eabi.lib</file>
         <name>fs_tod_t2.asm.obj</name>
      </input_file>
      <input_file id="fl-d6">
         <path>C:\ti\ccs1271\ccs\tools\compiler\ti-cgt-arm_20.2.7.LTS\lib\</path>
         <kind>archive</kind>
         <file>rtsv7M4_T_le_v4SPD16_eabi.lib</file>
         <name>i_tofd_t2.asm.obj</name>
      </input_file>
      <input_file id="fl-d7">
         <path>C:\ti\ccs1271\ccs\tools\compiler\ti-cgt-arm_20.2.7.LTS\lib\</path>
         <kind>archive</kind>
         <file>rtsv7M4_T_le_v4SPD16_eabi.lib</file>
         <name>memcpy_t2.asm.obj</name>
      </input_file>
      <input_file id="fl-d8">
         <path>C:\ti\ccs1271\ccs\tools\compiler\ti-cgt-arm_20.2.7.LTS\lib\</path>
         <kind>archive</kind>
         <file>rtsv7M4_T_le_v4SPD16_eabi.lib</file>
         <name>u_tofd_t2.asm.obj</name>
      </input_file>
      <input_file id="fl-d9">
         <path>C:\ti\ccs1271\ccs\tools\compiler\ti-cgt-arm_20.2.7.LTS\lib\</path>
         <kind>archive</kind>
         <file>rtsv7M4_T_le_v4SPD16_eabi.lib</file>
         <name>copy_zero_init.c.obj</name>
      </input_file>
      <input_file id="fl-da">
         <path>C:\ti\ccs1271\ccs\tools\compiler\ti-cgt-arm_20.2.7.LTS\lib\</path>
         <kind>archive</kind>
         <file>rtsv7M4_T_le_v4SPD16_eabi.lib</file>
         <name>copy_decompress_none.c.obj</name>
      </input_file>
      <input_file id="fl-db">
         <path>C:\ti\ccs1271\ccs\tools\compiler\ti-cgt-arm_20.2.7.LTS\lib\</path>
         <kind>archive</kind>
         <file>rtsv7M4_T_le_v4SPD16_eabi.lib</file>
         <name>copy_decompress_lzss.c.obj</name>
      </input_file>
      <input_file id="fl-dc">
         <path>C:\ti\ccs1271\ccs\tools\compiler\ti-cgt-arm_20.2.7.LTS\lib\</path>
         <kind>archive</kind>
         <file>rtsv7M4_T_le_v4SPD16_eabi.lib</file>
         <name>memory.c.obj</name>
      </input_file>
      <input_file id="fl-dd">
         <path>C:\ti\ccs1271\ccs\tools\compiler\ti-cgt-arm_20.2.7.LTS\lib\</path>
         <kind>archive</kind>
         <file>rtsv7M4_T_le_v4SPD16_eabi.lib</file>
         <name>strcmp.c.obj</name>
      </input_file>
      <input_file id="fl-de">
         <path>C:\ti\ccs1271\ccs\tools\compiler\ti-cgt-arm_20.2.7.LTS\lib\</path>
         <kind>archive</kind>
         <file>rtsv7M4_T_le_v4SPD16_eabi.lib</file>
         <name>strcpy.c.obj</name>
      </input_file>
      <input_file id="fl-df">
         <path>C:\ti\ccs1271\ccs\tools\compiler\ti-cgt-arm_20.2.7.LTS\lib\</path>
         <kind>archive</kind>
         <file>rtsv7M4_T_le_v4SPD16_eabi.lib</file>
         <name>strlen.c.obj</name>
      </input_file>
      <input_file id="fl-e0">
         <path>C:\ti\ccs1271\ccs\tools\compiler\ti-cgt-arm_20.2.7.LTS\lib\</path>
         <kind>archive</kind>
         <file>rtsv7M4_T_le_v4SPD16_eabi.lib</file>
         <name>boot_cortex_m.c.obj</name>
      </input_file>
      <input_file id="fl-e1">
         <path>C:\ti\ccs1271\ccs\tools\compiler\ti-cgt-arm_20.2.7.LTS\lib\</path>
         <kind>archive</kind>
         <file>rtsv7M4_T_le_v4SPD16_eabi.lib</file>
         <name>errno.c.obj</name>
      </input_file>
      <input_file id="fl-e2">
         <path>C:\ti\ccs1271\ccs\tools\compiler\ti-cgt-arm_20.2.7.LTS\lib\</path>
         <kind>archive</kind>
         <file>rtsv7M4_T_le_v4SPD16_eabi.lib</file>
         <name>s_copysign.c.obj</name>
      </input_file>
      <input_file id="fl-e3">
         <path>C:\ti\ccs1271\ccs\tools\compiler\ti-cgt-arm_20.2.7.LTS\lib\</path>
         <kind>archive</kind>
         <file>rtsv7M4_T_le_v4SPD16_eabi.lib</file>
         <name>_printfi.c.obj</name>
      </input_file>
      <input_file id="fl-e4">
         <path>C:\ti\ccs1271\ccs\tools\compiler\ti-cgt-arm_20.2.7.LTS\lib\</path>
         <kind>archive</kind>
         <file>rtsv7M4_T_le_v4SPD16_eabi.lib</file>
         <name>memset_t2.asm.obj</name>
      </input_file>
      <input_file id="fl-e5">
         <path>C:\ti\ccs1271\ccs\tools\compiler\ti-cgt-arm_20.2.7.LTS\lib\</path>
         <kind>archive</kind>
         <file>rtsv7M4_T_le_v4SPD16_eabi.lib</file>
         <name>ull_div_t2.asm.obj</name>
      </input_file>
      <input_file id="fl-e6">
         <path>C:\ti\ccs1271\ccs\tools\compiler\ti-cgt-arm_20.2.7.LTS\lib\</path>
         <kind>archive</kind>
         <file>rtsv7M4_T_le_v4SPD16_eabi.lib</file>
         <name>autoinit.c.obj</name>
      </input_file>
      <input_file id="fl-e7">
         <path>C:\ti\ccs1271\ccs\tools\compiler\ti-cgt-arm_20.2.7.LTS\lib\</path>
         <kind>archive</kind>
         <file>rtsv7M4_T_le_v4SPD16_eabi.lib</file>
         <name>pre_init.c.obj</name>
      </input_file>
      <input_file id="fl-e8">
         <path>C:\ti\ccs1271\ccs\tools\compiler\ti-cgt-arm_20.2.7.LTS\lib\</path>
         <kind>archive</kind>
         <file>rtsv7M4_T_le_v4SPD16_eabi.lib</file>
         <name>cpy_tbl.c.obj</name>
      </input_file>
      <input_file id="fl-e9">
         <path>C:\ti\ccs1271\ccs\tools\compiler\ti-cgt-arm_20.2.7.LTS\lib\</path>
         <kind>archive</kind>
         <file>rtsv7M4_T_le_v4SPD16_eabi.lib</file>
         <name>exit.c.obj</name>
      </input_file>
      <input_file id="fl-ea">
         <path>C:\ti\ccs1271\ccs\tools\compiler\ti-cgt-arm_20.2.7.LTS\lib\</path>
         <kind>archive</kind>
         <file>rtsv7M4_T_le_v4SPD16_eabi.lib</file>
         <name>_lock.c.obj</name>
      </input_file>
      <input_file id="fl-eb">
         <path>C:\ti\ccs1271\ccs\tools\compiler\ti-cgt-arm_20.2.7.LTS\lib\</path>
         <kind>archive</kind>
         <file>rtsv7M4_T_le_v4SPD16_eabi.lib</file>
         <name>_ltoa.c.obj</name>
      </input_file>
      <input_file id="fl-ec">
         <path>C:\ti\ccs1271\ccs\tools\compiler\ti-cgt-arm_20.2.7.LTS\lib\</path>
         <kind>archive</kind>
         <file>rtsv7M4_T_le_v4SPD16_eabi.lib</file>
         <name>args_main.c.obj</name>
      </input_file>
      <input_file id="fl-ed">
         <path>C:\ti\ccs1271\ccs\tools\compiler\ti-cgt-arm_20.2.7.LTS\lib\</path>
         <kind>archive</kind>
         <file>rtsv7M4_T_le_v4SPD16_eabi.lib</file>
         <name>atoi.c.obj</name>
      </input_file>
      <input_file id="fl-ee">
         <path>C:\ti\ccs1271\ccs\tools\compiler\ti-cgt-arm_20.2.7.LTS\lib\</path>
         <kind>archive</kind>
         <file>rtsv7M4_T_le_v4SPD16_eabi.lib</file>
         <name>ctype.c.obj</name>
      </input_file>
      <input_file id="fl-ef">
         <path>C:\ti\ccs1271\ccs\tools\compiler\ti-cgt-arm_20.2.7.LTS\lib\</path>
         <kind>archive</kind>
         <file>rtsv7M4_T_le_v4SPD16_eabi.lib</file>
         <name>memccpy.c.obj</name>
      </input_file>
      <input_file id="fl-f0">
         <path>C:\ti\ccs1271\ccs\tools\compiler\ti-cgt-arm_20.2.7.LTS\lib\</path>
         <kind>archive</kind>
         <file>rtsv7M4_T_le_v4SPD16_eabi.lib</file>
         <name>strchr.c.obj</name>
      </input_file>
      <input_file id="fl-f1">
         <path>C:\ti\ccs1271\ccs\tools\compiler\ti-cgt-arm_20.2.7.LTS\lib\</path>
         <kind>archive</kind>
         <file>rtsv7M4_T_le_v4SPD16_eabi.lib</file>
         <name>wcslen.c.obj</name>
      </input_file>
      <input_file id="fl-f2">
         <path>C:\ti\ccs1271\ccs\tools\compiler\ti-cgt-arm_20.2.7.LTS\lib\</path>
         <kind>archive</kind>
         <file>rtsv7M4_T_le_v4SPD16_eabi.lib</file>
         <name>s_frexp.c.obj</name>
      </input_file>
      <input_file id="fl-f3">
         <path>C:\ti\ccs1271\ccs\tools\compiler\ti-cgt-arm_20.2.7.LTS\lib\</path>
         <kind>archive</kind>
         <file>rtsv7M4_T_le_v4SPD16_eabi.lib</file>
         <name>div0.asm.obj</name>
      </input_file>
      <input_file id="fl-f4">
         <path>C:\ti\TivaWare_C_Series-2.2.0.295\driverlib\ccs\Debug\</path>
         <kind>archive</kind>
         <file>driverlib.lib</file>
         <name>interrupt.obj</name>
      </input_file>
      <input_file id="fl-f5">
         <path>C:\ti\TivaWare_C_Series-2.2.0.295\driverlib\ccs\Debug\</path>
         <kind>archive</kind>
         <file>driverlib.lib</file>
         <name>cpu.obj</name>
      </input_file>
   </input_file_list>
   <object_component_list>
      <object_component id="oc-12">
         <name>.intvecs</name>
         <load_address>0x0</load_address>
         <run_address>0x0</run_address>
         <size>0x26c</size>
         <input_file_ref idref="fl-e"/>
      </object_component>
      <object_component id="oc-f5">
         <name>.text</name>
         <load_address>0x26c</load_address>
         <run_address>0x26c</run_address>
         <size>0xc20</size>
         <input_file_ref idref="fl-8"/>
      </object_component>
      <object_component id="oc-1fc">
         <name>.text:__TI_printfi</name>
         <load_address>0xe8c</load_address>
         <run_address>0xe8c</run_address>
         <size>0xa4e</size>
         <input_file_ref idref="fl-e3"/>
      </object_component>
      <object_component id="oc-32e">
         <name>.text:_nop</name>
         <load_address>0x18da</load_address>
         <run_address>0x18da</run_address>
         <size>0x2</size>
         <input_file_ref idref="fl-ea"/>
      </object_component>
      <object_component id="oc-1ee">
         <name>.text:pow</name>
         <load_address>0x18dc</load_address>
         <run_address>0x18dc</run_address>
         <size>0x9d0</size>
         <input_file_ref idref="fl-ca"/>
      </object_component>
      <object_component id="oc-113">
         <name>.text</name>
         <load_address>0x22ac</load_address>
         <run_address>0x22ac</run_address>
         <size>0x3a8</size>
         <input_file_ref idref="fl-7"/>
      </object_component>
      <object_component id="oc-1f4">
         <name>.text</name>
         <load_address>0x2654</load_address>
         <run_address>0x2654</run_address>
         <size>0x334</size>
         <input_file_ref idref="fl-9"/>
      </object_component>
      <object_component id="oc-d7">
         <name>.text</name>
         <load_address>0x2988</load_address>
         <run_address>0x2988</run_address>
         <size>0x328</size>
         <input_file_ref idref="fl-5"/>
      </object_component>
      <object_component id="oc-e3">
         <name>.text</name>
         <load_address>0x2cb0</load_address>
         <run_address>0x2cb0</run_address>
         <size>0x2b0</size>
         <input_file_ref idref="fl-f"/>
      </object_component>
      <object_component id="oc-a2">
         <name>.text</name>
         <load_address>0x2f60</load_address>
         <run_address>0x2f60</run_address>
         <size>0x2ac</size>
         <input_file_ref idref="fl-6"/>
      </object_component>
      <object_component id="oc-2ff">
         <name>.text:_pconv_a</name>
         <load_address>0x320c</load_address>
         <run_address>0x320c</run_address>
         <size>0x270</size>
         <input_file_ref idref="fl-e3"/>
      </object_component>
      <object_component id="oc-dd">
         <name>.text</name>
         <load_address>0x347c</load_address>
         <run_address>0x347c</run_address>
         <size>0x248</size>
         <input_file_ref idref="fl-2"/>
      </object_component>
      <object_component id="oc-fb">
         <name>.text</name>
         <load_address>0x36c4</load_address>
         <run_address>0x36c4</run_address>
         <size>0x200</size>
         <input_file_ref idref="fl-d"/>
      </object_component>
      <object_component id="oc-2ed">
         <name>.text:_pconv_g</name>
         <load_address>0x38c4</load_address>
         <run_address>0x38c4</run_address>
         <size>0x1d0</size>
         <input_file_ref idref="fl-e3"/>
      </object_component>
      <object_component id="oc-1c3">
         <name>.text</name>
         <load_address>0x3a94</load_address>
         <run_address>0x3a94</run_address>
         <size>0x1b6</size>
         <input_file_ref idref="fl-cf"/>
      </object_component>
      <object_component id="oc-413">
         <name>.text</name>
         <load_address>0x3c4a</load_address>
         <run_address>0x3c4a</run_address>
         <size>0x2</size>
         <input_file_ref idref="fl-f3"/>
      </object_component>
      <object_component id="oc-2be">
         <name>.text:sqrt</name>
         <load_address>0x3c4c</load_address>
         <run_address>0x3c4c</run_address>
         <size>0x158</size>
         <input_file_ref idref="fl-cb"/>
      </object_component>
      <object_component id="oc-2f9">
         <name>.text:_pconv_e</name>
         <load_address>0x3da4</load_address>
         <run_address>0x3da4</run_address>
         <size>0x13c</size>
         <input_file_ref idref="fl-e3"/>
      </object_component>
      <object_component id="oc-1b9">
         <name>.text</name>
         <load_address>0x3ee0</load_address>
         <run_address>0x3ee0</run_address>
         <size>0x136</size>
         <input_file_ref idref="fl-d1"/>
      </object_component>
      <object_component id="oc-3ae">
         <name>.text:fcvt</name>
         <load_address>0x4018</load_address>
         <run_address>0x4018</run_address>
         <size>0x124</size>
         <input_file_ref idref="fl-e3"/>
      </object_component>
      <object_component id="oc-e9">
         <name>.text</name>
         <load_address>0x413c</load_address>
         <run_address>0x413c</run_address>
         <size>0x120</size>
         <input_file_ref idref="fl-3"/>
      </object_component>
      <object_component id="oc-ef">
         <name>.text</name>
         <load_address>0x425c</load_address>
         <run_address>0x425c</run_address>
         <size>0x120</size>
         <input_file_ref idref="fl-c"/>
      </object_component>
      <object_component id="oc-2cd">
         <name>.text:scalbn</name>
         <load_address>0x437c</load_address>
         <run_address>0x437c</run_address>
         <size>0x110</size>
         <input_file_ref idref="fl-cc"/>
      </object_component>
      <object_component id="oc-101">
         <name>.text</name>
         <load_address>0x448c</load_address>
         <run_address>0x448c</run_address>
         <size>0x108</size>
         <input_file_ref idref="fl-b"/>
      </object_component>
      <object_component id="oc-364">
         <name>.text:aligned_alloc</name>
         <load_address>0x4594</load_address>
         <run_address>0x4594</run_address>
         <size>0x100</size>
         <input_file_ref idref="fl-dc"/>
      </object_component>
      <object_component id="oc-1b4">
         <name>.text</name>
         <load_address>0x4694</load_address>
         <run_address>0x4694</run_address>
         <size>0xfc</size>
         <input_file_ref idref="fl-d2"/>
      </object_component>
      <object_component id="oc-1a4">
         <name>.text:free</name>
         <load_address>0x4790</load_address>
         <run_address>0x4790</run_address>
         <size>0xe4</size>
         <input_file_ref idref="fl-dc"/>
      </object_component>
      <object_component id="oc-2e7">
         <name>.text:_ltostr</name>
         <load_address>0x4874</load_address>
         <run_address>0x4874</run_address>
         <size>0xb1</size>
         <input_file_ref idref="fl-e3"/>
      </object_component>
      <object_component id="oc-3e">
         <name>.text</name>
         <load_address>0x4926</load_address>
         <run_address>0x4926</run_address>
         <size>0x9c</size>
         <input_file_ref idref="fl-d7"/>
      </object_component>
      <object_component id="oc-395">
         <name>.text</name>
         <load_address>0x49c2</load_address>
         <run_address>0x49c2</run_address>
         <size>0x96</size>
         <input_file_ref idref="fl-e5"/>
      </object_component>
      <object_component id="oc-218">
         <name>.text:__aeabi_cdcmple</name>
         <load_address>0x4a58</load_address>
         <run_address>0x4a58</run_address>
         <size>0x86</size>
         <input_file_ref idref="fl-d0"/>
      </object_component>
      <object_component id="oc-21d">
         <name>.text:__aeabi_cdrcmple</name>
         <load_address>0x4ade</load_address>
         <run_address>0x4ade</run_address>
         <size>0x86</size>
         <input_file_ref idref="fl-d0"/>
      </object_component>
      <object_component id="oc-96">
         <name>.text</name>
         <load_address>0x4b64</load_address>
         <run_address>0x4b64</run_address>
         <size>0x7a</size>
         <input_file_ref idref="fl-e4"/>
      </object_component>
      <object_component id="oc-3f1">
         <name>.text:split</name>
         <load_address>0x4be0</load_address>
         <run_address>0x4be0</run_address>
         <size>0x70</size>
         <input_file_ref idref="fl-dc"/>
      </object_component>
      <object_component id="oc-3a7">
         <name>.text:_mcpy</name>
         <load_address>0x4c50</load_address>
         <run_address>0x4c50</run_address>
         <size>0x6e</size>
         <input_file_ref idref="fl-e3"/>
      </object_component>
      <object_component id="oc-1cb">
         <name>.text</name>
         <load_address>0x4cbe</load_address>
         <run_address>0x4cbe</run_address>
         <size>0x6e</size>
         <input_file_ref idref="fl-d4"/>
      </object_component>
      <object_component id="oc-15">
         <name>.text:decompress:lzss:__TI_decompress_lzss</name>
         <load_address>0x4d2c</load_address>
         <run_address>0x4d2c</run_address>
         <size>0x68</size>
         <input_file_ref idref="fl-db"/>
      </object_component>
      <object_component id="oc-3bc">
         <name>.text:frexp</name>
         <load_address>0x4d94</load_address>
         <run_address>0x4d94</run_address>
         <size>0x64</size>
         <input_file_ref idref="fl-f2"/>
      </object_component>
      <object_component id="oc-2f3">
         <name>.text:_pconv_f</name>
         <load_address>0x4df8</load_address>
         <run_address>0x4df8</run_address>
         <size>0x56</size>
         <input_file_ref idref="fl-e3"/>
      </object_component>
      <object_component id="oc-39b">
         <name>.text:__TI_ltoa</name>
         <load_address>0x4e4e</load_address>
         <run_address>0x4e4e</run_address>
         <size>0x54</size>
         <input_file_ref idref="fl-eb"/>
      </object_component>
      <object_component id="oc-3a1">
         <name>.text:_ecpy</name>
         <load_address>0x4ea2</load_address>
         <run_address>0x4ea2</run_address>
         <size>0x52</size>
         <input_file_ref idref="fl-e3"/>
      </object_component>
      <object_component id="oc-2e1">
         <name>.text:atoi</name>
         <load_address>0x4ef4</load_address>
         <run_address>0x4ef4</run_address>
         <size>0x4c</size>
         <input_file_ref idref="fl-ed"/>
      </object_component>
      <object_component id="oc-222">
         <name>.text</name>
         <load_address>0x4f40</load_address>
         <run_address>0x4f40</run_address>
         <size>0x48</size>
         <input_file_ref idref="fl-d3"/>
      </object_component>
      <object_component id="oc-12f">
         <name>.text:__TI_auto_init_nobinit_nopinit:__TI_auto_init_nobinit_nopinit</name>
         <load_address>0x4f88</load_address>
         <run_address>0x4f88</run_address>
         <size>0x44</size>
         <input_file_ref idref="fl-e6"/>
      </object_component>
      <object_component id="oc-107">
         <name>.text:sprintf</name>
         <load_address>0x4fcc</load_address>
         <run_address>0x4fcc</run_address>
         <size>0x40</size>
         <input_file_ref idref="fl-cd"/>
      </object_component>
      <object_component id="oc-16a">
         <name>.text:vsnprintf</name>
         <load_address>0x500c</load_address>
         <run_address>0x500c</run_address>
         <size>0x40</size>
         <input_file_ref idref="fl-ce"/>
      </object_component>
      <object_component id="oc-3b4">
         <name>.text:_fcpy</name>
         <load_address>0x504c</load_address>
         <run_address>0x504c</run_address>
         <size>0x3e</size>
         <input_file_ref idref="fl-e3"/>
      </object_component>
      <object_component id="oc-19e">
         <name>.text:calloc</name>
         <load_address>0x508c</load_address>
         <run_address>0x508c</run_address>
         <size>0x38</size>
         <input_file_ref idref="fl-dc"/>
      </object_component>
      <object_component id="oc-1d0">
         <name>.text</name>
         <load_address>0x50c4</load_address>
         <run_address>0x50c4</run_address>
         <size>0x38</size>
         <input_file_ref idref="fl-d5"/>
      </object_component>
      <object_component id="oc-186">
         <name>.text:IntRegister</name>
         <load_address>0x50fc</load_address>
         <run_address>0x50fc</run_address>
         <size>0x34</size>
         <input_file_ref idref="fl-f4"/>
      </object_component>
      <object_component id="oc-5c">
         <name>.text:_c_int00_noargs:_c_int00_noargs</name>
         <load_address>0x5130</load_address>
         <run_address>0x5130</run_address>
         <size>0x34</size>
         <input_file_ref idref="fl-e0"/>
      </object_component>
      <object_component id="oc-257">
         <name>.text:_outs</name>
         <load_address>0x5164</load_address>
         <run_address>0x5164</run_address>
         <size>0x30</size>
         <input_file_ref idref="fl-ce"/>
      </object_component>
      <object_component id="oc-1be">
         <name>.text</name>
         <load_address>0x5194</load_address>
         <run_address>0x5194</run_address>
         <size>0x2e</size>
         <input_file_ref idref="fl-d6"/>
      </object_component>
      <object_component id="oc-29e">
         <name>.text:free_list_insert</name>
         <load_address>0x51c4</load_address>
         <run_address>0x51c4</run_address>
         <size>0x28</size>
         <input_file_ref idref="fl-dc"/>
      </object_component>
      <object_component id="oc-10d">
         <name>.text</name>
         <load_address>0x51ec</load_address>
         <run_address>0x51ec</run_address>
         <size>0x28</size>
         <input_file_ref idref="fl-a"/>
      </object_component>
      <object_component id="oc-1e9">
         <name>.text</name>
         <load_address>0x5214</load_address>
         <run_address>0x5214</run_address>
         <size>0x20</size>
         <input_file_ref idref="fl-d8"/>
      </object_component>
      <object_component id="oc-4a">
         <name>.text:decompress:ZI:__TI_zero_init_nomemset:__TI_zero_init_nomemset</name>
         <load_address>0x5234</load_address>
         <run_address>0x5234</run_address>
         <size>0x1c</size>
         <input_file_ref idref="fl-d9"/>
      </object_component>
      <object_component id="oc-298">
         <name>.text:free_list_remove</name>
         <load_address>0x5250</load_address>
         <run_address>0x5250</run_address>
         <size>0x1c</size>
         <input_file_ref idref="fl-dc"/>
      </object_component>
      <object_component id="oc-305">
         <name>.text:memccpy</name>
         <load_address>0x526c</load_address>
         <run_address>0x526c</run_address>
         <size>0x1c</size>
         <input_file_ref idref="fl-ef"/>
      </object_component>
      <object_component id="oc-379">
         <name>.text:copysign</name>
         <load_address>0x5288</load_address>
         <run_address>0x5288</run_address>
         <size>0x1a</size>
         <input_file_ref idref="fl-e2"/>
      </object_component>
      <object_component id="oc-25d">
         <name>.text:_outc</name>
         <load_address>0x52a2</load_address>
         <run_address>0x52a2</run_address>
         <size>0x18</size>
         <input_file_ref idref="fl-ce"/>
      </object_component>
      <object_component id="oc-202">
         <name>.text:_outs</name>
         <load_address>0x52ba</load_address>
         <run_address>0x52ba</run_address>
         <size>0x18</size>
         <input_file_ref idref="fl-cd"/>
      </object_component>
      <object_component id="oc-1aa">
         <name>.text:oi_parseInt</name>
         <load_address>0x52d2</load_address>
         <run_address>0x52d2</run_address>
         <size>0x18</size>
         <input_file_ref idref="fl-8"/>
      </object_component>
      <object_component id="oc-170">
         <name>.text:strcmp</name>
         <load_address>0x52ea</load_address>
         <run_address>0x52ea</run_address>
         <size>0x18</size>
         <input_file_ref idref="fl-dd"/>
      </object_component>
      <object_component id="oc-3c2">
         <name>.text:strchr</name>
         <load_address>0x5302</load_address>
         <run_address>0x5302</run_address>
         <size>0x16</size>
         <input_file_ref idref="fl-f0"/>
      </object_component>
      <object_component id="oc-176">
         <name>.text:strcpy</name>
         <load_address>0x5318</load_address>
         <run_address>0x5318</run_address>
         <size>0x14</size>
         <input_file_ref idref="fl-de"/>
      </object_component>
      <object_component id="oc-210">
         <name>.text:strlen</name>
         <load_address>0x532c</load_address>
         <run_address>0x532c</run_address>
         <size>0x14</size>
         <input_file_ref idref="fl-df"/>
      </object_component>
      <object_component id="oc-30b">
         <name>.text:wcslen</name>
         <load_address>0x5340</load_address>
         <run_address>0x5340</run_address>
         <size>0x12</size>
         <input_file_ref idref="fl-f1"/>
      </object_component>
      <object_component id="oc-191">
         <name>.text:IntMasterEnable</name>
         <load_address>0x5352</load_address>
         <run_address>0x5352</run_address>
         <size>0x10</size>
         <input_file_ref idref="fl-f4"/>
      </object_component>
      <object_component id="oc-163">
         <name>.text:lcd_clear</name>
         <load_address>0x5362</load_address>
         <run_address>0x5362</run_address>
         <size>0x10</size>
         <input_file_ref idref="fl-5"/>
      </object_component>
      <object_component id="oc-1b">
         <name>.text:decompress:none:__TI_decompress_none</name>
         <load_address>0x5372</load_address>
         <run_address>0x5372</run_address>
         <size>0xe</size>
         <input_file_ref idref="fl-da"/>
      </object_component>
      <object_component id="oc-286">
         <name>.text:CPUcpsie</name>
         <load_address>0x5380</load_address>
         <run_address>0x5380</run_address>
         <size>0xc</size>
         <input_file_ref idref="fl-f5"/>
      </object_component>
      <object_component id="oc-2a">
         <name>.text</name>
         <load_address>0x538c</load_address>
         <run_address>0x538c</run_address>
         <size>0xc</size>
         <input_file_ref idref="fl-e"/>
      </object_component>
      <object_component id="oc-208">
         <name>.text:_outc</name>
         <load_address>0x5398</load_address>
         <run_address>0x5398</run_address>
         <size>0xa</size>
         <input_file_ref idref="fl-cd"/>
      </object_component>
      <object_component id="oc-2c4">
         <name>.text:__aeabi_errno_addr</name>
         <load_address>0x53a4</load_address>
         <run_address>0x53a4</run_address>
         <size>0x8</size>
         <input_file_ref idref="fl-e1"/>
      </object_component>
      <object_component id="oc-291">
         <name>.text:malloc</name>
         <load_address>0x53ac</load_address>
         <run_address>0x53ac</run_address>
         <size>0x8</size>
         <input_file_ref idref="fl-dc"/>
      </object_component>
      <object_component id="oc-9c">
         <name>.text:_system_pre_init</name>
         <load_address>0x53b4</load_address>
         <run_address>0x53b4</run_address>
         <size>0x4</size>
         <input_file_ref idref="fl-e7"/>
      </object_component>
      <object_component id="oc-123">
         <name>.text:abort:abort</name>
         <load_address>0x53b8</load_address>
         <run_address>0x53b8</run_address>
         <size>0x4</size>
         <input_file_ref idref="fl-e9"/>
      </object_component>
      <object_component id="oc-390">
         <name>.const:.string:_ctypes_</name>
         <load_address>0x53c0</load_address>
         <run_address>0x53c0</run_address>
         <size>0x101</size>
         <input_file_ref idref="fl-ee"/>
      </object_component>
      <object_component id="oc-1e1">
         <name>.const:.string:$P$T2$3</name>
         <load_address>0x54c1</load_address>
         <run_address>0x54c1</run_address>
         <size>0x6</size>
         <input_file_ref idref="fl-d"/>
      </object_component>
      <object_component id="oc-2ca">
         <name>.const:$O1$$</name>
         <load_address>0x54c8</load_address>
         <run_address>0x54c8</run_address>
         <size>0x30</size>
         <input_file_ref idref="fl-ca"/>
      </object_component>
      <object_component id="oc-1db">
         <name>.const:.string:$P$T0$1</name>
         <load_address>0x54f8</load_address>
         <run_address>0x54f8</run_address>
         <size>0x10</size>
         <input_file_ref idref="fl-d"/>
      </object_component>
      <object_component id="oc-1de">
         <name>.const:.string:$P$T1$2</name>
         <load_address>0x5508</load_address>
         <run_address>0x5508</run_address>
         <size>0x10</size>
         <input_file_ref idref="fl-d"/>
      </object_component>
      <object_component id="oc-1c8">
         <name>.const:.string:$P$T0$3</name>
         <load_address>0x5518</load_address>
         <run_address>0x5518</run_address>
         <size>0xf</size>
         <input_file_ref idref="fl-8"/>
      </object_component>
      <object_component id="oc-1e4">
         <name>.const:.string:$P$T3$4</name>
         <load_address>0x5527</load_address>
         <run_address>0x5527</run_address>
         <size>0x6</size>
         <input_file_ref idref="fl-d"/>
      </object_component>
      <object_component id="oc-17c">
         <name>.const:.string:lineAddress$1</name>
         <load_address>0x552d</load_address>
         <run_address>0x552d</run_address>
         <size>0x4</size>
         <input_file_ref idref="fl-5"/>
      </object_component>
      <object_component id="oc-17d">
         <name>.const:.string:lineAddresses$2</name>
         <load_address>0x5531</load_address>
         <run_address>0x5531</run_address>
         <size>0x4</size>
         <input_file_ref idref="fl-5"/>
      </object_component>
      <object_component id="oc-467">
         <name>.cinit..data.load</name>
         <load_address>0x5538</load_address>
         <run_address>0x5538</run_address>
         <size>0x36</size>
      </object_component>
      <object_component id="oc-464">
         <name>__TI_handler_table</name>
         <load_address>0x5570</load_address>
         <run_address>0x5570</run_address>
         <size>0xc</size>
      </object_component>
      <object_component id="oc-468">
         <name>.cinit..bss.load</name>
         <load_address>0x5580</load_address>
         <run_address>0x5580</run_address>
         <size>0x8</size>
      </object_component>
      <object_component id="oc-466">
         <name>.cinit..vtable.load</name>
         <load_address>0x5588</load_address>
         <run_address>0x5588</run_address>
         <size>0x8</size>
      </object_component>
      <object_component id="oc-465">
         <name>__TI_cinit_table</name>
         <load_address>0x5590</load_address>
         <run_address>0x5590</run_address>
         <size>0x18</size>
      </object_component>
      <object_component id="oc-27a">
         <name>.vtable</name>
         <uninitialized>true</uninitialized>
         <run_address>0x20000000</run_address>
         <size>0x26c</size>
         <input_file_ref idref="fl-f4"/>
      </object_component>
      <object_component id="oc-18c">
         <name>.data</name>
         <load_address>0x200022b9</load_address>
         <run_address>0x200022b9</run_address>
         <size>0x1</size>
         <input_file_ref idref="fl-2"/>
      </object_component>
      <object_component id="oc-1b1">
         <name>.data</name>
         <load_address>0x20002270</load_address>
         <run_address>0x20002270</run_address>
         <size>0x20</size>
         <input_file_ref idref="fl-8"/>
      </object_component>
      <object_component id="oc-2db">
         <name>.data</name>
         <load_address>0x200022a8</load_address>
         <run_address>0x200022a8</run_address>
         <size>0x11</size>
         <input_file_ref idref="fl-9"/>
      </object_component>
      <object_component id="oc-19a">
         <name>.data</name>
         <load_address>0x20002290</load_address>
         <run_address>0x20002290</run_address>
         <size>0x18</size>
         <input_file_ref idref="fl-c"/>
      </object_component>
      <object_component id="oc-1d8">
         <name>.data</name>
         <load_address>0x200022dc</load_address>
         <run_address>0x200022dc</run_address>
         <size>0x5</size>
         <input_file_ref idref="fl-d"/>
      </object_component>
      <object_component id="oc-119">
         <name>.data</name>
         <load_address>0x200022bc</load_address>
         <run_address>0x200022bc</run_address>
         <size>0x10</size>
         <input_file_ref idref="fl-f"/>
      </object_component>
      <object_component id="oc-36b">
         <name>.data:$O1$$</name>
         <load_address>0x200022d4</load_address>
         <run_address>0x200022d4</run_address>
         <size>0x8</size>
         <input_file_ref idref="fl-dc"/>
      </object_component>
      <object_component id="oc-372">
         <name>.data</name>
         <load_address>0x200022e4</load_address>
         <run_address>0x200022e4</run_address>
         <size>0x4</size>
         <input_file_ref idref="fl-e1"/>
      </object_component>
      <object_component id="oc-23b">
         <name>.data:$O1$$</name>
         <load_address>0x200022cc</load_address>
         <run_address>0x200022cc</run_address>
         <size>0x8</size>
         <input_file_ref idref="fl-ea"/>
      </object_component>
      <object_component id="oc-17e">
         <name>.bss:lastbuffer$3</name>
         <uninitialized>true</uninitialized>
         <run_address>0x200022e8</run_address>
         <size>0x54</size>
         <input_file_ref idref="fl-5"/>
      </object_component>
      <object_component id="oc-1d5">
         <name>.bss:firmware$2</name>
         <uninitialized>true</uninitialized>
         <run_address>0x2000233c</run_address>
         <size>0x18</size>
         <input_file_ref idref="fl-8"/>
      </object_component>
      <object_component id="oc-18f">
         <name>.common:_timeout_ticks</name>
         <uninitialized>true</uninitialized>
         <run_address>0x20002354</run_address>
         <size>0x4</size>
      </object_component>
      <object_component id="oc-24">
         <name>.sysmem</name>
         <uninitialized>true</uninitialized>
         <run_address>0x20001270</run_address>
         <size>0x10</size>
         <input_file_ref idref="fl-dc"/>
      </object_component>
      <object_component id="oc-46b">
         <name>.sysmem</name>
         <uninitialized>true</uninitialized>
         <run_address>0x20001270</run_address>
         <size>0x0</size>
      </object_component>
      <object_component id="oc-27">
         <name>.stack</name>
         <uninitialized>true</uninitialized>
         <run_address>0x20000270</run_address>
         <size>0x4</size>
         <input_file_ref idref="fl-e0"/>
      </object_component>
      <object_component id="oc-46a">
         <name>.stack</name>
         <uninitialized>true</uninitialized>
         <run_address>0x20000270</run_address>
         <size>0x0</size>
      </object_component>
      <object_component id="oc-c5">
         <name>.debug_info</name>
         <load_address>0x0</load_address>
         <run_address>0x0</run_address>
         <size>0x2a9</size>
         <input_file_ref idref="fl-2"/>
      </object_component>
      <object_component id="oc-18d">
         <name>.debug_info</name>
         <load_address>0x2a9</load_address>
         <run_address>0x2a9</run_address>
         <size>0xb7</size>
         <input_file_ref idref="fl-2"/>
      </object_component>
      <object_component id="oc-e1">
         <name>.debug_info</name>
         <load_address>0x360</load_address>
         <run_address>0x360</run_address>
         <size>0x4ff</size>
         <input_file_ref idref="fl-2"/>
      </object_component>
      <object_component id="oc-77">
         <name>.debug_info</name>
         <load_address>0x85f</load_address>
         <run_address>0x85f</run_address>
         <size>0x26b</size>
         <input_file_ref idref="fl-2"/>
      </object_component>
      <object_component id="oc-39">
         <name>.debug_info</name>
         <load_address>0xaca</load_address>
         <run_address>0xaca</run_address>
         <size>0x84</size>
         <input_file_ref idref="fl-2"/>
      </object_component>
      <object_component id="oc-c0">
         <name>.debug_info</name>
         <load_address>0xb4e</load_address>
         <run_address>0xb4e</run_address>
         <size>0x2a4</size>
         <input_file_ref idref="fl-2"/>
      </object_component>
      <object_component id="oc-7c">
         <name>.debug_info</name>
         <load_address>0xdf2</load_address>
         <run_address>0xdf2</run_address>
         <size>0xbb</size>
         <input_file_ref idref="fl-2"/>
      </object_component>
      <object_component id="oc-32a">
         <name>.debug_info</name>
         <load_address>0xead</load_address>
         <run_address>0xead</run_address>
         <size>0x2f6</size>
         <input_file_ref idref="fl-3"/>
      </object_component>
      <object_component id="oc-ea">
         <name>.debug_info</name>
         <load_address>0x11a3</load_address>
         <run_address>0x11a3</run_address>
         <size>0x138</size>
         <input_file_ref idref="fl-3"/>
      </object_component>
      <object_component id="oc-22d">
         <name>.debug_info</name>
         <load_address>0x12db</load_address>
         <run_address>0x12db</run_address>
         <size>0x5aa</size>
         <input_file_ref idref="fl-3"/>
      </object_component>
      <object_component id="oc-275">
         <name>.debug_info</name>
         <load_address>0x1885</load_address>
         <run_address>0x1885</run_address>
         <size>0xcc</size>
         <input_file_ref idref="fl-3"/>
      </object_component>
      <object_component id="oc-181">
         <name>.debug_info</name>
         <load_address>0x1951</load_address>
         <run_address>0x1951</run_address>
         <size>0x2c</size>
         <input_file_ref idref="fl-3"/>
      </object_component>
      <object_component id="oc-232">
         <name>.debug_info</name>
         <load_address>0x197d</load_address>
         <run_address>0x197d</run_address>
         <size>0x35</size>
         <input_file_ref idref="fl-3"/>
      </object_component>
      <object_component id="oc-180">
         <name>.debug_info</name>
         <load_address>0x19b2</load_address>
         <run_address>0x19b2</run_address>
         <size>0x377</size>
         <input_file_ref idref="fl-5"/>
      </object_component>
      <object_component id="oc-164">
         <name>.debug_info</name>
         <load_address>0x1d29</load_address>
         <run_address>0x1d29</run_address>
         <size>0x10c</size>
         <input_file_ref idref="fl-5"/>
      </object_component>
      <object_component id="oc-d8">
         <name>.debug_info</name>
         <load_address>0x1e35</load_address>
         <run_address>0x1e35</run_address>
         <size>0x898</size>
         <input_file_ref idref="fl-5"/>
      </object_component>
      <object_component id="oc-122">
         <name>.debug_info</name>
         <load_address>0x26cd</load_address>
         <run_address>0x26cd</run_address>
         <size>0x585</size>
         <input_file_ref idref="fl-6"/>
      </object_component>
      <object_component id="oc-a5">
         <name>.debug_info</name>
         <load_address>0x2c52</load_address>
         <run_address>0x2c52</run_address>
         <size>0x375</size>
         <input_file_ref idref="fl-6"/>
      </object_component>
      <object_component id="oc-11d">
         <name>.debug_info</name>
         <load_address>0x2fc7</load_address>
         <run_address>0x2fc7</run_address>
         <size>0x8b</size>
         <input_file_ref idref="fl-6"/>
      </object_component>
      <object_component id="oc-228">
         <name>.debug_info</name>
         <load_address>0x3052</load_address>
         <run_address>0x3052</run_address>
         <size>0x30a</size>
         <input_file_ref idref="fl-7"/>
      </object_component>
      <object_component id="oc-115">
         <name>.debug_info</name>
         <load_address>0x335c</load_address>
         <run_address>0x335c</run_address>
         <size>0x8af</size>
         <input_file_ref idref="fl-7"/>
      </object_component>
      <object_component id="oc-1d7">
         <name>.debug_info</name>
         <load_address>0x3c0b</load_address>
         <run_address>0x3c0b</run_address>
         <size>0x3f4</size>
         <input_file_ref idref="fl-8"/>
      </object_component>
      <object_component id="oc-1b2">
         <name>.debug_info</name>
         <load_address>0x3fff</load_address>
         <run_address>0x3fff</run_address>
         <size>0x109</size>
         <input_file_ref idref="fl-8"/>
      </object_component>
      <object_component id="oc-1c9">
         <name>.debug_info</name>
         <load_address>0x4108</load_address>
         <run_address>0x4108</run_address>
         <size>0xbe</size>
         <input_file_ref idref="fl-8"/>
      </object_component>
      <object_component id="oc-1ac">
         <name>.debug_info</name>
         <load_address>0x41c6</load_address>
         <run_address>0x41c6</run_address>
         <size>0x136</size>
         <input_file_ref idref="fl-8"/>
      </object_component>
      <object_component id="oc-f7">
         <name>.debug_info</name>
         <load_address>0x42fc</load_address>
         <run_address>0x42fc</run_address>
         <size>0x1980</size>
         <input_file_ref idref="fl-8"/>
      </object_component>
      <object_component id="oc-38f">
         <name>.debug_info</name>
         <load_address>0x5c7c</load_address>
         <run_address>0x5c7c</run_address>
         <size>0x344</size>
         <input_file_ref idref="fl-9"/>
      </object_component>
      <object_component id="oc-2dc">
         <name>.debug_info</name>
         <load_address>0x5fc0</load_address>
         <run_address>0x5fc0</run_address>
         <size>0x154</size>
         <input_file_ref idref="fl-9"/>
      </object_component>
      <object_component id="oc-1f5">
         <name>.debug_info</name>
         <load_address>0x6114</load_address>
         <run_address>0x6114</run_address>
         <size>0x322</size>
         <input_file_ref idref="fl-9"/>
      </object_component>
      <object_component id="oc-40a">
         <name>.debug_info</name>
         <load_address>0x6436</load_address>
         <run_address>0x6436</run_address>
         <size>0x44</size>
         <input_file_ref idref="fl-9"/>
      </object_component>
      <object_component id="oc-217">
         <name>.debug_info</name>
         <load_address>0x647a</load_address>
         <run_address>0x647a</run_address>
         <size>0x2db</size>
         <input_file_ref idref="fl-a"/>
      </object_component>
      <object_component id="oc-10e">
         <name>.debug_info</name>
         <load_address>0x6755</load_address>
         <run_address>0x6755</run_address>
         <size>0x15f</size>
         <input_file_ref idref="fl-a"/>
      </object_component>
      <object_component id="oc-1fb">
         <name>.debug_info</name>
         <load_address>0x68b4</load_address>
         <run_address>0x68b4</run_address>
         <size>0x3ce</size>
         <input_file_ref idref="fl-b"/>
      </object_component>
      <object_component id="oc-102">
         <name>.debug_info</name>
         <load_address>0x6c82</load_address>
         <run_address>0x6c82</run_address>
         <size>0x3f0</size>
         <input_file_ref idref="fl-b"/>
      </object_component>
      <object_component id="oc-19b">
         <name>.debug_info</name>
         <load_address>0x7072</load_address>
         <run_address>0x7072</run_address>
         <size>0x14e</size>
         <input_file_ref idref="fl-c"/>
      </object_component>
      <object_component id="oc-f3">
         <name>.debug_info</name>
         <load_address>0x71c0</load_address>
         <run_address>0x71c0</run_address>
         <size>0x17b</size>
         <input_file_ref idref="fl-c"/>
      </object_component>
      <object_component id="oc-1e8">
         <name>.debug_info</name>
         <load_address>0x733b</load_address>
         <run_address>0x733b</run_address>
         <size>0x3d8</size>
         <input_file_ref idref="fl-d"/>
      </object_component>
      <object_component id="oc-1d9">
         <name>.debug_info</name>
         <load_address>0x7713</load_address>
         <run_address>0x7713</run_address>
         <size>0xdb</size>
         <input_file_ref idref="fl-d"/>
      </object_component>
      <object_component id="oc-1dc">
         <name>.debug_info</name>
         <load_address>0x77ee</load_address>
         <run_address>0x77ee</run_address>
         <size>0xb3</size>
         <input_file_ref idref="fl-d"/>
      </object_component>
      <object_component id="oc-1df">
         <name>.debug_info</name>
         <load_address>0x78a1</load_address>
         <run_address>0x78a1</run_address>
         <size>0xb3</size>
         <input_file_ref idref="fl-d"/>
      </object_component>
      <object_component id="oc-1e2">
         <name>.debug_info</name>
         <load_address>0x7954</load_address>
         <run_address>0x7954</run_address>
         <size>0xb3</size>
         <input_file_ref idref="fl-d"/>
      </object_component>
      <object_component id="oc-1e5">
         <name>.debug_info</name>
         <load_address>0x7a07</load_address>
         <run_address>0x7a07</run_address>
         <size>0xb3</size>
         <input_file_ref idref="fl-d"/>
      </object_component>
      <object_component id="oc-fc">
         <name>.debug_info</name>
         <load_address>0x7aba</load_address>
         <run_address>0x7aba</run_address>
         <size>0x3e9</size>
         <input_file_ref idref="fl-d"/>
      </object_component>
      <object_component id="oc-32">
         <name>.debug_info</name>
         <load_address>0x7ea3</load_address>
         <run_address>0x7ea3</run_address>
         <size>0x293</size>
         <input_file_ref idref="fl-e"/>
      </object_component>
      <object_component id="oc-13">
         <name>.debug_info</name>
         <load_address>0x8136</load_address>
         <run_address>0x8136</run_address>
         <size>0xd2</size>
         <input_file_ref idref="fl-e"/>
      </object_component>
      <object_component id="oc-2b">
         <name>.debug_info</name>
         <load_address>0x8208</load_address>
         <run_address>0x8208</run_address>
         <size>0x24e</size>
         <input_file_ref idref="fl-e"/>
      </object_component>
      <object_component id="oc-198">
         <name>.debug_info</name>
         <load_address>0x8456</load_address>
         <run_address>0x8456</run_address>
         <size>0x320</size>
         <input_file_ref idref="fl-f"/>
      </object_component>
      <object_component id="oc-11a">
         <name>.debug_info</name>
         <load_address>0x8776</load_address>
         <run_address>0x8776</run_address>
         <size>0x133</size>
         <input_file_ref idref="fl-f"/>
      </object_component>
      <object_component id="oc-e4">
         <name>.debug_info</name>
         <load_address>0x88a9</load_address>
         <run_address>0x88a9</run_address>
         <size>0x47e</size>
         <input_file_ref idref="fl-f"/>
      </object_component>
      <object_component id="oc-2d9">
         <name>.debug_info</name>
         <load_address>0x8d27</load_address>
         <run_address>0x8d27</run_address>
         <size>0x35e</size>
         <input_file_ref idref="fl-ca"/>
      </object_component>
      <object_component id="oc-2cb">
         <name>.debug_info</name>
         <load_address>0x9085</load_address>
         <run_address>0x9085</run_address>
         <size>0x128</size>
         <input_file_ref idref="fl-ca"/>
      </object_component>
      <object_component id="oc-1ef">
         <name>.debug_info</name>
         <load_address>0x91ad</load_address>
         <run_address>0x91ad</run_address>
         <size>0xbf2</size>
         <input_file_ref idref="fl-ca"/>
      </object_component>
      <object_component id="oc-386">
         <name>.debug_info</name>
         <load_address>0x9d9f</load_address>
         <run_address>0x9d9f</run_address>
         <size>0x46</size>
         <input_file_ref idref="fl-ca"/>
      </object_component>
      <object_component id="oc-2d4">
         <name>.debug_info</name>
         <load_address>0x9de5</load_address>
         <run_address>0x9de5</run_address>
         <size>0x39</size>
         <input_file_ref idref="fl-ca"/>
      </object_component>
      <object_component id="oc-371">
         <name>.debug_info</name>
         <load_address>0x9e1e</load_address>
         <run_address>0x9e1e</run_address>
         <size>0x2c5</size>
         <input_file_ref idref="fl-cb"/>
      </object_component>
      <object_component id="oc-2c0">
         <name>.debug_info</name>
         <load_address>0xa0e3</load_address>
         <run_address>0xa0e3</run_address>
         <size>0x24e</size>
         <input_file_ref idref="fl-cb"/>
      </object_component>
      <object_component id="oc-380">
         <name>.debug_info</name>
         <load_address>0xa331</load_address>
         <run_address>0xa331</run_address>
         <size>0x2f8</size>
         <input_file_ref idref="fl-cc"/>
      </object_component>
      <object_component id="oc-2ce">
         <name>.debug_info</name>
         <load_address>0xa629</load_address>
         <run_address>0xa629</run_address>
         <size>0x225</size>
         <input_file_ref idref="fl-cc"/>
      </object_component>
      <object_component id="oc-403">
         <name>.debug_info</name>
         <load_address>0xa84e</load_address>
         <run_address>0xa84e</run_address>
         <size>0x39</size>
         <input_file_ref idref="fl-cc"/>
      </object_component>
      <object_component id="oc-381">
         <name>.debug_info</name>
         <load_address>0xa887</load_address>
         <run_address>0xa887</run_address>
         <size>0x2c</size>
         <input_file_ref idref="fl-cc"/>
      </object_component>
      <object_component id="oc-20f">
         <name>.debug_info</name>
         <load_address>0xa8b3</load_address>
         <run_address>0xa8b3</run_address>
         <size>0x333</size>
         <input_file_ref idref="fl-cd"/>
      </object_component>
      <object_component id="oc-109">
         <name>.debug_info</name>
         <load_address>0xabe6</load_address>
         <run_address>0xabe6</run_address>
         <size>0x1d1</size>
         <input_file_ref idref="fl-cd"/>
      </object_component>
      <object_component id="oc-203">
         <name>.debug_info</name>
         <load_address>0xadb7</load_address>
         <run_address>0xadb7</run_address>
         <size>0x18d</size>
         <input_file_ref idref="fl-cd"/>
      </object_component>
      <object_component id="oc-20a">
         <name>.debug_info</name>
         <load_address>0xaf44</load_address>
         <run_address>0xaf44</run_address>
         <size>0x16d</size>
         <input_file_ref idref="fl-cd"/>
      </object_component>
      <object_component id="oc-265">
         <name>.debug_info</name>
         <load_address>0xb0b1</load_address>
         <run_address>0xb0b1</run_address>
         <size>0x2c</size>
         <input_file_ref idref="fl-cd"/>
      </object_component>
      <object_component id="oc-264">
         <name>.debug_info</name>
         <load_address>0xb0dd</load_address>
         <run_address>0xb0dd</run_address>
         <size>0x340</size>
         <input_file_ref idref="fl-ce"/>
      </object_component>
      <object_component id="oc-16b">
         <name>.debug_info</name>
         <load_address>0xb41d</load_address>
         <run_address>0xb41d</run_address>
         <size>0x208</size>
         <input_file_ref idref="fl-ce"/>
      </object_component>
      <object_component id="oc-258">
         <name>.debug_info</name>
         <load_address>0xb625</load_address>
         <run_address>0xb625</run_address>
         <size>0x1c6</size>
         <input_file_ref idref="fl-ce"/>
      </object_component>
      <object_component id="oc-25e">
         <name>.debug_info</name>
         <load_address>0xb7eb</load_address>
         <run_address>0xb7eb</run_address>
         <size>0x179</size>
         <input_file_ref idref="fl-ce"/>
      </object_component>
      <object_component id="oc-26a">
         <name>.debug_info</name>
         <load_address>0xb964</load_address>
         <run_address>0xb964</run_address>
         <size>0x69</size>
         <input_file_ref idref="fl-ce"/>
      </object_component>
      <object_component id="oc-1c4">
         <name>.debug_info</name>
         <load_address>0xb9cd</load_address>
         <run_address>0xb9cd</run_address>
         <size>0x14c</size>
         <input_file_ref idref="fl-cf"/>
      </object_component>
      <object_component id="oc-21b">
         <name>.debug_info</name>
         <load_address>0xbb19</load_address>
         <run_address>0xbb19</run_address>
         <size>0x128</size>
         <input_file_ref idref="fl-d0"/>
      </object_component>
      <object_component id="oc-220">
         <name>.debug_info</name>
         <load_address>0xbc41</load_address>
         <run_address>0xbc41</run_address>
         <size>0x12a</size>
         <input_file_ref idref="fl-d0"/>
      </object_component>
      <object_component id="oc-1bc">
         <name>.debug_info</name>
         <load_address>0xbd6b</load_address>
         <run_address>0xbd6b</run_address>
         <size>0x13a</size>
         <input_file_ref idref="fl-d1"/>
      </object_component>
      <object_component id="oc-1b5">
         <name>.debug_info</name>
         <load_address>0xbea5</load_address>
         <run_address>0xbea5</run_address>
         <size>0x13a</size>
         <input_file_ref idref="fl-d2"/>
      </object_component>
      <object_component id="oc-225">
         <name>.debug_info</name>
         <load_address>0xbfdf</load_address>
         <run_address>0xbfdf</run_address>
         <size>0x12e</size>
         <input_file_ref idref="fl-d3"/>
      </object_component>
      <object_component id="oc-1ce">
         <name>.debug_info</name>
         <load_address>0xc10d</load_address>
         <run_address>0xc10d</run_address>
         <size>0x13e</size>
         <input_file_ref idref="fl-d4"/>
      </object_component>
      <object_component id="oc-1d3">
         <name>.debug_info</name>
         <load_address>0xc24b</load_address>
         <run_address>0xc24b</run_address>
         <size>0x12c</size>
         <input_file_ref idref="fl-d5"/>
      </object_component>
      <object_component id="oc-1c0">
         <name>.debug_info</name>
         <load_address>0xc377</load_address>
         <run_address>0xc377</run_address>
         <size>0x12c</size>
         <input_file_ref idref="fl-d6"/>
      </object_component>
      <object_component id="oc-3f">
         <name>.debug_info</name>
         <load_address>0xc4a3</load_address>
         <run_address>0xc4a3</run_address>
         <size>0x119</size>
         <input_file_ref idref="fl-d7"/>
      </object_component>
      <object_component id="oc-1ec">
         <name>.debug_info</name>
         <load_address>0xc5bc</load_address>
         <run_address>0xc5bc</run_address>
         <size>0x12e</size>
         <input_file_ref idref="fl-d8"/>
      </object_component>
      <object_component id="oc-95">
         <name>.debug_info</name>
         <load_address>0xc6ea</load_address>
         <run_address>0xc6ea</run_address>
         <size>0x2d4</size>
         <input_file_ref idref="fl-d9"/>
      </object_component>
      <object_component id="oc-4e">
         <name>.debug_info</name>
         <load_address>0xc9be</load_address>
         <run_address>0xc9be</run_address>
         <size>0x1d2</size>
         <input_file_ref idref="fl-d9"/>
      </object_component>
      <object_component id="oc-90">
         <name>.debug_info</name>
         <load_address>0xcb90</load_address>
         <run_address>0xcb90</run_address>
         <size>0x46</size>
         <input_file_ref idref="fl-d9"/>
      </object_component>
      <object_component id="oc-ce">
         <name>.debug_info</name>
         <load_address>0xcbd6</load_address>
         <run_address>0xcbd6</run_address>
         <size>0x2c</size>
         <input_file_ref idref="fl-d9"/>
      </object_component>
      <object_component id="oc-49">
         <name>.debug_info</name>
         <load_address>0xcc02</load_address>
         <run_address>0xcc02</run_address>
         <size>0x2a8</size>
         <input_file_ref idref="fl-da"/>
      </object_component>
      <object_component id="oc-1c">
         <name>.debug_info</name>
         <load_address>0xceaa</load_address>
         <run_address>0xceaa</run_address>
         <size>0x1ea</size>
         <input_file_ref idref="fl-da"/>
      </object_component>
      <object_component id="oc-44">
         <name>.debug_info</name>
         <load_address>0xd094</load_address>
         <run_address>0xd094</run_address>
         <size>0x46</size>
         <input_file_ref idref="fl-da"/>
      </object_component>
      <object_component id="oc-88">
         <name>.debug_info</name>
         <load_address>0xd0da</load_address>
         <run_address>0xd0da</run_address>
         <size>0x2c</size>
         <input_file_ref idref="fl-da"/>
      </object_component>
      <object_component id="oc-86">
         <name>.debug_info</name>
         <load_address>0xd106</load_address>
         <run_address>0xd106</run_address>
         <size>0x29e</size>
         <input_file_ref idref="fl-db"/>
      </object_component>
      <object_component id="oc-16">
         <name>.debug_info</name>
         <load_address>0xd3a4</load_address>
         <run_address>0xd3a4</run_address>
         <size>0x250</size>
         <input_file_ref idref="fl-db"/>
      </object_component>
      <object_component id="oc-34">
         <name>.debug_info</name>
         <load_address>0xd5f4</load_address>
         <run_address>0xd5f4</run_address>
         <size>0x60</size>
         <input_file_ref idref="fl-db"/>
      </object_component>
      <object_component id="oc-c7">
         <name>.debug_info</name>
         <load_address>0xd654</load_address>
         <run_address>0xd654</run_address>
         <size>0x46</size>
         <input_file_ref idref="fl-db"/>
      </object_component>
      <object_component id="oc-81">
         <name>.debug_info</name>
         <load_address>0xd69a</load_address>
         <run_address>0xd69a</run_address>
         <size>0x39</size>
         <input_file_ref idref="fl-db"/>
      </object_component>
      <object_component id="oc-70">
         <name>.debug_info</name>
         <load_address>0xd6d3</load_address>
         <run_address>0xd6d3</run_address>
         <size>0x3b2</size>
         <input_file_ref idref="fl-dc"/>
      </object_component>
      <object_component id="oc-25">
         <name>.debug_info</name>
         <load_address>0xda85</load_address>
         <run_address>0xda85</run_address>
         <size>0x10c</size>
         <input_file_ref idref="fl-dc"/>
      </object_component>
      <object_component id="oc-36c">
         <name>.debug_info</name>
         <load_address>0xdb91</load_address>
         <run_address>0xdb91</run_address>
         <size>0x13f</size>
         <input_file_ref idref="fl-dc"/>
      </object_component>
      <object_component id="oc-292">
         <name>.debug_info</name>
         <load_address>0xdcd0</load_address>
         <run_address>0xdcd0</run_address>
         <size>0x168</size>
         <input_file_ref idref="fl-dc"/>
      </object_component>
      <object_component id="oc-299">
         <name>.debug_info</name>
         <load_address>0xde38</load_address>
         <run_address>0xde38</run_address>
         <size>0x18e</size>
         <input_file_ref idref="fl-dc"/>
      </object_component>
      <object_component id="oc-29f">
         <name>.debug_info</name>
         <load_address>0xdfc6</load_address>
         <run_address>0xdfc6</run_address>
         <size>0x19f</size>
         <input_file_ref idref="fl-dc"/>
      </object_component>
      <object_component id="oc-1a5">
         <name>.debug_info</name>
         <load_address>0xe165</load_address>
         <run_address>0xe165</run_address>
         <size>0x203</size>
         <input_file_ref idref="fl-dc"/>
      </object_component>
      <object_component id="oc-3f2">
         <name>.debug_info</name>
         <load_address>0xe368</load_address>
         <run_address>0xe368</run_address>
         <size>0x1db</size>
         <input_file_ref idref="fl-dc"/>
      </object_component>
      <object_component id="oc-19f">
         <name>.debug_info</name>
         <load_address>0xe543</load_address>
         <run_address>0xe543</run_address>
         <size>0x1a5</size>
         <input_file_ref idref="fl-dc"/>
      </object_component>
      <object_component id="oc-365">
         <name>.debug_info</name>
         <load_address>0xe6e8</load_address>
         <run_address>0xe6e8</run_address>
         <size>0x299</size>
         <input_file_ref idref="fl-dc"/>
      </object_component>
      <object_component id="oc-bb">
         <name>.debug_info</name>
         <load_address>0xe981</load_address>
         <run_address>0xe981</run_address>
         <size>0xb2</size>
         <input_file_ref idref="fl-dc"/>
      </object_component>
      <object_component id="oc-b6">
         <name>.debug_info</name>
         <load_address>0xea33</load_address>
         <run_address>0xea33</run_address>
         <size>0x2c</size>
         <input_file_ref idref="fl-dc"/>
      </object_component>
      <object_component id="oc-270">
         <name>.debug_info</name>
         <load_address>0xea5f</load_address>
         <run_address>0xea5f</run_address>
         <size>0x28a</size>
         <input_file_ref idref="fl-dd"/>
      </object_component>
      <object_component id="oc-171">
         <name>.debug_info</name>
         <load_address>0xece9</load_address>
         <run_address>0xece9</run_address>
         <size>0x273</size>
         <input_file_ref idref="fl-dd"/>
      </object_component>
      <object_component id="oc-272">
         <name>.debug_info</name>
         <load_address>0xef5c</load_address>
         <run_address>0xef5c</run_address>
         <size>0x2a4</size>
         <input_file_ref idref="fl-de"/>
      </object_component>
      <object_component id="oc-177">
         <name>.debug_info</name>
         <load_address>0xf200</load_address>
         <run_address>0xf200</run_address>
         <size>0x24d</size>
         <input_file_ref idref="fl-de"/>
      </object_component>
      <object_component id="oc-322">
         <name>.debug_info</name>
         <load_address>0xf44d</load_address>
         <run_address>0xf44d</run_address>
         <size>0x28f</size>
         <input_file_ref idref="fl-df"/>
      </object_component>
      <object_component id="oc-213">
         <name>.debug_info</name>
         <load_address>0xf6dc</load_address>
         <run_address>0xf6dc</run_address>
         <size>0x245</size>
         <input_file_ref idref="fl-df"/>
      </object_component>
      <object_component id="oc-28">
         <name>.debug_info</name>
         <load_address>0xf921</load_address>
         <run_address>0xf921</run_address>
         <size>0x10b</size>
         <input_file_ref idref="fl-e0"/>
      </object_component>
      <object_component id="oc-5d">
         <name>.debug_info</name>
         <load_address>0xfa2c</load_address>
         <run_address>0xfa2c</run_address>
         <size>0x1a9</size>
         <input_file_ref idref="fl-e0"/>
      </object_component>
      <object_component id="oc-376">
         <name>.debug_info</name>
         <load_address>0xfbd5</load_address>
         <run_address>0xfbd5</run_address>
         <size>0x289</size>
         <input_file_ref idref="fl-e1"/>
      </object_component>
      <object_component id="oc-373">
         <name>.debug_info</name>
         <load_address>0xfe5e</load_address>
         <run_address>0xfe5e</run_address>
         <size>0x10e</size>
         <input_file_ref idref="fl-e1"/>
      </object_component>
      <object_component id="oc-2c5">
         <name>.debug_info</name>
         <load_address>0xff6c</load_address>
         <run_address>0xff6c</run_address>
         <size>0x14e</size>
         <input_file_ref idref="fl-e1"/>
      </object_component>
      <object_component id="oc-37b">
         <name>.debug_info</name>
         <load_address>0x100ba</load_address>
         <run_address>0x100ba</run_address>
         <size>0x161</size>
         <input_file_ref idref="fl-e2"/>
      </object_component>
      <object_component id="oc-312">
         <name>.debug_info</name>
         <load_address>0x1021b</load_address>
         <run_address>0x1021b</run_address>
         <size>0x590</size>
         <input_file_ref idref="fl-e3"/>
      </object_component>
      <object_component id="oc-2e9">
         <name>.debug_info</name>
         <load_address>0x107ab</load_address>
         <run_address>0x107ab</run_address>
         <size>0x21e</size>
         <input_file_ref idref="fl-e3"/>
      </object_component>
      <object_component id="oc-3a3">
         <name>.debug_info</name>
         <load_address>0x109c9</load_address>
         <run_address>0x109c9</run_address>
         <size>0x1b3</size>
         <input_file_ref idref="fl-e3"/>
      </object_component>
      <object_component id="oc-3a9">
         <name>.debug_info</name>
         <load_address>0x10b7c</load_address>
         <run_address>0x10b7c</run_address>
         <size>0x21b</size>
         <input_file_ref idref="fl-e3"/>
      </object_component>
      <object_component id="oc-2ee">
         <name>.debug_info</name>
         <load_address>0x10d97</load_address>
         <run_address>0x10d97</run_address>
         <size>0x3c0</size>
         <input_file_ref idref="fl-e3"/>
      </object_component>
      <object_component id="oc-3af">
         <name>.debug_info</name>
         <load_address>0x11157</load_address>
         <run_address>0x11157</run_address>
         <size>0x30a</size>
         <input_file_ref idref="fl-e3"/>
      </object_component>
      <object_component id="oc-3b5">
         <name>.debug_info</name>
         <load_address>0x11461</load_address>
         <run_address>0x11461</run_address>
         <size>0x215</size>
         <input_file_ref idref="fl-e3"/>
      </object_component>
      <object_component id="oc-2f4">
         <name>.debug_info</name>
         <load_address>0x11676</load_address>
         <run_address>0x11676</run_address>
         <size>0x215</size>
         <input_file_ref idref="fl-e3"/>
      </object_component>
      <object_component id="oc-2fa">
         <name>.debug_info</name>
         <load_address>0x1188b</load_address>
         <run_address>0x1188b</run_address>
         <size>0x304</size>
         <input_file_ref idref="fl-e3"/>
      </object_component>
      <object_component id="oc-300">
         <name>.debug_info</name>
         <load_address>0x11b8f</load_address>
         <run_address>0x11b8f</run_address>
         <size>0x4b5</size>
         <input_file_ref idref="fl-e3"/>
      </object_component>
      <object_component id="oc-1fd">
         <name>.debug_info</name>
         <load_address>0x12044</load_address>
         <run_address>0x12044</run_address>
         <size>0x5f4</size>
         <input_file_ref idref="fl-e3"/>
      </object_component>
      <object_component id="oc-313">
         <name>.debug_info</name>
         <load_address>0x12638</load_address>
         <run_address>0x12638</run_address>
         <size>0x86</size>
         <input_file_ref idref="fl-e3"/>
      </object_component>
      <object_component id="oc-3d4">
         <name>.debug_info</name>
         <load_address>0x126be</load_address>
         <run_address>0x126be</run_address>
         <size>0x39</size>
         <input_file_ref idref="fl-e3"/>
      </object_component>
      <object_component id="oc-42c">
         <name>.debug_info</name>
         <load_address>0x126f7</load_address>
         <run_address>0x126f7</run_address>
         <size>0xb6</size>
         <input_file_ref idref="fl-e3"/>
      </object_component>
      <object_component id="oc-3d9">
         <name>.debug_info</name>
         <load_address>0x127ad</load_address>
         <run_address>0x127ad</run_address>
         <size>0x46</size>
         <input_file_ref idref="fl-e3"/>
      </object_component>
      <object_component id="oc-318">
         <name>.debug_info</name>
         <load_address>0x127f3</load_address>
         <run_address>0x127f3</run_address>
         <size>0x46</size>
         <input_file_ref idref="fl-e3"/>
      </object_component>
      <object_component id="oc-98">
         <name>.debug_info</name>
         <load_address>0x12839</load_address>
         <run_address>0x12839</run_address>
         <size>0x147</size>
         <input_file_ref idref="fl-e4"/>
      </object_component>
      <object_component id="oc-396">
         <name>.debug_info</name>
         <load_address>0x12980</load_address>
         <run_address>0x12980</run_address>
         <size>0x134</size>
         <input_file_ref idref="fl-e5"/>
      </object_component>
      <object_component id="oc-242">
         <name>.debug_info</name>
         <load_address>0x12ab4</load_address>
         <run_address>0x12ab4</run_address>
         <size>0x4b3</size>
         <input_file_ref idref="fl-e6"/>
      </object_component>
      <object_component id="oc-130">
         <name>.debug_info</name>
         <load_address>0x12f67</load_address>
         <run_address>0x12f67</run_address>
         <size>0x1a6</size>
         <input_file_ref idref="fl-e6"/>
      </object_component>
      <object_component id="oc-33c">
         <name>.debug_info</name>
         <load_address>0x1310d</load_address>
         <run_address>0x1310d</run_address>
         <size>0x39</size>
         <input_file_ref idref="fl-e6"/>
      </object_component>
      <object_component id="oc-3e5">
         <name>.debug_info</name>
         <load_address>0x13146</load_address>
         <run_address>0x13146</run_address>
         <size>0x39</size>
         <input_file_ref idref="fl-e6"/>
      </object_component>
      <object_component id="oc-341">
         <name>.debug_info</name>
         <load_address>0x1317f</load_address>
         <run_address>0x1317f</run_address>
         <size>0x39</size>
         <input_file_ref idref="fl-e6"/>
      </object_component>
      <object_component id="oc-346">
         <name>.debug_info</name>
         <load_address>0x131b8</load_address>
         <run_address>0x131b8</run_address>
         <size>0xcd</size>
         <input_file_ref idref="fl-e6"/>
      </object_component>
      <object_component id="oc-a0">
         <name>.debug_info</name>
         <load_address>0x13285</load_address>
         <run_address>0x13285</run_address>
         <size>0x153</size>
         <input_file_ref idref="fl-e7"/>
      </object_component>
      <object_component id="oc-126">
         <name>.debug_info</name>
         <load_address>0x133d8</load_address>
         <run_address>0x133d8</run_address>
         <size>0x122</size>
         <input_file_ref idref="fl-e9"/>
      </object_component>
      <object_component id="oc-336">
         <name>.debug_info</name>
         <load_address>0x134fa</load_address>
         <run_address>0x134fa</run_address>
         <size>0x2c9</size>
         <input_file_ref idref="fl-ea"/>
      </object_component>
      <object_component id="oc-23c">
         <name>.debug_info</name>
         <load_address>0x137c3</load_address>
         <run_address>0x137c3</run_address>
         <size>0x11e</size>
         <input_file_ref idref="fl-ea"/>
      </object_component>
      <object_component id="oc-32f">
         <name>.debug_info</name>
         <load_address>0x138e1</load_address>
         <run_address>0x138e1</run_address>
         <size>0x12e</size>
         <input_file_ref idref="fl-ea"/>
      </object_component>
      <object_component id="oc-41a">
         <name>.debug_info</name>
         <load_address>0x13a0f</load_address>
         <run_address>0x13a0f</run_address>
         <size>0x29c</size>
         <input_file_ref idref="fl-eb"/>
      </object_component>
      <object_component id="oc-39d">
         <name>.debug_info</name>
         <load_address>0x13cab</load_address>
         <run_address>0x13cab</run_address>
         <size>0x1da</size>
         <input_file_ref idref="fl-eb"/>
      </object_component>
      <object_component id="oc-394">
         <name>.debug_info</name>
         <load_address>0x13e85</load_address>
         <run_address>0x13e85</run_address>
         <size>0x2b9</size>
         <input_file_ref idref="fl-ed"/>
      </object_component>
      <object_component id="oc-2e2">
         <name>.debug_info</name>
         <load_address>0x1413e</load_address>
         <run_address>0x1413e</run_address>
         <size>0x17c</size>
         <input_file_ref idref="fl-ed"/>
      </object_component>
      <object_component id="oc-410">
         <name>.debug_info</name>
[...]
         <value>0x2c7</value>
         <object_component_ref idref="oc-f5"/>
      </symbol>
      <symbol id="sm-236">
         <name>oi_uartSendBuff</name>
         <value>0xa77</value>
         <object_component_ref idref="oc-f5"/>
      </symbol>
      <symbol id="sm-237">
         <name>oi_checkFirmware</name>
         <value>0xaa9</value>
         <object_component_ref idref="oc-f5"/>
      </symbol>
      <symbol id="sm-238">
         <name>oi_init_noupdate</name>
         <value>0x289</value>
         <object_component_ref idref="oc-f5"/>
      </symbol>
      <symbol id="sm-239">
         <name>oi_uartSendChar</name>
         <value>0xa15</value>
         <object_component_ref idref="oc-f5"/>
      </symbol>
      <symbol id="sm-23a">
         <name>oi_alloc</name>
         <value>0x26d</value>
         <object_component_ref idref="oc-f5"/>
      </symbol>
      <symbol id="sm-23b">
         <name>oi_getMotorCalibrationLeft</name>
         <value>0xded</value>
         <object_component_ref idref="oc-f5"/>
      </symbol>
      <symbol id="sm-23c">
         <name>oi_loadSong</name>
         <value>0x915</value>
         <object_component_ref idref="oc-f5"/>
      </symbol>
      <symbol id="sm-23d">
         <name>oi_play_song</name>
         <value>0x96b</value>
         <object_component_ref idref="oc-f5"/>
      </symbol>
      <symbol id="sm-23e">
         <name>oi_parsePacket</name>
         <value>0x32b</value>
         <object_component_ref idref="oc-f5"/>
      </symbol>
      <symbol id="sm-23f">
         <name>oi_setLeds</name>
         <value>0x84b</value>
         <object_component_ref idref="oc-f5"/>
      </symbol>
      <symbol id="sm-240">
         <name>oi_init</name>
         <value>0x2b1</value>
         <object_component_ref idref="oc-f5"/>
      </symbol>
      <symbol id="sm-241">
         <name>oi_update</name>
         <value>0x2d9</value>
         <object_component_ref idref="oc-f5"/>
      </symbol>
      <symbol id="sm-242">
         <name>oi_uartInit</name>
         <value>0x98d</value>
         <object_component_ref idref="oc-f5"/>
      </symbol>
      <symbol id="sm-28a">
         <name>ms_end_time</name>
         <value>0x200022b4</value>
         <object_component_ref idref="oc-2db"/>
      </symbol>
      <symbol id="sm-28b">
         <name>ms_start_time</name>
         <value>0x200022b0</value>
         <object_component_ref idref="oc-2db"/>
      </symbol>
      <symbol id="sm-28c">
         <name>g_end_time</name>
         <value>0x200022ac</value>
         <object_component_ref idref="oc-2db"/>
      </symbol>
      <symbol id="sm-28d">
         <name>TIMER3B_Handler</name>
         <value>0x27a3</value>
         <object_component_ref idref="oc-1f4"/>
      </symbol>
      <symbol id="sm-28e">
         <name>ping_init</name>
         <value>0x2655</value>
         <object_component_ref idref="oc-1f4"/>
      </symbol>
      <symbol id="sm-28f">
         <name>g_state</name>
         <value>0x200022b8</value>
         <object_component_ref idref="oc-2db"/>
      </symbol>
      <symbol id="sm-290">
         <name>g_start_time</name>
         <value>0x200022a8</value>
         <object_component_ref idref="oc-2db"/>
      </symbol>
      <symbol id="sm-291">
         <name>ping_getDistance</name>
         <value>0x27f5</value>
         <object_component_ref idref="oc-1f4"/>
      </symbol>
      <symbol id="sm-292">
         <name>ping_trigger</name>
         <value>0x271b</value>
         <object_component_ref idref="oc-1f4"/>
      </symbol>
      <symbol id="sm-2a1">
         <name>printWholeString</name>
         <value>0x51ed</value>
         <object_component_ref idref="oc-10d"/>
      </symbol>
      <symbol id="sm-2bb">
         <name>fullScan</name>
         <value>0x4501</value>
         <object_component_ref idref="oc-101"/>
      </symbol>
      <symbol id="sm-2bc">
         <name>get_PING_Dist</name>
         <value>0x44ef</value>
         <object_component_ref idref="oc-101"/>
      </symbol>
      <symbol id="sm-2bd">
         <name>get_IR_Dist</name>
         <value>0x448d</value>
         <object_component_ref idref="oc-101"/>
      </symbol>
      <symbol id="sm-2e5">
         <name>servo_move</name>
         <value>0x4305</value>
         <object_component_ref idref="oc-ef"/>
      </symbol>
      <symbol id="sm-2e6">
         <name>leftVal</name>
         <value>0x20002290</value>
         <object_component_ref idref="oc-19a"/>
      </symbol>
      <symbol id="sm-2e7">
         <name>servo_init</name>
         <value>0x425d</value>
         <object_component_ref idref="oc-ef"/>
      </symbol>
      <symbol id="sm-2e8">
         <name>button</name>
         <value>0x200022a4</value>
         <object_component_ref idref="oc-19a"/>
      </symbol>
      <symbol id="sm-2e9">
         <name>direction</name>
         <value>0x2000229c</value>
         <object_component_ref idref="oc-19a"/>
      </symbol>
      <symbol id="sm-2ea">
         <name>moved</name>
         <value>0x200022a0</value>
         <object_component_ref idref="oc-19a"/>
      </symbol>
      <symbol id="sm-2eb">
         <name>rightVal</name>
         <value>0x20002294</value>
         <object_component_ref idref="oc-19a"/>
      </symbol>
      <symbol id="sm-2ec">
         <name>newPos</name>
         <value>0x20002298</value>
         <object_component_ref idref="oc-19a"/>
      </symbol>
      <symbol id="sm-333">
         <name>tacos</name>
         <value>0x200022dc</value>
         <object_component_ref idref="oc-1d8"/>
      </symbol>
      <symbol id="sm-334">
         <name>music</name>
         <value>0x3777</value>
         <object_component_ref idref="oc-fb"/>
      </symbol>
      <symbol id="sm-335">
         <name>customerFound</name>
         <value>0x200022e0</value>
         <object_component_ref idref="oc-1d8"/>
      </symbol>
      <symbol id="sm-336">
         <name>supplyBot</name>
         <value>0x36c5</value>
         <object_component_ref idref="oc-fb"/>
      </symbol>
      <symbol id="sm-337">
         <name>supplyCustomers</name>
         <value>0x36e7</value>
         <object_component_ref idref="oc-fb"/>
      </symbol>
      <symbol id="sm-353">
         <name>ResetISR</name>
         <value>0x538d</value>
         <object_component_ref idref="oc-2a"/>
      </symbol>
      <symbol id="sm-354">
         <name>g_pfnVectors</name>
         <value>0x0</value>
         <object_component_ref idref="oc-12"/>
      </symbol>
      <symbol id="sm-39e">
         <name>UART1_Handler</name>
         <value>0x2dcd</value>
         <object_component_ref idref="oc-e3"/>
      </symbol>
      <symbol id="sm-39f">
         <name>command_byte</name>
         <value>0x200022bc</value>
         <object_component_ref idref="oc-119"/>
      </symbol>
      <symbol id="sm-3a0">
         <name>uart_sendChar</name>
         <value>0x2d65</value>
         <object_component_ref idref="oc-e3"/>
      </symbol>
      <symbol id="sm-3a1">
         <name>uart_interrupt_init</name>
         <value>0x2cb1</value>
         <object_component_ref idref="oc-e3"/>
      </symbol>
      <symbol id="sm-3a2">
         <name>update_flag</name>
         <value>0x200022c8</value>
         <object_component_ref idref="oc-119"/>
      </symbol>
      <symbol id="sm-3a3">
         <name>command_flag</name>
         <value>0x200022c0</value>
         <object_component_ref idref="oc-119"/>
      </symbol>
      <symbol id="sm-3a4">
         <name>uart_receive_nonblocking</name>
         <value>0x2da1</value>
         <object_component_ref idref="oc-e3"/>
      </symbol>
      <symbol id="sm-3a5">
         <name>input</name>
         <value>0x200022c4</value>
         <object_component_ref idref="oc-119"/>
      </symbol>
      <symbol id="sm-3a6">
         <name>uart_receive</name>
         <value>0x2d81</value>
         <object_component_ref idref="oc-e3"/>
      </symbol>
      <symbol id="sm-3a7">
         <name>uart_sendStr</name>
         <value>0x2da7</value>
         <object_component_ref idref="oc-e3"/>
      </symbol>
      <symbol id="sm-43d">
         <name>pow</name>
         <value>0x18dd</value>
         <object_component_ref idref="oc-1ee"/>
      </symbol>
      <symbol id="sm-43e">
         <name>powl</name>
         <value>0x18dd</value>
         <object_component_ref idref="oc-1ee"/>
      </symbol>
      <symbol id="sm-460">
         <name>sqrtl</name>
         <value>0x3c4d</value>
         <object_component_ref idref="oc-2be"/>
      </symbol>
      <symbol id="sm-461">
         <name>sqrt</name>
         <value>0x3c4d</value>
         <object_component_ref idref="oc-2be"/>
      </symbol>
      <symbol id="sm-488">
         <name>scalbn</name>
         <value>0x437d</value>
         <object_component_ref idref="oc-2cd"/>
      </symbol>
      <symbol id="sm-489">
         <name>scalbnl</name>
         <value>0x437d</value>
         <object_component_ref idref="oc-2cd"/>
      </symbol>
      <symbol id="sm-48a">
         <name>ldexpl</name>
         <value>0x437d</value>
         <object_component_ref idref="oc-2cd"/>
      </symbol>
      <symbol id="sm-48b">
         <name>ldexp</name>
         <value>0x437d</value>
         <object_component_ref idref="oc-2cd"/>
      </symbol>
      <symbol id="sm-4b2">
         <name>sprintf</name>
         <value>0x4fcd</value>
         <object_component_ref idref="oc-107"/>
      </symbol>
      <symbol id="sm-4dc">
         <name>vsnprintf</name>
         <value>0x500d</value>
         <object_component_ref idref="oc-16a"/>
      </symbol>
      <symbol id="sm-4f3">
         <name>__aeabi_dsub</name>
         <value>0x3a95</value>
         <object_component_ref idref="oc-1c3"/>
      </symbol>
      <symbol id="sm-4f4">
         <name>__aeabi_dadd</name>
         <value>0x3a9f</value>
         <object_component_ref idref="oc-1c3"/>
      </symbol>
      <symbol id="sm-516">
         <name>__aeabi_cdcmpeq</name>
         <value>0x4a59</value>
         <object_component_ref idref="oc-218"/>
      </symbol>
      <symbol id="sm-517">
         <name>__aeabi_cdcmple</name>
         <value>0x4a59</value>
         <object_component_ref idref="oc-218"/>
      </symbol>
      <symbol id="sm-518">
         <name>__aeabi_cdrcmple</name>
         <value>0x4adf</value>
         <object_component_ref idref="oc-21d"/>
      </symbol>
      <symbol id="sm-52c">
         <name>__aeabi_ddiv</name>
         <value>0x3ee1</value>
         <object_component_ref idref="oc-1b9"/>
      </symbol>
      <symbol id="sm-537">
         <name>__aeabi_dmul</name>
         <value>0x4695</value>
         <object_component_ref idref="oc-1b4"/>
      </symbol>
      <symbol id="sm-541">
         <name>__aeabi_d2iz</name>
         <value>0x4f41</value>
         <object_component_ref idref="oc-222"/>
      </symbol>
      <symbol id="sm-54d">
         <name>__aeabi_d2f</name>
         <value>0x4cbf</value>
         <object_component_ref idref="oc-1cb"/>
      </symbol>
      <symbol id="sm-558">
         <name>__aeabi_f2d</name>
         <value>0x50c5</value>
         <object_component_ref idref="oc-1d0"/>
      </symbol>
      <symbol id="sm-562">
         <name>__aeabi_i2d</name>
         <value>0x5195</value>
         <object_component_ref idref="oc-1be"/>
      </symbol>
      <symbol id="sm-57d">
         <name>memcpy</name>
         <value>0x4927</value>
         <object_component_ref idref="oc-3e"/>
      </symbol>
      <symbol id="sm-57e">
         <name>__aeabi_memcpy</name>
         <value>0x4927</value>
         <object_component_ref idref="oc-3e"/>
      </symbol>
      <symbol id="sm-57f">
         <name>__aeabi_memcpy8</name>
         <value>0x4927</value>
         <object_component_ref idref="oc-3e"/>
      </symbol>
      <symbol id="sm-580">
         <name>__aeabi_memcpy4</name>
         <value>0x4927</value>
         <object_component_ref idref="oc-3e"/>
      </symbol>
      <symbol id="sm-58a">
         <name>__aeabi_ui2d</name>
         <value>0x5215</value>
         <object_component_ref idref="oc-1e9"/>
      </symbol>
      <symbol id="sm-5a3">
         <name>__TI_zero_init_nomemset</name>
         <value>0x5235</value>
         <object_component_ref idref="oc-4a"/>
      </symbol>
      <symbol id="sm-5ba">
         <name>__TI_decompress_none</name>
         <value>0x5373</value>
         <object_component_ref idref="oc-1b"/>
      </symbol>
      <symbol id="sm-5dd">
         <name>__TI_decompress_lzss</name>
         <value>0x4d2d</value>
         <object_component_ref idref="oc-15"/>
      </symbol>
      <symbol id="sm-672">
         <name>_sys_memory</name>
         <value>0x20001270</value>
         <object_component_ref idref="oc-24"/>
      </symbol>
      <symbol id="sm-673">
         <name>free</name>
         <value>0x4791</value>
         <object_component_ref idref="oc-1a4"/>
      </symbol>
      <symbol id="sm-674">
         <name>memalign</name>
         <value>0x4595</value>
         <object_component_ref idref="oc-364"/>
      </symbol>
      <symbol id="sm-675">
         <name>calloc</name>
         <value>0x508d</value>
         <object_component_ref idref="oc-19e"/>
      </symbol>
      <symbol id="sm-676">
         <name>malloc</name>
         <value>0x53ad</value>
         <object_component_ref idref="oc-291"/>
      </symbol>
      <symbol id="sm-677">
         <name>aligned_alloc</name>
         <value>0x4595</value>
         <object_component_ref idref="oc-364"/>
      </symbol>
      <symbol id="sm-686">
         <name>strcmp</name>
         <value>0x52eb</value>
         <object_component_ref idref="oc-170"/>
      </symbol>
      <symbol id="sm-694">
         <name>strcpy</name>
         <value>0x5319</value>
         <object_component_ref idref="oc-176"/>
      </symbol>
      <symbol id="sm-6a2">
         <name>strlen</name>
         <value>0x532d</value>
         <object_component_ref idref="oc-210"/>
      </symbol>
      <symbol id="sm-6b5">
         <name>__stack</name>
         <value>0x20000270</value>
         <object_component_ref idref="oc-27"/>
      </symbol>
      <symbol id="sm-6b6">
         <name>_c_int00_noargs</name>
         <value>0x5131</value>
         <object_component_ref idref="oc-5c"/>
      </symbol>
      <symbol id="sm-6cc">
         <name>__aeabi_errno_addr</name>
         <value>0x53a5</value>
         <object_component_ref idref="oc-2c4"/>
      </symbol>
      <symbol id="sm-6cd">
         <name>errno</name>
         <value>0x200022e4</value>
         <object_component_ref idref="oc-372"/>
      </symbol>
      <symbol id="sm-6d7">
         <name>copysign</name>
         <value>0x5289</value>
         <object_component_ref idref="oc-379"/>
      </symbol>
      <symbol id="sm-6d8">
         <name>copysignl</name>
         <value>0x5289</value>
         <object_component_ref idref="oc-379"/>
      </symbol>
      <symbol id="sm-83d">
         <name>__TI_printfi</name>
         <value>0xe8d</value>
         <object_component_ref idref="oc-1fc"/>
      </symbol>
      <symbol id="sm-84c">
         <name>__aeabi_memset</name>
         <value>0x4b67</value>
         <object_component_ref idref="oc-96"/>
      </symbol>
      <symbol id="sm-84d">
         <name>memset</name>
         <value>0x4b6d</value>
         <object_component_ref idref="oc-96"/>
      </symbol>
      <symbol id="sm-84e">
         <name>__aeabi_memset8</name>
         <value>0x4b67</value>
         <object_component_ref idref="oc-96"/>
      </symbol>
      <symbol id="sm-84f">
         <name>__aeabi_memset4</name>
         <value>0x4b67</value>
         <object_component_ref idref="oc-96"/>
      </symbol>
      <symbol id="sm-850">
         <name>__aeabi_memclr8</name>
         <value>0x4b65</value>
         <object_component_ref idref="oc-96"/>
      </symbol>
      <symbol id="sm-851">
         <name>__aeabi_memclr4</name>
         <value>0x4b65</value>
         <object_component_ref idref="oc-96"/>
      </symbol>
      <symbol id="sm-852">
         <name>__aeabi_memclr</name>
         <value>0x4b65</value>
         <object_component_ref idref="oc-96"/>
      </symbol>
      <symbol id="sm-85f">
         <name>__aeabi_uldivmod</name>
         <value>0x49c3</value>
         <object_component_ref idref="oc-395"/>
      </symbol>
      <symbol id="sm-887">
         <name>__TI_auto_init_nobinit_nopinit</name>
         <value>0x4f89</value>
         <object_component_ref idref="oc-12f"/>
      </symbol>
      <symbol id="sm-891">
         <name>_system_pre_init</name>
         <value>0x53b5</value>
         <object_component_ref idref="oc-9c"/>
      </symbol>
      <symbol id="sm-89d">
         <name>C$$EXIT</name>
         <value>0x53b9</value>
         <object_component_ref idref="oc-123"/>
      </symbol>
      <symbol id="sm-89e">
         <name>abort</name>
         <value>0x53b9</value>
         <object_component_ref idref="oc-123"/>
      </symbol>
      <symbol id="sm-8b3">
         <name>_nop</name>
         <value>0x18db</value>
         <object_component_ref idref="oc-32e"/>
      </symbol>
      <symbol id="sm-8b4">
         <name>_lock</name>
         <value>0x200022cc</value>
         <object_component_ref idref="oc-23b"/>
      </symbol>
      <symbol id="sm-8b5">
         <name>_unlock</name>
         <value>0x200022d0</value>
         <object_component_ref idref="oc-23b"/>
      </symbol>
      <symbol id="sm-8c4">
         <name>__TI_ltoa</name>
         <value>0x4e4f</value>
         <object_component_ref idref="oc-39b"/>
      </symbol>
      <symbol id="sm-8db">
         <name>atoi</name>
         <value>0x4ef5</value>
         <object_component_ref idref="oc-2e1"/>
      </symbol>
      <symbol id="sm-8e6">
         <name>_ctypes_</name>
         <value>0x53c0</value>
         <object_component_ref idref="oc-390"/>
      </symbol>
      <symbol id="sm-8f6">
         <name>memccpy</name>
         <value>0x526d</value>
         <object_component_ref idref="oc-305"/>
      </symbol>
      <symbol id="sm-906">
         <name>strchr</name>
         <value>0x5303</value>
         <object_component_ref idref="oc-3c2"/>
      </symbol>
      <symbol id="sm-91f">
         <name>wcslen</name>
         <value>0x5341</value>
         <object_component_ref idref="oc-30b"/>
      </symbol>
      <symbol id="sm-935">
         <name>frexpl</name>
         <value>0x4d95</value>
         <object_component_ref idref="oc-3bc"/>
      </symbol>
      <symbol id="sm-936">
         <name>frexp</name>
         <value>0x4d95</value>
         <object_component_ref idref="oc-3bc"/>
      </symbol>
      <symbol id="sm-940">
         <name>__aeabi_idiv0</name>
         <value>0x3c4b</value>
         <object_component_ref idref="oc-413"/>
      </symbol>
      <symbol id="sm-941">
         <name>__aeabi_ldiv0</name>
         <value>0x3c4b</value>
         <object_component_ref idref="oc-413"/>
      </symbol>
      <symbol id="sm-970">
         <name>IntRegister</name>
         <value>0x50fd</value>
         <object_component_ref idref="oc-186"/>
      </symbol>
      <symbol id="sm-971">
         <name>g_pfnRAMVectors</name>
         <value>0x20000000</value>
         <object_component_ref idref="oc-27a"/>
      </symbol>
      <symbol id="sm-972">
         <name>IntMasterEnable</name>
         <value>0x5353</value>
         <object_component_ref idref="oc-191"/>
      </symbol>
      <symbol id="sm-97c">
         <name>CPUcpsie</name>
         <value>0x5381</value>
         <object_component_ref idref="oc-286"/>
      </symbol>
      <symbol id="sm-97d">
         <name>__TI_static_base__</name>
         <value>0x0</value>
      </symbol>
      <symbol id="sm-980">
         <name>__mpu_init</name>
         <value>0x0</value>
      </symbol>
      <symbol id="sm-981">
         <name>_system_post_cinit</name>
         <value>0x0</value>
      </symbol>
   </symbol_table>
   <title>Link successful</title>
</link_info>
