******************************************************************************
                  TI ARM Linker PC v20.2.7                     
******************************************************************************
>> Linked Wed May  7 21:05:43 2025

OUTPUT FILE NAME:   <FINAL.out>
ENTRY POINT SYMBOL: "_c_int00_noargs"  address: 000066d5


MEMORY CONFIGURATION

         name            origin    length      used     unused   attr    fill
----------------------  --------  ---------  --------  --------  ----  --------
  FLASH                 00000000   00040000  00006feb  00039015  R  X
  SRAM                  20000000   00008000  00002350  00005cb0  RW X


SEGMENT ALLOCATION MAP

run origin  load origin   length   init length attrs members
----------  ----------- ---------- ----------- ----- -------
00000000    00000000    00006ff0   00006ff0    r-x
  00000000    00000000    0000026c   0000026c    r-- .intvecs
  0000026c    0000026c    000066f4   000066f4    r-x .text
  00006960    00006960    00000623   00000623    r-- .const
  00006f88    00006f88    00000068   00000068    r-- .cinit
20000000    20000000    00002354   00000000    rw-
  20000000    20000000    0000026c   00000000    rw- .vtable
  20000270    20000270    00001000   00000000    rw- .stack
  20001270    20001270    00001000   00000000    rw- .sysmem
  20002270    20002270    00000070   00000000    rw- .bss
  200022e0    200022e0    00000074   00000000    rw- .data


SECTION ALLOCATION MAP

 output                                  attributes/
section   page    origin      length       input sections
--------  ----  ----------  ----------   ----------------
.intvecs   0    00000000    0000026c     
                  00000000    0000026c     tm4c123gh6pm_startup_ccs.obj (.intvecs)

.text      0    0000026c    000066f4     
                  0000026c    00000c20     open_interface.obj (.text)
                  00000e8c    00000a4e     rtsv7M4_T_le_v4SPD16_eabi.lib : _printfi.c.obj (.text:__TI_printfi)
                  000018da    00000002                                   : _lock.c.obj (.text:_nop)
                  000018dc    000009d0                                   : e_pow.c.obj (.text:pow)
                  000022ac    00000738                                   : k_rem_pio2.c.obj (.text:__kernel_rem_pio2)
                  000029e4    00000520     scan.obj (.text)
                  00002f04    00000508     rtsv7M4_T_le_v4SPD16_eabi.lib : s_tan.c.obj (.text:tan)
                  0000340c    000003a8     movement.obj (.text)
                  000037b4    00000334     ping.obj (.text)
                  00003ae8    00000328     lcd.obj (.text)
                  00003e10    0000031c     rtsv7M4_T_le_v4SPD16_eabi.lib : k_tan.c.obj (.text:__kernel_tan)
                  0000412c    000002ac     main.obj (.text)
                  000043d8    000002a0     taco.obj (.text)
                  00004678    00000270     rtsv7M4_T_le_v4SPD16_eabi.lib : _printfi.c.obj (.text:_pconv_a)
                  000048e8    00000250     uart-interrupt.obj (.text)
                  00004b38    00000248     Timer.obj (.text)
                  00004d80    000001d0     rtsv7M4_T_le_v4SPD16_eabi.lib : _printfi.c.obj (.text:_pconv_g)
                  00004f50    000001b6                                   : fd_add_t2.asm.obj (.text)
                  00005106    00000002                                   : div0.asm.obj (.text)
                  00005108    00000158                                   : e_sqrt.c.obj (.text:sqrt)
                  00005260    0000013c                                   : _printfi.c.obj (.text:_pconv_e)
                  0000539c    00000136                                   : fd_div_t2.asm.obj (.text)
                  000054d2    00000002     --HOLE-- [fill = 0]
                  000054d4    00000124                                   : _printfi.c.obj (.text:fcvt)
                  000055f8    00000120     adc.obj (.text)
                  00005718    00000120     servo.obj (.text)
                  00005838    00000110     rtsv7M4_T_le_v4SPD16_eabi.lib : s_scalbn.c.obj (.text:scalbn)
                  00005948    00000100                                   : memory.c.obj (.text:aligned_alloc)
                  00005a48    000000fc                                   : fd_mul_t2.asm.obj (.text)
                  00005b44    000000f8                                   : s_ceil.c.obj (.text:ceil)
                  00005c3c    000000f8                                   : s_floor.c.obj (.text:floor)
                  00005d34    000000e4                                   : memory.c.obj (.text:free)
                  00005e18    000000b1                                   : _printfi.c.obj (.text:_ltostr)
                  00005ec9    00000001     --HOLE-- [fill = 0]
                  00005eca    0000009c                                   : memcpy_t2.asm.obj (.text)
                  00005f66    00000096                                   : ull_div_t2.asm.obj (.text)
                  00005ffc    00000086                                   : fd_cmp_t2.asm.obj (.text:__aeabi_cdcmple)
                  00006082    00000086                                   : fd_cmp_t2.asm.obj (.text:__aeabi_cdrcmple)
                  00006108    0000007a                                   : memset_t2.asm.obj (.text)
                  00006182    00000002     --HOLE-- [fill = 0]
                  00006184    00000070                                   : memory.c.obj (.text:split)
                  000061f4    0000006e                                   : _printfi.c.obj (.text:_mcpy)
                  00006262    0000006e                                   : fd_tos_t2.asm.obj (.text)
                  000062d0    00000068                                   : copy_decompress_lzss.c.obj (.text:decompress:lzss:__TI_decompress_lzss)
                  00006338    00000064                                   : s_frexp.c.obj (.text:frexp)
                  0000639c    00000056                                   : _printfi.c.obj (.text:_pconv_f)
                  000063f2    00000054                                   : _ltoa.c.obj (.text:__TI_ltoa)
                  00006446    00000052                                   : _printfi.c.obj (.text:_ecpy)
                  00006498    0000004c                                   : atoi.c.obj (.text:atoi)
                  000064e4    00000048                                   : fd_toi_t2.asm.obj (.text)
                  0000652c    00000044                                   : autoinit.c.obj (.text:__TI_auto_init_nobinit_nopinit:__TI_auto_init_nobinit_nopinit)
                  00006570    00000040                                   : sprintf.c.obj (.text:sprintf)
                  000065b0    00000040                                   : vsnprintf.c.obj (.text:vsnprintf)
                  000065f0    0000003e                                   : _printfi.c.obj (.text:_fcpy)
                  0000662e    00000002     --HOLE-- [fill = 0]
                  00006630    00000038                                   : memory.c.obj (.text:calloc)
                  00006668    00000038                                   : fs_tod_t2.asm.obj (.text)
                  000066a0    00000034     driverlib.lib : interrupt.obj (.text:IntRegister)
                  000066d4    00000034     rtsv7M4_T_le_v4SPD16_eabi.lib : boot_cortex_m.c.obj (.text:_c_int00_noargs:_c_int00_noargs)
                  00006708    00000030                                   : vsnprintf.c.obj (.text:_outs)
                  00006738    0000002e                                   : i_tofd_t2.asm.obj (.text)
                  00006766    00000002     --HOLE-- [fill = 0]
                  00006768    00000028                                   : memory.c.obj (.text:free_list_insert)
                  00006790    00000028     putty.obj (.text)
                  000067b8    00000020     rtsv7M4_T_le_v4SPD16_eabi.lib : u_tofd_t2.asm.obj (.text)
                  000067d8    0000001c                                   : copy_zero_init.c.obj (.text:decompress:ZI:__TI_zero_init_nomemset:__TI_zero_init_nomemset)
                  000067f4    0000001c                                   : memory.c.obj (.text:free_list_remove)
                  00006810    0000001c                                   : memccpy.c.obj (.text:memccpy)
                  0000682c    0000001a                                   : s_copysign.c.obj (.text:copysign)
                  00006846    00000018                                   : vsnprintf.c.obj (.text:_outc)
                  0000685e    00000018                                   : sprintf.c.obj (.text:_outs)
                  00006876    00000018     open_interface.obj (.text:oi_parseInt)
                  0000688e    00000018     rtsv7M4_T_le_v4SPD16_eabi.lib : strcmp.c.obj (.text:strcmp)
                  000068a6    00000016                                   : strchr.c.obj (.text:strchr)
                  000068bc    00000014                                   : strcpy.c.obj (.text:strcpy)
                  000068d0    00000014                                   : strlen.c.obj (.text:strlen)
                  000068e4    00000012                                   : wcslen.c.obj (.text:wcslen)
                  000068f6    00000010     driverlib.lib : interrupt.obj (.text:IntMasterEnable)
                  00006906    00000010     lcd.obj (.text:lcd_clear)
                  00006916    0000000e     rtsv7M4_T_le_v4SPD16_eabi.lib : copy_decompress_none.c.obj (.text:decompress:none:__TI_decompress_none)
                  00006924    0000000c     driverlib.lib : cpu.obj (.text:CPUcpsie)
                  00006930    0000000c     tm4c123gh6pm_startup_ccs.obj (.text)
                  0000693c    0000000a     rtsv7M4_T_le_v4SPD16_eabi.lib : sprintf.c.obj (.text:_outc)
                  00006946    00000002     --HOLE-- [fill = 0]
                  00006948    00000008                                   : errno.c.obj (.text:__aeabi_errno_addr)
                  00006950    00000008                                   : memory.c.obj (.text:malloc)
                  00006958    00000004                                   : pre_init.c.obj (.text:_system_pre_init)
                  0000695c    00000004                                   : exit.c.obj (.text:abort:abort)

.const     0    00006960    00000623     
                  00006960    00000190     scan.obj (.const:$P$T1$2)
                  00006af0    00000158     rtsv7M4_T_le_v4SPD16_eabi.lib : k_rem_pio2.c.obj (.const:$O1$$)
                  00006c48    00000101                                   : ctype.c.obj (.const:.string:_ctypes_)
                  00006d49    00000003     --HOLE-- [fill = 0]
                  00006d4c    000000f0     scan.obj (.const:$P$T2$3)
                  00006e3c    00000004     lcd.obj (.const:.string:lineAddress$1)
                  00006e40    00000080     rtsv7M4_T_le_v4SPD16_eabi.lib : k_tan.c.obj (.const:xxx)
                  00006ec0    00000030                                   : e_pow.c.obj (.const:$O1$$)
                  00006ef0    00000010     scan.obj (.const:$P$T0$1)
                  00006f00    00000010     taco.obj (.const:.string:$P$T0$1)
                  00006f10    00000010     taco.obj (.const:.string:$P$T1$2)
                  00006f20    00000010     taco.obj (.const:.string:$P$T2$3)
                  00006f30    00000010     taco.obj (.const:.string:$P$T3$4)
                  00006f40    00000010     taco.obj (.const:.string:$P$T6$7)
                  00006f50    00000010     taco.obj (.const:.string:$P$T7$8)
                  00006f60    0000000f     open_interface.obj (.const:.string:$P$T0$3)
                  00006f6f    00000008     taco.obj (.const:.string:$P$T4$5)
                  00006f77    00000008     taco.obj (.const:.string:$P$T5$6)
                  00006f7f    00000004     lcd.obj (.const:.string:lineAddresses$2)

.cinit     0    00006f88    00000068     
                  00006f88    00000031     (.cinit..data.load) [load image, compression = lzss]
                  00006fb9    00000003     --HOLE-- [fill = 0]
                  00006fbc    0000000c     (__TI_handler_table)
                  00006fc8    00000008     (.cinit..bss.load) [load image, compression = zero_init]
                  00006fd0    00000008     (.cinit..vtable.load) [load image, compression = zero_init]
                  00006fd8    00000018     (__TI_cinit_table)

.init_array 
*          0    00000000    00000000     UNINITIALIZED

.vtable    0    20000000    0000026c     UNINITIALIZED
                  20000000    0000026c     driverlib.lib : interrupt.obj (.vtable)

.stack     0    20000270    00001000     UNINITIALIZED
                  20000270    00000004     rtsv7M4_T_le_v4SPD16_eabi.lib : boot_cortex_m.c.obj (.stack)
                  20000274    00000ffc     --HOLE--

.sysmem    0    20001270    00001000     UNINITIALIZED
                  20001270    00000010     rtsv7M4_T_le_v4SPD16_eabi.lib : memory.c.obj (.sysmem)
                  20001280    00000ff0     --HOLE--

.bss       0    20002270    00000070     UNINITIALIZED
                  20002270    00000054     lcd.obj (.bss:lastbuffer$3)
                  200022c4    00000018     open_interface.obj (.bss:firmware$2)
                  200022dc    00000004     (.common:_timeout_ticks)

.data      0    200022e0    00000074     UNINITIALIZED
                  200022e0    00000020     open_interface.obj (.data)
                  20002300    00000018     servo.obj (.data)
                  20002318    00000011     ping.obj (.data)
                  20002329    00000001     Timer.obj (.data)
                  2000232a    00000002     --HOLE--
                  2000232c    00000009     uart-interrupt.obj (.data)
                  20002335    00000003     --HOLE--
                  20002338    00000008     rtsv7M4_T_le_v4SPD16_eabi.lib : _lock.c.obj (.data:$O1$$)
                  20002340    00000008                                   : memory.c.obj (.data:$O1$$)
                  20002348    00000005     taco.obj (.data)
                  2000234d    00000003     --HOLE--
                  20002350    00000004     rtsv7M4_T_le_v4SPD16_eabi.lib : errno.c.obj (.data)

__llvm_prf_cnts 
*          0    20000000    00000000     UNINITIALIZED

MODULE SUMMARY

       Module                         code    ro data   rw data
       ------                         ----    -------   -------
    .\
       open_interface.obj             3128    15        56     
       scan.obj                       1312    656       0      
       movement.obj                   936     0         0      
       lcd.obj                        824     8         84     
       ping.obj                       820     0         17     
       taco.obj                       672     112       5      
       main.obj                       684     0         0      
       tm4c123gh6pm_startup_ccs.obj   12      620       0      
       uart-interrupt.obj             592     0         9      
       Timer.obj                      584     0         5      
       servo.obj                      288     0         24     
       adc.obj                        288     0         0      
       putty.obj                      40      0         0      
    +--+------------------------------+-------+---------+---------+
       Total:                         10180   1411      200    
                                                               
    C:/ti/TivaWare_C_Series-2.2.0.295/driverlib/ccs/Debug/driverlib.lib
       interrupt.obj                  68      0         620    
       cpu.obj                        12      0         0      
    +--+------------------------------+-------+---------+---------+
       Total:                         80      0         620    
                                                               
    C:\ti\ccs1271\ccs\tools\compiler\ti-cgt-arm_20.2.7.LTS\lib\rtsv7M4_T_le_v4SPD16_eabi.lib
       _printfi.c.obj                 4851    0         0      
       e_pow.c.obj                    2512    48        0      
       k_rem_pio2.c.obj               1848    344       0      
       s_tan.c.obj                    1288    0         0      
       k_tan.c.obj                    796     128       0      
       memory.c.obj                   728     0         8      
       fd_add_t2.asm.obj              438     0         0      
       e_sqrt.c.obj                   344     0         0      
       fd_div_t2.asm.obj              310     0         0      
       s_scalbn.c.obj                 272     0         0      
       fd_cmp_t2.asm.obj              268     0         0      
       ctype.c.obj                    0       257       0      
       fd_mul_t2.asm.obj              252     0         0      
       s_ceil.c.obj                   248     0         0      
       s_floor.c.obj                  248     0         0      
       memcpy_t2.asm.obj              156     0         0      
       ull_div_t2.asm.obj             150     0         0      
       vsnprintf.c.obj                136     0         0      
       memset_t2.asm.obj              122     0         0      
       fd_tos_t2.asm.obj              110     0         0      
       copy_decompress_lzss.c.obj     104     0         0      
       s_frexp.c.obj                  100     0         0      
       sprintf.c.obj                  98      0         0      
       _ltoa.c.obj                    84      0         0      
       atoi.c.obj                     76      0         0      
       fd_toi_t2.asm.obj              72      0         0      
       autoinit.c.obj                 68      0         0      
       fs_tod_t2.asm.obj              56      0         0      
       boot_cortex_m.c.obj            52      0         0      
       i_tofd_t2.asm.obj              46      0         0      
       u_tofd_t2.asm.obj              32      0         0      
       copy_zero_init.c.obj           28      0         0      
       memccpy.c.obj                  28      0         0      
       s_copysign.c.obj               26      0         0      
       strcmp.c.obj                   24      0         0      
       strchr.c.obj                   22      0         0      
       strcpy.c.obj                   20      0         0      
       strlen.c.obj                   20      0         0      
       wcslen.c.obj                   18      0         0      
       copy_decompress_none.c.obj     14      0         0      
       errno.c.obj                    8       0         4      
       _lock.c.obj                    2       0         8      
       exit.c.obj                     4       0         0      
       pre_init.c.obj                 4       0         0      
       div0.asm.obj                   2       0         0      
    +--+------------------------------+-------+---------+---------+
       Total:                         16085   777       20     
                                                               
       Heap:                          0       0         4096   
       Stack:                         0       0         4096   
       Linker Generated:              0       101       0      
    +--+------------------------------+-------+---------+---------+
       Grand Total:                   26345   2289      9032   


LINKER GENERATED COPY TABLES

__TI_cinit_table @ 00006fd8 records: 3, size/record: 8, table size: 24
	.data: load addr=00006f88, load size=00000031 bytes, run addr=200022e0, run size=00000074 bytes, compression=lzss
	.bss: load addr=00006fc8, load size=00000008 bytes, run addr=20002270, run size=00000070 bytes, compression=zero_init
	.vtable: load addr=00006fd0, load size=00000008 bytes, run addr=20000000, run size=0000026c bytes, compression=zero_init


LINKER GENERATED HANDLER TABLE

__TI_handler_table @ 00006fbc records: 3, size/record: 4, table size: 12
	index: 0, handler: __TI_zero_init
	index: 1, handler: __TI_decompress_lzss
	index: 2, handler: __TI_decompress_none


GLOBAL SYMBOLS: SORTED ALPHABETICALLY BY Name 

address   name                          
-------   ----                          
0000695d  C$$EXIT                       
00006925  CPUcpsie                      
00000bc3  GPIOF_Handler                 
000068f7  IntMasterEnable               
000066a1  IntRegister                   
00006931  ResetISR                      
00003903  TIMER3B_Handler               
00004a05  UART1_Handler                 
20001270  __STACK_END                   
00001000  __STACK_SIZE                  
20000470  __STACK_TOP                   
00001000  __SYSMEM_SIZE                 
00006fd8  __TI_CINIT_Base               
00006ff0  __TI_CINIT_Limit              
00006fbc  __TI_Handler_Table_Base       
00006fc8  __TI_Handler_Table_Limit      
0000652d  __TI_auto_init_nobinit_nopinit
000062d1  __TI_decompress_lzss          
00006917  __TI_decompress_none          
000063f3  __TI_ltoa                     
ffffffff  __TI_pprof_out_hndl           
00000e8d  __TI_printfi                  
ffffffff  __TI_prof_data_size           
ffffffff  __TI_prof_data_start          
00000000  __TI_static_base__            
000067d9  __TI_zero_init_nomemset       
00005ffd  __aeabi_cdcmpeq               
00005ffd  __aeabi_cdcmple               
00006083  __aeabi_cdrcmple              
00006263  __aeabi_d2f                   
000064e5  __aeabi_d2iz                  
00004f5b  __aeabi_dadd                  
0000539d  __aeabi_ddiv                  
00005a49  __aeabi_dmul                  
00004f51  __aeabi_dsub                  
00006949  __aeabi_errno_addr            
00006669  __aeabi_f2d                   
00006739  __aeabi_i2d                   
00005107  __aeabi_idiv0                 
00005107  __aeabi_ldiv0                 
00006109  __aeabi_memclr                
00006109  __aeabi_memclr4               
00006109  __aeabi_memclr8               
00005ecb  __aeabi_memcpy                
00005ecb  __aeabi_memcpy4               
00005ecb  __aeabi_memcpy8               
0000610b  __aeabi_memset                
0000610b  __aeabi_memset4               
0000610b  __aeabi_memset8               
000067b9  __aeabi_ui2d                  
00005f67  __aeabi_uldivmod              
ffffffff  __binit__                     
ffffffff  __c_args__                    
000022ad  __kernel_rem_pio2             
00003e11  __kernel_tan                  
UNDEFED   __mpu_init                    
20000270  __stack                       
20000000  __start___llvm_prf_cnts       
20000000  __stop___llvm_prf_cnts        
000066d5  _c_int00_noargs               
00006c48  _ctypes_                      
20002338  _lock                         
000018db  _nop                          
20002329  _running                      
20001270  _sys_memory                   
UNDEFED   _system_post_cinit            
00006959  _system_pre_init              
200022dc  _timeout_ticks                
2000233c  _unlock                       
0000695d  abort                         
000055f9  adc_init                      
0000569f  adc_read                      
00005949  aligned_alloc                 
00006499  atoi                          
ffffffff  binit                         
20002314  button                        
00006631  calloc                        
00005b45  ceil                          
00005b45  ceill                         
2000232c  command_byte                  
20002330  command_flag                  
0000682d  copysign                      
0000682d  copysignl                     
2000234c  customerFound                 
2000230c  direction                     
20002350  errno                         
00005c3d  floor                         
00005c3d  floorl                        
00005d35  free                          
00006339  frexp                         
00006339  frexpl                        
00002a49  fullScan                      
2000231c  g_end_time                    
20000000  g_pfnRAMVectors               
00000000  g_pfnVectors                  
20002318  g_start_time                  
20002328  g_state                       
000029e5  get_IR_Dist                   
00002a27  get_PING_Dist                 
00002e65  get_avg                       
0000097f  go_charge                     
20002334  input                         
00006907  lcd_clear                     
00003cbd  lcd_gotoLine                  
00003b25  lcd_init                      
00003d23  lcd_printf                    
00003be5  lcd_putc                      
00003c1d  lcd_puts                      
00003ae9  lcd_reverseNibble             
00003c3b  lcd_sendCommand               
00003c79  lcd_sendNibble                
00003ce5  lcd_setCursorPos              
00005839  ldexp                         
00005839  ldexpl                        
20002300  leftVal                       
0000412d  main                          
00006951  malloc                        
00005949  memalign                      
00006811  memccpy                       
00005ecb  memcpy                        
00006111  memset                        
200022e0  motor_cal_factor_L            
200022e4  motor_cal_factor_R            
0000355f  move_backward                 
0000340d  move_forward                  
20002310  moved                         
20002324  ms_end_time                   
20002320  ms_start_time                 
000044c1  music                         
20002308  newPos                        
0000026d  oi_alloc                      
00000aa9  oi_checkFirmware              
000002c7  oi_close                      
00000279  oi_free                       
00000ded  oi_getMotorCalibrationLeft    
00000e01  oi_getMotorCalibrationRight   
000002b1  oi_init                       
00000289  oi_init_noupdate              
00000915  oi_loadSong                   
00006877  oi_parseInt                   
0000032b  oi_parsePacket                
0000096b  oi_play_song                  
0000084b  oi_setLeds                    
00000db1  oi_setMotorCalibration        
0000088f  oi_setWheels                  
00000b51  oi_shutoff_init               
0000098d  oi_uartInit                   
00000a31  oi_uartReceive                
00000a77  oi_uartSendBuff               
00000a15  oi_uartSendChar               
00000a59  oi_uartSendStr                
000002d9  oi_update                     
00003955  ping_getDistance              
000037b5  ping_init                     
0000387b  ping_trigger                  
000018dd  pow                           
000018dd  powl                          
00006791  printWholeString              
20002304  rightVal                      
00005839  scalbn                        
00005839  scalbnl                       
00005719  servo_init                    
000057c1  servo_move                    
00003751  set_wheels                    
00006571  sprintf                       
00005109  sqrt                          
00005109  sqrtl                         
000068a7  strchr                        
0000688f  strcmp                        
000068bd  strcpy                        
000068d1  strlen                        
000043d9  supplyBot                     
000043ff  supplyCustomers               
20002348  tacos                         
00002f05  tan                           
00002f05  tanl                          
00004c57  timer_getMicros               
00004bff  timer_getMillis               
00004b39  timer_init                    
00004bdb  timer_pause                   
00004bed  timer_resume                  
00004bb1  timer_stop                    
00004cb1  timer_waitMicros              
00004ce3  timer_waitMillis              
00003699  turn_left                     
000035ff  turn_right                    
000048e9  uart_interrupt_init           
000049b9  uart_receive                  
000049d9  uart_receive_nonblocking      
0000499d  uart_sendChar                 
000049df  uart_sendStr                  
000065b1  vsnprintf                     
000068e5  wcslen                        


GLOBAL SYMBOLS: SORTED BY Symbol Address 

address   name                          
-------   ----                          
00000000  __TI_static_base__            
00000000  g_pfnVectors                  
0000026d  oi_alloc                      
00000279  oi_free                       
00000289  oi_init_noupdate              
000002b1  oi_init                       
000002c7  oi_close                      
000002d9  oi_update                     
0000032b  oi_parsePacket                
0000084b  oi_setLeds                    
0000088f  oi_setWheels                  
00000915  oi_loadSong                   
0000096b  oi_play_song                  
0000097f  go_charge                     
0000098d  oi_uartInit                   
00000a15  oi_uartSendChar               
00000a31  oi_uartReceive                
00000a59  oi_uartSendStr                
00000a77  oi_uartSendBuff               
00000aa9  oi_checkFirmware              
00000b51  oi_shutoff_init               
00000bc3  GPIOF_Handler                 
00000db1  oi_setMotorCalibration        
00000ded  oi_getMotorCalibrationLeft    
00000e01  oi_getMotorCalibrationRight   
00000e8d  __TI_printfi                  
00001000  __STACK_SIZE                  
00001000  __SYSMEM_SIZE                 
000018db  _nop                          
000018dd  pow                           
000018dd  powl                          
000022ad  __kernel_rem_pio2             
000029e5  get_IR_Dist                   
00002a27  get_PING_Dist                 
00002a49  fullScan                      
00002e65  get_avg                       
00002f05  tan                           
00002f05  tanl                          
0000340d  move_forward                  
0000355f  move_backward                 
000035ff  turn_right                    
00003699  turn_left                     
00003751  set_wheels                    
000037b5  ping_init                     
0000387b  ping_trigger                  
00003903  TIMER3B_Handler               
00003955  ping_getDistance              
00003ae9  lcd_reverseNibble             
00003b25  lcd_init                      
00003be5  lcd_putc                      
00003c1d  lcd_puts                      
00003c3b  lcd_sendCommand               
00003c79  lcd_sendNibble                
00003cbd  lcd_gotoLine                  
00003ce5  lcd_setCursorPos              
00003d23  lcd_printf                    
00003e11  __kernel_tan                  
0000412d  main                          
000043d9  supplyBot                     
000043ff  supplyCustomers               
000044c1  music                         
000048e9  uart_interrupt_init           
0000499d  uart_sendChar                 
000049b9  uart_receive                  
000049d9  uart_receive_nonblocking      
000049df  uart_sendStr                  
00004a05  UART1_Handler                 
00004b39  timer_init                    
00004bb1  timer_stop                    
00004bdb  timer_pause                   
00004bed  timer_resume                  
00004bff  timer_getMillis               
00004c57  timer_getMicros               
00004cb1  timer_waitMicros              
00004ce3  timer_waitMillis              
00004f51  __aeabi_dsub                  
00004f5b  __aeabi_dadd                  
00005107  __aeabi_idiv0                 
00005107  __aeabi_ldiv0                 
00005109  sqrt                          
00005109  sqrtl                         
0000539d  __aeabi_ddiv                  
000055f9  adc_init                      
0000569f  adc_read                      
00005719  servo_init                    
000057c1  servo_move                    
00005839  ldexp                         
00005839  ldexpl                        
00005839  scalbn                        
00005839  scalbnl                       
00005949  aligned_alloc                 
00005949  memalign                      
00005a49  __aeabi_dmul                  
00005b45  ceil                          
00005b45  ceill                         
00005c3d  floor                         
00005c3d  floorl                        
00005d35  free                          
00005ecb  __aeabi_memcpy                
00005ecb  __aeabi_memcpy4               
00005ecb  __aeabi_memcpy8               
00005ecb  memcpy                        
00005f67  __aeabi_uldivmod              
00005ffd  __aeabi_cdcmpeq               
00005ffd  __aeabi_cdcmple               
00006083  __aeabi_cdrcmple              
00006109  __aeabi_memclr                
00006109  __aeabi_memclr4               
00006109  __aeabi_memclr8               
0000610b  __aeabi_memset                
0000610b  __aeabi_memset4               
0000610b  __aeabi_memset8               
00006111  memset                        
00006263  __aeabi_d2f                   
000062d1  __TI_decompress_lzss          
00006339  frexp                         
00006339  frexpl                        
000063f3  __TI_ltoa                     
00006499  atoi                          
000064e5  __aeabi_d2iz                  
0000652d  __TI_auto_init_nobinit_nopinit
00006571  sprintf                       
000065b1  vsnprintf                     
00006631  calloc                        
00006669  __aeabi_f2d                   
000066a1  IntRegister                   
000066d5  _c_int00_noargs               
00006739  __aeabi_i2d                   
00006791  printWholeString              
000067b9  __aeabi_ui2d                  
000067d9  __TI_zero_init_nomemset       
00006811  memccpy                       
0000682d  copysign                      
0000682d  copysignl                     
00006877  oi_parseInt                   
0000688f  strcmp                        
000068a7  strchr                        
000068bd  strcpy                        
000068d1  strlen                        
000068e5  wcslen                        
000068f7  IntMasterEnable               
00006907  lcd_clear                     
00006917  __TI_decompress_none          
00006925  CPUcpsie                      
00006931  ResetISR                      
00006949  __aeabi_errno_addr            
00006951  malloc                        
00006959  _system_pre_init              
0000695d  C$$EXIT                       
0000695d  abort                         
00006c48  _ctypes_                      
00006fbc  __TI_Handler_Table_Base       
00006fc8  __TI_Handler_Table_Limit      
00006fd8  __TI_CINIT_Base               
00006ff0  __TI_CINIT_Limit              
20000000  __start___llvm_prf_cnts       
20000000  __stop___llvm_prf_cnts        
20000000  g_pfnRAMVectors               
20000270  __stack                       
20000470  __STACK_TOP                   
20001270  __STACK_END                   
20001270  _sys_memory                   
200022dc  _timeout_ticks                
200022e0  motor_cal_factor_L            
200022e4  motor_cal_factor_R            
20002300  leftVal                       
20002304  rightVal                      
20002308  newPos                        
2000230c  direction                     
20002310  moved                         
20002314  button                        
20002318  g_start_time                  
2000231c  g_end_time                    
20002320  ms_start_time                 
20002324  ms_end_time                   
20002328  g_state                       
20002329  _running                      
2000232c  command_byte                  
20002330  command_flag                  
20002334  input                         
20002338  _lock                         
2000233c  _unlock                       
20002348  tacos                         
2000234c  customerFound                 
20002350  errno                         
ffffffff  __TI_pprof_out_hndl           
ffffffff  __TI_prof_data_size           
ffffffff  __TI_prof_data_start          
ffffffff  __binit__                     
ffffffff  __c_args__                    
ffffffff  binit                         
UNDEFED   __mpu_init                    
UNDEFED   _system_post_cinit            

[193 symbols]
