******************************************************************************
                  TI ARM Linker PC v20.2.7                     
******************************************************************************
>> Linked Fri May  9 06:04:15 2025

OUTPUT FILE NAME:   <FINAL.out>
ENTRY POINT SYMBOL: "_c_int00_noargs"  address: 00006961


MEMORY CONFIGURATION

         name            origin    length      used     unused   attr    fill
----------------------  --------  ---------  --------  --------  ----  --------
  FLASH                 00000000   00040000  00007277  00038d89  R  X
  SRAM                  20000000   00008000  00002350  00005cb0  RW X


SEGMENT ALLOCATION MAP

run origin  load origin   length   init length attrs members
----------  ----------- ---------- ----------- ----- -------
00000000    00000000    00007280   00007280    r-x
  00000000    00000000    0000026c   0000026c    r-- .intvecs
  0000026c    0000026c    00006980   00006980    r-x .text
  00006bf0    00006bf0    00000623   00000623    r-- .const
  00007218    00007218    00000068   00000068    r-- .cinit
20000000    20000000    00002354   00000000    rw-
  20000000    20000000    0000026c   00000000    rw- .vtable
  20000270    20000270    00001000   00000000    rw- .stack
  20001270    20001270    00001000   00000000    rw- .sysmem
  20002270    20002270    00000070   00000000    rw- .bss
  200022e0    200022e0    00000074   00000000    rw- .data


SECTION ALLOCATION MAP

 output                                  attributes/
section   page    origin      length       input sections
--------  ----  ----------  ----------   ----------------
.intvecs   0    00000000    0000026c     
                  00000000    0000026c     tm4c123gh6pm_startup_ccs.obj (.intvecs)

.text      0    0000026c    00006980     
                  0000026c    00000c20     open_interface.obj (.text)
                  00000e8c    00000a4e     rtsv7M4_T_le_v4SPD16_eabi.lib : _printfi.c.obj (.text:__TI_printfi)
                  000018da    00000002                                   : _lock.c.obj (.text:_nop)
                  000018dc    000009d0                                   : e_pow.c.obj (.text:pow)
                  000022ac    00000738                                   : k_rem_pio2.c.obj (.text:__kernel_rem_pio2)
                  000029e4    000005a4     scan.obj (.text)
                  00002f88    00000508     rtsv7M4_T_le_v4SPD16_eabi.lib : s_tan.c.obj (.text:tan)
                  00003490    00000458     movement.obj (.text)
                  000038e8    000003c0     main.obj (.text)
                  00003ca8    00000334     ping.obj (.text)
                  00003fdc    00000328     lcd.obj (.text)
                  00004304    0000031c     rtsv7M4_T_le_v4SPD16_eabi.lib : k_tan.c.obj (.text:__kernel_tan)
                  00004620    000002b0     taco.obj (.text)
                  000048d0    00000284     uart-interrupt.obj (.text)
                  00004b54    00000270     rtsv7M4_T_le_v4SPD16_eabi.lib : _printfi.c.obj (.text:_pconv_a)
                  00004dc4    00000248     Timer.obj (.text)
                  0000500c    000001d0     rtsv7M4_T_le_v4SPD16_eabi.lib : _printfi.c.obj (.text:_pconv_g)
                  000051dc    000001b6                                   : fd_add_t2.asm.obj (.text)
                  00005392    00000002                                   : div0.asm.obj (.text)
                  00005394    00000158                                   : e_sqrt.c.obj (.text:sqrt)
                  000054ec    0000013c                                   : _printfi.c.obj (.text:_pconv_e)
                  00005628    00000136                                   : fd_div_t2.asm.obj (.text)
                  0000575e    00000002     --HOLE-- [fill = 0]
                  00005760    00000124                                   : _printfi.c.obj (.text:fcvt)
                  00005884    00000120     adc.obj (.text)
                  000059a4    00000120     servo.obj (.text)
                  00005ac4    00000110     rtsv7M4_T_le_v4SPD16_eabi.lib : s_scalbn.c.obj (.text:scalbn)
                  00005bd4    00000100                                   : memory.c.obj (.text:aligned_alloc)
                  00005cd4    000000fc                                   : fd_mul_t2.asm.obj (.text)
                  00005dd0    000000f8                                   : s_ceil.c.obj (.text:ceil)
                  00005ec8    000000f8                                   : s_floor.c.obj (.text:floor)
                  00005fc0    000000e4                                   : memory.c.obj (.text:free)
                  000060a4    000000b1                                   : _printfi.c.obj (.text:_ltostr)
                  00006155    00000001     --HOLE-- [fill = 0]
                  00006156    0000009c                                   : memcpy_t2.asm.obj (.text)
                  000061f2    00000096                                   : ull_div_t2.asm.obj (.text)
                  00006288    00000086                                   : fd_cmp_t2.asm.obj (.text:__aeabi_cdcmple)
                  0000630e    00000086                                   : fd_cmp_t2.asm.obj (.text:__aeabi_cdrcmple)
                  00006394    0000007a                                   : memset_t2.asm.obj (.text)
                  0000640e    00000002     --HOLE-- [fill = 0]
                  00006410    00000070                                   : memory.c.obj (.text:split)
                  00006480    0000006e                                   : _printfi.c.obj (.text:_mcpy)
                  000064ee    0000006e                                   : fd_tos_t2.asm.obj (.text)
                  0000655c    00000068                                   : copy_decompress_lzss.c.obj (.text:decompress:lzss:__TI_decompress_lzss)
                  000065c4    00000064                                   : s_frexp.c.obj (.text:frexp)
                  00006628    00000056                                   : _printfi.c.obj (.text:_pconv_f)
                  0000667e    00000054                                   : _ltoa.c.obj (.text:__TI_ltoa)
                  000066d2    00000052                                   : _printfi.c.obj (.text:_ecpy)
                  00006724    0000004c                                   : atoi.c.obj (.text:atoi)
                  00006770    00000048                                   : fd_toi_t2.asm.obj (.text)
                  000067b8    00000044                                   : autoinit.c.obj (.text:__TI_auto_init_nobinit_nopinit:__TI_auto_init_nobinit_nopinit)
                  000067fc    00000040                                   : sprintf.c.obj (.text:sprintf)
                  0000683c    00000040                                   : vsnprintf.c.obj (.text:vsnprintf)
                  0000687c    0000003e                                   : _printfi.c.obj (.text:_fcpy)
                  000068ba    00000002     --HOLE-- [fill = 0]
                  000068bc    00000038                                   : memory.c.obj (.text:calloc)
                  000068f4    00000038                                   : fs_tod_t2.asm.obj (.text)
                  0000692c    00000034     driverlib.lib : interrupt.obj (.text:IntRegister)
                  00006960    00000034     rtsv7M4_T_le_v4SPD16_eabi.lib : boot_cortex_m.c.obj (.text:_c_int00_noargs:_c_int00_noargs)
                  00006994    00000030                                   : vsnprintf.c.obj (.text:_outs)
                  000069c4    0000002e                                   : i_tofd_t2.asm.obj (.text)
                  000069f2    00000002     --HOLE-- [fill = 0]
                  000069f4    00000028                                   : memory.c.obj (.text:free_list_insert)
                  00006a1c    00000028     putty.obj (.text)
                  00006a44    00000020     rtsv7M4_T_le_v4SPD16_eabi.lib : u_tofd_t2.asm.obj (.text)
                  00006a64    0000001c                                   : copy_zero_init.c.obj (.text:decompress:ZI:__TI_zero_init_nomemset:__TI_zero_init_nomemset)
                  00006a80    0000001c                                   : memory.c.obj (.text:free_list_remove)
                  00006a9c    0000001c                                   : memccpy.c.obj (.text:memccpy)
                  00006ab8    0000001a                                   : s_copysign.c.obj (.text:copysign)
                  00006ad2    00000018                                   : vsnprintf.c.obj (.text:_outc)
                  00006aea    00000018                                   : sprintf.c.obj (.text:_outs)
                  00006b02    00000018     open_interface.obj (.text:oi_parseInt)
                  00006b1a    00000018     rtsv7M4_T_le_v4SPD16_eabi.lib : strcmp.c.obj (.text:strcmp)
                  00006b32    00000016                                   : strchr.c.obj (.text:strchr)
                  00006b48    00000014                                   : strcpy.c.obj (.text:strcpy)
                  00006b5c    00000014                                   : strlen.c.obj (.text:strlen)
                  00006b70    00000012                                   : wcslen.c.obj (.text:wcslen)
                  00006b82    00000010     driverlib.lib : interrupt.obj (.text:IntMasterEnable)
                  00006b92    00000010     lcd.obj (.text:lcd_clear)
                  00006ba2    0000000e     rtsv7M4_T_le_v4SPD16_eabi.lib : copy_decompress_none.c.obj (.text:decompress:none:__TI_decompress_none)
                  00006bb0    0000000c     driverlib.lib : cpu.obj (.text:CPUcpsie)
                  00006bbc    0000000c     tm4c123gh6pm_startup_ccs.obj (.text)
                  00006bc8    0000000a     rtsv7M4_T_le_v4SPD16_eabi.lib : sprintf.c.obj (.text:_outc)
                  00006bd2    00000002     --HOLE-- [fill = 0]
                  00006bd4    00000008                                   : errno.c.obj (.text:__aeabi_errno_addr)
                  00006bdc    00000008                                   : memory.c.obj (.text:malloc)
                  00006be4    00000004                                   : pre_init.c.obj (.text:_system_pre_init)
                  00006be8    00000004                                   : exit.c.obj (.text:abort:abort)

.const     0    00006bf0    00000623     
                  00006bf0    00000190     scan.obj (.const:$P$T1$2)
                  00006d80    00000158     rtsv7M4_T_le_v4SPD16_eabi.lib : k_rem_pio2.c.obj (.const:$O1$$)
                  00006ed8    00000101                                   : ctype.c.obj (.const:.string:_ctypes_)
                  00006fd9    00000003     --HOLE-- [fill = 0]
                  00006fdc    000000f0     scan.obj (.const:$P$T2$3)
                  000070cc    00000004     lcd.obj (.const:.string:lineAddress$1)
                  000070d0    00000080     rtsv7M4_T_le_v4SPD16_eabi.lib : k_tan.c.obj (.const:xxx)
                  00007150    00000030                                   : e_pow.c.obj (.const:$O1$$)
                  00007180    00000010     scan.obj (.const:$P$T0$1)
                  00007190    00000010     taco.obj (.const:.string:$P$T0$1)
                  000071a0    00000010     taco.obj (.const:.string:$P$T1$2)
                  000071b0    00000010     taco.obj (.const:.string:$P$T2$3)
                  000071c0    00000010     taco.obj (.const:.string:$P$T3$4)
                  000071d0    00000010     taco.obj (.const:.string:$P$T6$7)
                  000071e0    00000010     taco.obj (.const:.string:$P$T7$8)
                  000071f0    0000000f     open_interface.obj (.const:.string:$P$T0$3)
                  000071ff    00000008     taco.obj (.const:.string:$P$T4$5)
                  00007207    00000008     taco.obj (.const:.string:$P$T5$6)
                  0000720f    00000004     lcd.obj (.const:.string:lineAddresses$2)

.cinit     0    00007218    00000068     
                  00007218    00000031     (.cinit..data.load) [load image, compression = lzss]
                  00007249    00000003     --HOLE-- [fill = 0]
                  0000724c    0000000c     (__TI_handler_table)
                  00007258    00000008     (.cinit..bss.load) [load image, compression = zero_init]
                  00007260    00000008     (.cinit..vtable.load) [load image, compression = zero_init]
                  00007268    00000018     (__TI_cinit_table)

.init_array 
*          0    00000000    00000000     UNINITIALIZED

.vtable    0    20000000    0000026c     UNINITIALIZED
                  20000000    0000026c     driverlib.lib : interrupt.obj (.vtable)

.stack     0    20000270    00001000     UNINITIALIZED
                  20000270    00000004     rtsv7M4_T_le_v4SPD16_eabi.lib : boot_cortex_m.c.obj (.stack)
                  20000274    00000ffc     --HOLE--

.sysmem    0    20001270    00001000     UNINITIALIZED
                  20001270    00000010     rtsv7M4_T_le_v4SPD16_eabi.lib : memory.c.obj (.sysmem)
                  20001280    00000ff0     --HOLE--

.bss       0    20002270    00000070     UNINITIALIZED
                  20002270    00000054     lcd.obj (.bss:lastbuffer$3)
                  200022c4    00000018     open_interface.obj (.bss:firmware$2)
                  200022dc    00000004     (.common:_timeout_ticks)

.data      0    200022e0    00000074     UNINITIALIZED
                  200022e0    00000020     open_interface.obj (.data)
                  20002300    00000018     servo.obj (.data)
                  20002318    00000011     ping.obj (.data)
                  20002329    00000001     Timer.obj (.data)
                  2000232a    00000002     --HOLE--
                  2000232c    00000009     uart-interrupt.obj (.data)
                  20002335    00000003     --HOLE--
                  20002338    00000008     rtsv7M4_T_le_v4SPD16_eabi.lib : _lock.c.obj (.data:$O1$$)
                  20002340    00000008                                   : memory.c.obj (.data:$O1$$)
                  20002348    00000005     taco.obj (.data)
                  2000234d    00000003     --HOLE--
                  20002350    00000004     rtsv7M4_T_le_v4SPD16_eabi.lib : errno.c.obj (.data)

__llvm_prf_cnts 
*          0    20000000    00000000     UNINITIALIZED

MODULE SUMMARY

       Module                         code    ro data   rw data
       ------                         ----    -------   -------
    .\
       open_interface.obj             3128    15        56     
       scan.obj                       1444    656       0      
       movement.obj                   1112    0         0      
       main.obj                       960     0         0      
       lcd.obj                        824     8         84     
       ping.obj                       820     0         17     
       taco.obj                       688     112       5      
       uart-interrupt.obj             644     0         9      
       tm4c123gh6pm_startup_ccs.obj   12      620       0      
       Timer.obj                      584     0         5      
       servo.obj                      288     0         24     
       adc.obj                        288     0         0      
       putty.obj                      40      0         0      
    +--+------------------------------+-------+---------+---------+
       Total:                         10832   1411      200    
                                                               
    C:/ti/TivaWare_C_Series-2.2.0.295/driverlib/ccs/Debug/driverlib.lib
       interrupt.obj                  68      0         620    
       cpu.obj                        12      0         0      
    +--+------------------------------+-------+---------+---------+
       Total:                         80      0         620    
                                                               
    C:\ti\ccs1271\ccs\tools\compiler\ti-cgt-arm_20.2.7.LTS\lib\rtsv7M4_T_le_v4SPD16_eabi.lib
       _printfi.c.obj                 4851    0         0      
       e_pow.c.obj                    2512    48        0      
       k_rem_pio2.c.obj               1848    344       0      
       s_tan.c.obj                    1288    0         0      
       k_tan.c.obj                    796     128       0      
       memory.c.obj                   728     0         8      
       fd_add_t2.asm.obj              438     0         0      
       e_sqrt.c.obj                   344     0         0      
       fd_div_t2.asm.obj              310     0         0      
       s_scalbn.c.obj                 272     0         0      
       fd_cmp_t2.asm.obj              268     0         0      
       ctype.c.obj                    0       257       0      
       fd_mul_t2.asm.obj              252     0         0      
       s_ceil.c.obj                   248     0         0      
       s_floor.c.obj                  248     0         0      
       memcpy_t2.asm.obj              156     0         0      
       ull_div_t2.asm.obj             150     0         0      
       vsnprintf.c.obj                136     0         0      
       memset_t2.asm.obj              122     0         0      
       fd_tos_t2.asm.obj              110     0         0      
       copy_decompress_lzss.c.obj     104     0         0      
       s_frexp.c.obj                  100     0         0      
       sprintf.c.obj                  98      0         0      
       _ltoa.c.obj                    84      0         0      
       atoi.c.obj                     76      0         0      
       fd_toi_t2.asm.obj              72      0         0      
       autoinit.c.obj                 68      0         0      
       fs_tod_t2.asm.obj              56      0         0      
       boot_cortex_m.c.obj            52      0         0      
       i_tofd_t2.asm.obj              46      0         0      
       u_tofd_t2.asm.obj              32      0         0      
       copy_zero_init.c.obj           28      0         0      
       memccpy.c.obj                  28      0         0      
       s_copysign.c.obj               26      0         0      
       strcmp.c.obj                   24      0         0      
       strchr.c.obj                   22      0         0      
       strcpy.c.obj                   20      0         0      
       strlen.c.obj                   20      0         0      
       wcslen.c.obj                   18      0         0      
       copy_decompress_none.c.obj     14      0         0      
       errno.c.obj                    8       0         4      
       _lock.c.obj                    2       0         8      
       exit.c.obj                     4       0         0      
       pre_init.c.obj                 4       0         0      
       div0.asm.obj                   2       0         0      
    +--+------------------------------+-------+---------+---------+
       Total:                         16085   777       20     
                                                               
       Heap:                          0       0         4096   
       Stack:                         0       0         4096   
       Linker Generated:              0       101       0      
    +--+------------------------------+-------+---------+---------+
       Grand Total:                   26997   2289      9032   


LINKER GENERATED COPY TABLES

__TI_cinit_table @ 00007268 records: 3, size/record: 8, table size: 24
	.data: load addr=00007218, load size=00000031 bytes, run addr=200022e0, run size=00000074 bytes, compression=lzss
	.bss: load addr=00007258, load size=00000008 bytes, run addr=20002270, run size=00000070 bytes, compression=zero_init
	.vtable: load addr=00007260, load size=00000008 bytes, run addr=20000000, run size=0000026c bytes, compression=zero_init


LINKER GENERATED HANDLER TABLE

__TI_handler_table @ 0000724c records: 3, size/record: 4, table size: 12
	index: 0, handler: __TI_zero_init
	index: 1, handler: __TI_decompress_lzss
	index: 2, handler: __TI_decompress_none


GLOBAL SYMBOLS: SORTED ALPHABETICALLY BY Name 

address   name                          
-------   ----                          
00006be9  C$$EXIT                       
00006bb1  CPUcpsie                      
00000bc3  GPIOF_Handler                 
00006b83  IntMasterEnable               
0000692d  IntRegister                   
00006bbd  ResetISR                      
00003df7  TIMER3B_Handler               
000049ed  UART1_Handler                 
20001270  __STACK_END                   
00001000  __STACK_SIZE                  
20000470  __STACK_TOP                   
00001000  __SYSMEM_SIZE                 
00007268  __TI_CINIT_Base               
00007280  __TI_CINIT_Limit              
0000724c  __TI_Handler_Table_Base       
00007258  __TI_Handler_Table_Limit      
000067b9  __TI_auto_init_nobinit_nopinit
0000655d  __TI_decompress_lzss          
00006ba3  __TI_decompress_none          
0000667f  __TI_ltoa                     
ffffffff  __TI_pprof_out_hndl           
00000e8d  __TI_printfi                  
ffffffff  __TI_prof_data_size           
ffffffff  __TI_prof_data_start          
00000000  __TI_static_base__            
00006a65  __TI_zero_init_nomemset       
00006289  __aeabi_cdcmpeq               
00006289  __aeabi_cdcmple               
0000630f  __aeabi_cdrcmple              
000064ef  __aeabi_d2f                   
00006771  __aeabi_d2iz                  
000051e7  __aeabi_dadd                  
00005629  __aeabi_ddiv                  
00005cd5  __aeabi_dmul                  
000051dd  __aeabi_dsub                  
00006bd5  __aeabi_errno_addr            
000068f5  __aeabi_f2d                   
000069c5  __aeabi_i2d                   
00005393  __aeabi_idiv0                 
00005393  __aeabi_ldiv0                 
00006395  __aeabi_memclr                
00006395  __aeabi_memclr4               
00006395  __aeabi_memclr8               
00006157  __aeabi_memcpy                
00006157  __aeabi_memcpy4               
00006157  __aeabi_memcpy8               
00006397  __aeabi_memset                
00006397  __aeabi_memset4               
00006397  __aeabi_memset8               
00006a45  __aeabi_ui2d                  
000061f3  __aeabi_uldivmod              
ffffffff  __binit__                     
ffffffff  __c_args__                    
000022ad  __kernel_rem_pio2             
00004305  __kernel_tan                  
UNDEFED   __mpu_init                    
20000270  __stack                       
20000000  __start___llvm_prf_cnts       
20000000  __stop___llvm_prf_cnts        
00006961  _c_int00_noargs               
00006ed8  _ctypes_                      
20002338  _lock                         
000018db  _nop                          
20002329  _running                      
20001270  _sys_memory                   
UNDEFED   _system_post_cinit            
00006be5  _system_pre_init              
200022dc  _timeout_ticks                
2000233c  _unlock                       
00006be9  abort                         
00005885  adc_init                      
0000592b  adc_read                      
00005bd5  aligned_alloc                 
00006725  atoi                          
ffffffff  binit                         
20002314  button                        
000068bd  calloc                        
00005dd1  ceil                          
00005dd1  ceill                         
2000232c  command_byte                  
20002330  command_flag                  
00006ab9  copysign                      
00006ab9  copysignl                     
2000234c  customerFound                 
2000230c  direction                     
20002350  errno                         
00005ec9  floor                         
00005ec9  floorl                        
00005fc1  free                          
000065c5  frexp                         
000065c5  frexpl                        
00002a49  fullScan                      
2000231c  g_end_time                    
20000000  g_pfnRAMVectors               
00000000  g_pfnVectors                  
20002318  g_start_time                  
20002328  g_state                       
000029e5  get_IR_Dist                   
00002a27  get_PING_Dist                 
00002ee7  get_avg                       
0000097f  go_charge                     
20002334  input                         
00006b93  lcd_clear                     
000041b1  lcd_gotoLine                  
00004019  lcd_init                      
00004217  lcd_printf                    
000040d9  lcd_putc                      
00004111  lcd_puts                      
00003fdd  lcd_reverseNibble             
0000412f  lcd_sendCommand               
0000416d  lcd_sendNibble                
000041d9  lcd_setCursorPos              
00005ac5  ldexp                         
00005ac5  ldexpl                        
20002300  leftVal                       
000038e9  main                          
00006bdd  malloc                        
00005bd5  memalign                      
00006a9d  memccpy                       
00006157  memcpy                        
0000639d  memset                        
200022e0  motor_cal_factor_L            
200022e4  motor_cal_factor_R            
000035e3  move_backward                 
00003491  move_forward                  
00003813  move_forward_test             
20002310  moved                         
20002324  ms_end_time                   
20002320  ms_start_time                 
00004715  music                         
20002308  newPos                        
0000026d  oi_alloc                      
00000aa9  oi_checkFirmware              
000002c7  oi_close                      
00000279  oi_free                       
00000ded  oi_getMotorCalibrationLeft    
00000e01  oi_getMotorCalibrationRight   
000002b1  oi_init                       
00000289  oi_init_noupdate              
00000915  oi_loadSong                   
00006b03  oi_parseInt                   
0000032b  oi_parsePacket                
0000096b  oi_play_song                  
0000084b  oi_setLeds                    
00000db1  oi_setMotorCalibration        
0000088f  oi_setWheels                  
00000b51  oi_shutoff_init               
0000098d  oi_uartInit                   
00000a31  oi_uartReceive                
00000a77  oi_uartSendBuff               
00000a15  oi_uartSendChar               
00000a59  oi_uartSendStr                
000002d9  oi_update                     
00003e49  ping_getDistance              
00003ca9  ping_init                     
00003d6f  ping_trigger                  
000018dd  pow                           
000018dd  powl                          
00006a1d  printWholeString              
20002304  rightVal                      
00005ac5  scalbn                        
00005ac5  scalbnl                       
000059a5  servo_init                    
00005a4d  servo_move                    
000037d5  set_wheels                    
000067fd  sprintf                       
00005395  sqrt                          
00005395  sqrtl                         
00006b33  strchr                        
00006b1b  strcmp                        
00006b49  strcpy                        
00006b5d  strlen                        
00004621  supplyBot                     
00004647  supplyCustomers               
20002348  tacos                         
00002f89  tan                           
00002f89  tanl                          
00004ee3  timer_getMicros               
00004e8b  timer_getMillis               
00004dc5  timer_init                    
00004e67  timer_pause                   
00004e79  timer_resume                  
00004e3d  timer_stop                    
00004f3d  timer_waitMicros              
00004f6f  timer_waitMillis              
0000371d  turn_left                     
00003683  turn_right                    
000048d1  uart_interrupt_init           
000049a1  uart_receive                  
000049c1  uart_receive_nonblocking      
00004985  uart_sendChar                 
000049c7  uart_sendStr                  
0000683d  vsnprintf                     
00006b71  wcslen                        


GLOBAL SYMBOLS: SORTED BY Symbol Address 

address   name                          
-------   ----                          
00000000  __TI_static_base__            
00000000  g_pfnVectors                  
0000026d  oi_alloc                      
00000279  oi_free                       
00000289  oi_init_noupdate              
000002b1  oi_init                       
000002c7  oi_close                      
000002d9  oi_update                     
0000032b  oi_parsePacket                
0000084b  oi_setLeds                    
0000088f  oi_setWheels                  
00000915  oi_loadSong                   
0000096b  oi_play_song                  
0000097f  go_charge                     
0000098d  oi_uartInit                   
00000a15  oi_uartSendChar               
00000a31  oi_uartReceive                
00000a59  oi_uartSendStr                
00000a77  oi_uartSendBuff               
00000aa9  oi_checkFirmware              
00000b51  oi_shutoff_init               
00000bc3  GPIOF_Handler                 
00000db1  oi_setMotorCalibration        
00000ded  oi_getMotorCalibrationLeft    
00000e01  oi_getMotorCalibrationRight   
00000e8d  __TI_printfi                  
00001000  __STACK_SIZE                  
00001000  __SYSMEM_SIZE                 
000018db  _nop                          
000018dd  pow                           
000018dd  powl                          
000022ad  __kernel_rem_pio2             
000029e5  get_IR_Dist                   
00002a27  get_PING_Dist                 
00002a49  fullScan                      
00002ee7  get_avg                       
00002f89  tan                           
00002f89  tanl                          
00003491  move_forward                  
000035e3  move_backward                 
00003683  turn_right                    
0000371d  turn_left                     
000037d5  set_wheels                    
00003813  move_forward_test             
000038e9  main                          
00003ca9  ping_init                     
00003d6f  ping_trigger                  
00003df7  TIMER3B_Handler               
00003e49  ping_getDistance              
00003fdd  lcd_reverseNibble             
00004019  lcd_init                      
000040d9  lcd_putc                      
00004111  lcd_puts                      
0000412f  lcd_sendCommand               
0000416d  lcd_sendNibble                
000041b1  lcd_gotoLine                  
000041d9  lcd_setCursorPos              
00004217  lcd_printf                    
00004305  __kernel_tan                  
00004621  supplyBot                     
00004647  supplyCustomers               
00004715  music                         
000048d1  uart_interrupt_init           
00004985  uart_sendChar                 
000049a1  uart_receive                  
000049c1  uart_receive_nonblocking      
000049c7  uart_sendStr                  
000049ed  UART1_Handler                 
00004dc5  timer_init                    
00004e3d  timer_stop                    
00004e67  timer_pause                   
00004e79  timer_resume                  
00004e8b  timer_getMillis               
00004ee3  timer_getMicros               
00004f3d  timer_waitMicros              
00004f6f  timer_waitMillis              
000051dd  __aeabi_dsub                  
000051e7  __aeabi_dadd                  
00005393  __aeabi_idiv0                 
00005393  __aeabi_ldiv0                 
00005395  sqrt                          
00005395  sqrtl                         
00005629  __aeabi_ddiv                  
00005885  adc_init                      
0000592b  adc_read                      
000059a5  servo_init                    
00005a4d  servo_move                    
00005ac5  ldexp                         
00005ac5  ldexpl                        
00005ac5  scalbn                        
00005ac5  scalbnl                       
00005bd5  aligned_alloc                 
00005bd5  memalign                      
00005cd5  __aeabi_dmul                  
00005dd1  ceil                          
00005dd1  ceill                         
00005ec9  floor                         
00005ec9  floorl                        
00005fc1  free                          
00006157  __aeabi_memcpy                
00006157  __aeabi_memcpy4               
00006157  __aeabi_memcpy8               
00006157  memcpy                        
000061f3  __aeabi_uldivmod              
00006289  __aeabi_cdcmpeq               
00006289  __aeabi_cdcmple               
0000630f  __aeabi_cdrcmple              
00006395  __aeabi_memclr                
00006395  __aeabi_memclr4               
00006395  __aeabi_memclr8               
00006397  __aeabi_memset                
00006397  __aeabi_memset4               
00006397  __aeabi_memset8               
0000639d  memset                        
000064ef  __aeabi_d2f                   
0000655d  __TI_decompress_lzss          
000065c5  frexp                         
000065c5  frexpl                        
0000667f  __TI_ltoa                     
00006725  atoi                          
00006771  __aeabi_d2iz                  
000067b9  __TI_auto_init_nobinit_nopinit
000067fd  sprintf                       
0000683d  vsnprintf                     
000068bd  calloc                        
000068f5  __aeabi_f2d                   
0000692d  IntRegister                   
00006961  _c_int00_noargs               
000069c5  __aeabi_i2d                   
00006a1d  printWholeString              
00006a45  __aeabi_ui2d                  
00006a65  __TI_zero_init_nomemset       
00006a9d  memccpy                       
00006ab9  copysign                      
00006ab9  copysignl                     
00006b03  oi_parseInt                   
00006b1b  strcmp                        
00006b33  strchr                        
00006b49  strcpy                        
00006b5d  strlen                        
00006b71  wcslen                        
00006b83  IntMasterEnable               
00006b93  lcd_clear                     
00006ba3  __TI_decompress_none          
00006bb1  CPUcpsie                      
00006bbd  ResetISR                      
00006bd5  __aeabi_errno_addr            
00006bdd  malloc                        
00006be5  _system_pre_init              
00006be9  C$$EXIT                       
00006be9  abort                         
00006ed8  _ctypes_                      
0000724c  __TI_Handler_Table_Base       
00007258  __TI_Handler_Table_Limit      
00007268  __TI_CINIT_Base               
00007280  __TI_CINIT_Limit              
20000000  __start___llvm_prf_cnts       
20000000  __stop___llvm_prf_cnts        
20000000  g_pfnRAMVectors               
20000270  __stack                       
20000470  __STACK_TOP                   
20001270  __STACK_END                   
20001270  _sys_memory                   
200022dc  _timeout_ticks                
200022e0  motor_cal_factor_L            
200022e4  motor_cal_factor_R            
20002300  leftVal                       
20002304  rightVal                      
20002308  newPos                        
2000230c  direction                     
20002310  moved                         
20002314  button                        
20002318  g_start_time                  
2000231c  g_end_time                    
20002320  ms_start_time                 
20002324  ms_end_time                   
20002328  g_state                       
20002329  _running                      
2000232c  command_byte                  
20002330  command_flag                  
20002334  input                         
20002338  _lock                         
2000233c  _unlock                       
20002348  tacos                         
2000234c  customerFound                 
20002350  errno                         
ffffffff  __TI_pprof_out_hndl           
ffffffff  __TI_prof_data_size           
ffffffff  __TI_prof_data_start          
ffffffff  __binit__                     
ffffffff  __c_args__                    
ffffffff  binit                         
UNDEFED   __mpu_init                    
UNDEFED   _system_post_cinit            

[194 symbols]
