******************************************************************************
                  TI ARM Linker PC v20.2.7                     
******************************************************************************
>> Linked Sat May  3 20:23:26 2025

OUTPUT FILE NAME:   <FINAL.out>
ENTRY POINT SYMBOL: "_c_int00_noargs"  address: 00004ed9


MEMORY CONFIGURATION

         name            origin    length      used     unused   attr    fill
----------------------  --------  ---------  --------  --------  ----  --------
  FLASH                 00000000   00040000  00005341  0003acbf  R  X
  SRAM                  20000000   00008000  00002350  00005cb0  RW X


SEGMENT ALLOCATION MAP

run origin  load origin   length   init length attrs members
----------  ----------- ---------- ----------- ----- -------
00000000    00000000    00005348   00005348    r-x
  00000000    00000000    0000026c   0000026c    r-- .intvecs
  0000026c    0000026c    00004ef8   00004ef8    r-x .text
  00005168    00005168    00000175   00000175    r-- .const
  000052e0    000052e0    00000068   00000068    r-- .cinit
20000000    20000000    00002354   00000000    rw-
  20000000    20000000    0000026c   00000000    rw- .vtable
  20000270    20000270    00001000   00000000    rw- .stack
  20001270    20001270    00001000   00000000    rw- .sysmem
  20002270    20002270    00000070   00000000    rw- .bss
  200022e0    200022e0    00000074   00000000    rw- .data


SECTION ALLOCATION MAP

 output                                  attributes/
section   page    origin      length       input sections
--------  ----  ----------  ----------   ----------------
.intvecs   0    00000000    0000026c     
                  00000000    0000026c     tm4c123gh6pm_startup_ccs.obj (.intvecs)

.text      0    0000026c    00004ef8     
                  0000026c    00000c20     open_interface.obj (.text)
                  00000e8c    00000a4e     rtsv7M4_T_le_v4SPD16_eabi.lib : _printfi.c.obj (.text:__TI_printfi)
                  000018da    00000002                                   : _lock.c.obj (.text:_nop)
                  000018dc    000009d0                                   : e_pow.c.obj (.text:pow)
                  000022ac    000003a8     movement.obj (.text)
                  00002654    00000334     ping.obj (.text)
                  00002988    00000328     lcd.obj (.text)
                  00002cb0    0000028c     uart-interrupt.obj (.text)
                  00002f3c    00000270     rtsv7M4_T_le_v4SPD16_eabi.lib : _printfi.c.obj (.text:_pconv_a)
                  000031ac    00000248     Timer.obj (.text)
                  000033f4    000001d0     rtsv7M4_T_le_v4SPD16_eabi.lib : _printfi.c.obj (.text:_pconv_g)
                  000035c4    000001d0     taco.obj (.text)
                  00003794    000001b6     rtsv7M4_T_le_v4SPD16_eabi.lib : fd_add_t2.asm.obj (.text)
                  0000394a    00000002                                   : div0.asm.obj (.text)
                  0000394c    00000158                                   : e_sqrt.c.obj (.text:sqrt)
                  00003aa4    0000013c                                   : _printfi.c.obj (.text:_pconv_e)
                  00003be0    00000136                                   : fd_div_t2.asm.obj (.text)
                  00003d16    00000002     --HOLE-- [fill = 0]
                  00003d18    0000012c     servo.obj (.text)
                  00003e44    00000124     rtsv7M4_T_le_v4SPD16_eabi.lib : _printfi.c.obj (.text:fcvt)
                  00003f68    00000120     adc.obj (.text)
                  00004088    00000110     rtsv7M4_T_le_v4SPD16_eabi.lib : s_scalbn.c.obj (.text:scalbn)
                  00004198    00000108     scan.obj (.text)
                  000042a0    00000100     rtsv7M4_T_le_v4SPD16_eabi.lib : memory.c.obj (.text:aligned_alloc)
                  000043a0    000000fc                                   : fd_mul_t2.asm.obj (.text)
                  0000449c    000000e4                                   : memory.c.obj (.text:free)
                  00004580    000000b1                                   : _printfi.c.obj (.text:_ltostr)
                  00004631    00000003     --HOLE-- [fill = 0]
                  00004634    0000009c     main.obj (.text)
                  000046d0    0000009c     rtsv7M4_T_le_v4SPD16_eabi.lib : memcpy_t2.asm.obj (.text)
                  0000476c    00000096                                   : ull_div_t2.asm.obj (.text)
                  00004802    00000086                                   : fd_cmp_t2.asm.obj (.text:__aeabi_cdcmple)
                  00004888    00000086                                   : fd_cmp_t2.asm.obj (.text:__aeabi_cdrcmple)
                  0000490e    0000007a                                   : memset_t2.asm.obj (.text)
                  00004988    00000070                                   : memory.c.obj (.text:split)
                  000049f8    0000006e                                   : _printfi.c.obj (.text:_mcpy)
                  00004a66    0000006e                                   : fd_tos_t2.asm.obj (.text)
                  00004ad4    00000068                                   : copy_decompress_lzss.c.obj (.text:decompress:lzss:__TI_decompress_lzss)
                  00004b3c    00000064                                   : s_frexp.c.obj (.text:frexp)
                  00004ba0    00000056                                   : _printfi.c.obj (.text:_pconv_f)
                  00004bf6    00000054                                   : _ltoa.c.obj (.text:__TI_ltoa)
                  00004c4a    00000052                                   : _printfi.c.obj (.text:_ecpy)
                  00004c9c    0000004c                                   : atoi.c.obj (.text:atoi)
                  00004ce8    00000048                                   : fd_toi_t2.asm.obj (.text)
                  00004d30    00000044                                   : autoinit.c.obj (.text:__TI_auto_init_nobinit_nopinit:__TI_auto_init_nobinit_nopinit)
                  00004d74    00000040                                   : sprintf.c.obj (.text:sprintf)
                  00004db4    00000040                                   : vsnprintf.c.obj (.text:vsnprintf)
                  00004df4    0000003e                                   : _printfi.c.obj (.text:_fcpy)
                  00004e32    00000002     --HOLE-- [fill = 0]
                  00004e34    00000038                                   : memory.c.obj (.text:calloc)
                  00004e6c    00000038                                   : fs_tod_t2.asm.obj (.text)
                  00004ea4    00000034     driverlib.lib : interrupt.obj (.text:IntRegister)
                  00004ed8    00000034     rtsv7M4_T_le_v4SPD16_eabi.lib : boot_cortex_m.c.obj (.text:_c_int00_noargs:_c_int00_noargs)
                  00004f0c    00000030                                   : vsnprintf.c.obj (.text:_outs)
                  00004f3c    0000002e                                   : i_tofd_t2.asm.obj (.text)
                  00004f6a    00000002     --HOLE-- [fill = 0]
                  00004f6c    00000028                                   : memory.c.obj (.text:free_list_insert)
                  00004f94    00000028     putty.obj (.text)
                  00004fbc    00000020     rtsv7M4_T_le_v4SPD16_eabi.lib : u_tofd_t2.asm.obj (.text)
                  00004fdc    0000001c                                   : copy_zero_init.c.obj (.text:decompress:ZI:__TI_zero_init_nomemset:__TI_zero_init_nomemset)
                  00004ff8    0000001c                                   : memory.c.obj (.text:free_list_remove)
                  00005014    0000001c                                   : memccpy.c.obj (.text:memccpy)
                  00005030    0000001a                                   : s_copysign.c.obj (.text:copysign)
                  0000504a    00000018                                   : vsnprintf.c.obj (.text:_outc)
                  00005062    00000018                                   : sprintf.c.obj (.text:_outs)
                  0000507a    00000018     open_interface.obj (.text:oi_parseInt)
                  00005092    00000018     rtsv7M4_T_le_v4SPD16_eabi.lib : strcmp.c.obj (.text:strcmp)
                  000050aa    00000016                                   : strchr.c.obj (.text:strchr)
                  000050c0    00000014                                   : strcpy.c.obj (.text:strcpy)
                  000050d4    00000014                                   : strlen.c.obj (.text:strlen)
                  000050e8    00000012                                   : wcslen.c.obj (.text:wcslen)
                  000050fa    00000010     driverlib.lib : interrupt.obj (.text:IntMasterEnable)
                  0000510a    00000010     lcd.obj (.text:lcd_clear)
                  0000511a    0000000e     rtsv7M4_T_le_v4SPD16_eabi.lib : copy_decompress_none.c.obj (.text:decompress:none:__TI_decompress_none)
                  00005128    0000000c     driverlib.lib : cpu.obj (.text:CPUcpsie)
                  00005134    0000000c     tm4c123gh6pm_startup_ccs.obj (.text)
                  00005140    0000000a     rtsv7M4_T_le_v4SPD16_eabi.lib : sprintf.c.obj (.text:_outc)
                  0000514a    00000002     --HOLE-- [fill = 0]
                  0000514c    00000008                                   : errno.c.obj (.text:__aeabi_errno_addr)
                  00005154    00000008                                   : memory.c.obj (.text:malloc)
                  0000515c    00000004                                   : pre_init.c.obj (.text:_system_pre_init)
                  00005160    00000004                                   : exit.c.obj (.text:abort:abort)

.const     0    00005168    00000175     
                  00005168    00000101     rtsv7M4_T_le_v4SPD16_eabi.lib : ctype.c.obj (.const:.string:_ctypes_)
                  00005269    00000006     taco.obj (.const:.string:$P$T2$3)
                  0000526f    00000001     --HOLE-- [fill = 0]
                  00005270    00000030     rtsv7M4_T_le_v4SPD16_eabi.lib : e_pow.c.obj (.const:$O1$$)
                  000052a0    00000010     taco.obj (.const:.string:$P$T0$1)
                  000052b0    00000010     taco.obj (.const:.string:$P$T1$2)
                  000052c0    0000000f     open_interface.obj (.const:.string:$P$T0$3)
                  000052cf    00000006     taco.obj (.const:.string:$P$T3$4)
                  000052d5    00000004     lcd.obj (.const:.string:lineAddress$1)
                  000052d9    00000004     lcd.obj (.const:.string:lineAddresses$2)

.cinit     0    000052e0    00000068     
                  000052e0    00000031     (.cinit..data.load) [load image, compression = lzss]
                  00005311    00000003     --HOLE-- [fill = 0]
                  00005314    0000000c     (__TI_handler_table)
                  00005320    00000008     (.cinit..bss.load) [load image, compression = zero_init]
                  00005328    00000008     (.cinit..vtable.load) [load image, compression = zero_init]
                  00005330    00000018     (__TI_cinit_table)

.init_array 
*          0    00000000    00000000     UNINITIALIZED

.vtable    0    20000000    0000026c     UNINITIALIZED
                  20000000    0000026c     driverlib.lib : interrupt.obj (.vtable)

.stack     0    20000270    00001000     UNINITIALIZED
                  20000270    00000004     rtsv7M4_T_le_v4SPD16_eabi.lib : boot_cortex_m.c.obj (.stack)
                  20000274    00000ffc     --HOLE--

.sysmem    0    20001270    00001000     UNINITIALIZED
                  20001270    00000010     rtsv7M4_T_le_v4SPD16_eabi.lib : memory.c.obj (.sysmem)
                  20001280    00000ff0     --HOLE--

.bss       0    20002270    00000070     UNINITIALIZED
                  20002270    00000054     lcd.obj (.bss:lastbuffer$3)
                  200022c4    00000018     open_interface.obj (.bss:firmware$2)
                  200022dc    00000004     (.common:_timeout_ticks)

.data      0    200022e0    00000074     UNINITIALIZED
                  200022e0    00000020     open_interface.obj (.data)
                  20002300    00000018     servo.obj (.data)
                  20002318    00000011     ping.obj (.data)
                  20002329    00000001     Timer.obj (.data)
                  2000232a    00000002     --HOLE--
                  2000232c    00000009     uart-interrupt.obj (.data)
                  20002335    00000003     --HOLE--
                  20002338    00000008     rtsv7M4_T_le_v4SPD16_eabi.lib : _lock.c.obj (.data:$O1$$)
                  20002340    00000008                                   : memory.c.obj (.data:$O1$$)
                  20002348    00000005     taco.obj (.data)
                  2000234d    00000003     --HOLE--
                  20002350    00000004     rtsv7M4_T_le_v4SPD16_eabi.lib : errno.c.obj (.data)

__llvm_prf_cnts 
*          0    20000000    00000000     UNINITIALIZED

MODULE SUMMARY

       Module                         code    ro data   rw data
       ------                         ----    -------   -------
    .\
       open_interface.obj             3128    15        56     
       movement.obj                   936     0         0      
       lcd.obj                        824     8         84     
       ping.obj                       820     0         17     
       uart-interrupt.obj             652     0         9      
       tm4c123gh6pm_startup_ccs.obj   12      620       0      
       Timer.obj                      584     0         5      
       taco.obj                       464     44        5      
       servo.obj                      300     0         24     
       adc.obj                        288     0         0      
       scan.obj                       264     0         0      
       main.obj                       156     0         0      
       putty.obj                      40      0         0      
    +--+------------------------------+-------+---------+---------+
       Total:                         8468    687       200    
                                                               
    C:/ti/TivaWare_C_Series-2.2.0.295/driverlib/ccs/Debug/driverlib.lib
       interrupt.obj                  68      0         620    
       cpu.obj                        12      0         0      
    +--+------------------------------+-------+---------+---------+
       Total:                         80      0         620    
                                                               
    C:\ti\ccs1271\ccs\tools\compiler\ti-cgt-arm_20.2.7.LTS\lib\rtsv7M4_T_le_v4SPD16_eabi.lib
       _printfi.c.obj                 4851    0         0      
       e_pow.c.obj                    2512    48        0      
       memory.c.obj                   728     0         8      
       fd_add_t2.asm.obj              438     0         0      
       e_sqrt.c.obj                   344     0         0      
       fd_div_t2.asm.obj              310     0         0      
       s_scalbn.c.obj                 272     0         0      
       fd_cmp_t2.asm.obj              268     0         0      
       ctype.c.obj                    0       257       0      
       fd_mul_t2.asm.obj              252     0         0      
       memcpy_t2.asm.obj              156     0         0      
       ull_div_t2.asm.obj             150     0         0      
       vsnprintf.c.obj                136     0         0      
       memset_t2.asm.obj              122     0         0      
       fd_tos_t2.asm.obj              110     0         0      
       copy_decompress_lzss.c.obj     104     0         0      
       s_frexp.c.obj                  100     0         0      
       sprintf.c.obj                  98      0         0      
       _ltoa.c.obj                    84      0         0      
       atoi.c.obj                     76      0         0      
       fd_toi_t2.asm.obj              72      0         0      
       autoinit.c.obj                 68      0         0      
       fs_tod_t2.asm.obj              56      0         0      
       boot_cortex_m.c.obj            52      0         0      
       i_tofd_t2.asm.obj              46      0         0      
       u_tofd_t2.asm.obj              32      0         0      
       copy_zero_init.c.obj           28      0         0      
       memccpy.c.obj                  28      0         0      
       s_copysign.c.obj               26      0         0      
       strcmp.c.obj                   24      0         0      
       strchr.c.obj                   22      0         0      
       strcpy.c.obj                   20      0         0      
       strlen.c.obj                   20      0         0      
       wcslen.c.obj                   18      0         0      
       copy_decompress_none.c.obj     14      0         0      
       errno.c.obj                    8       0         4      
       _lock.c.obj                    2       0         8      
       exit.c.obj                     4       0         0      
       pre_init.c.obj                 4       0         0      
       div0.asm.obj                   2       0         0      
    +--+------------------------------+-------+---------+---------+
       Total:                         11657   305       20     
                                                               
       Heap:                          0       0         4096   
       Stack:                         0       0         4096   
       Linker Generated:              0       101       0      
    +--+------------------------------+-------+---------+---------+
       Grand Total:                   20205   1093      9032   


LINKER GENERATED COPY TABLES

__TI_cinit_table @ 00005330 records: 3, size/record: 8, table size: 24
	.data: load addr=000052e0, load size=00000031 bytes, run addr=200022e0, run size=00000074 bytes, compression=lzss
	.bss: load addr=00005320, load size=00000008 bytes, run addr=20002270, run size=00000070 bytes, compression=zero_init
	.vtable: load addr=00005328, load size=00000008 bytes, run addr=20000000, run size=0000026c bytes, compression=zero_init


LINKER GENERATED HANDLER TABLE

__TI_handler_table @ 00005314 records: 3, size/record: 4, table size: 12
	index: 0, handler: __TI_zero_init
	index: 1, handler: __TI_decompress_lzss
	index: 2, handler: __TI_decompress_none


GLOBAL SYMBOLS: SORTED ALPHABETICALLY BY Name 

address   name                          
-------   ----                          
00005161  C$$EXIT                       
00005129  CPUcpsie                      
00000bc3  GPIOF_Handler                 
000050fb  IntMasterEnable               
00004ea5  IntRegister                   
00005135  ResetISR                      
000027a3  TIMER3B_Handler               
00002dcd  UART1_Handler                 
20001270  __STACK_END                   
00001000  __STACK_SIZE                  
20000470  __STACK_TOP                   
00001000  __SYSMEM_SIZE                 
00005330  __TI_CINIT_Base               
00005348  __TI_CINIT_Limit              
00005314  __TI_Handler_Table_Base       
00005320  __TI_Handler_Table_Limit      
00004d31  __TI_auto_init_nobinit_nopinit
00004ad5  __TI_decompress_lzss          
0000511b  __TI_decompress_none          
00004bf7  __TI_ltoa                     
ffffffff  __TI_pprof_out_hndl           
00000e8d  __TI_printfi                  
ffffffff  __TI_prof_data_size           
ffffffff  __TI_prof_data_start          
00000000  __TI_static_base__            
00004fdd  __TI_zero_init_nomemset       
00004803  __aeabi_cdcmpeq               
00004803  __aeabi_cdcmple               
00004889  __aeabi_cdrcmple              
00004a67  __aeabi_d2f                   
00004ce9  __aeabi_d2iz                  
0000379f  __aeabi_dadd                  
00003be1  __aeabi_ddiv                  
000043a1  __aeabi_dmul                  
00003795  __aeabi_dsub                  
0000514d  __aeabi_errno_addr            
00004e6d  __aeabi_f2d                   
00004f3d  __aeabi_i2d                   
0000394b  __aeabi_idiv0                 
0000394b  __aeabi_ldiv0                 
0000490f  __aeabi_memclr                
0000490f  __aeabi_memclr4               
0000490f  __aeabi_memclr8               
000046d1  __aeabi_memcpy                
000046d1  __aeabi_memcpy4               
000046d1  __aeabi_memcpy8               
00004911  __aeabi_memset                
00004911  __aeabi_memset4               
00004911  __aeabi_memset8               
00004fbd  __aeabi_ui2d                  
0000476d  __aeabi_uldivmod              
ffffffff  __binit__                     
ffffffff  __c_args__                    
UNDEFED   __mpu_init                    
20000270  __stack                       
20000000  __start___llvm_prf_cnts       
20000000  __stop___llvm_prf_cnts        
00004ed9  _c_int00_noargs               
00005168  _ctypes_                      
20002338  _lock                         
000018db  _nop                          
20002329  _running                      
20001270  _sys_memory                   
UNDEFED   _system_post_cinit            
0000515d  _system_pre_init              
200022dc  _timeout_ticks                
2000233c  _unlock                       
00005161  abort                         
00003f69  adc_init                      
0000400f  adc_read                      
000042a1  aligned_alloc                 
00004c9d  atoi                          
ffffffff  binit                         
20002314  button                        
00004e35  calloc                        
2000232c  command_byte                  
20002330  command_flag                  
00005031  copysign                      
00005031  copysignl                     
2000234c  customerFound                 
2000230c  direction                     
20002350  errno                         
0000449d  free                          
00004b3d  frexp                         
00004b3d  frexpl                        
00004213  fullScan                      
2000231c  g_end_time                    
20000000  g_pfnRAMVectors               
00000000  g_pfnVectors                  
20002318  g_start_time                  
20002328  g_state                       
00004199  get_IR_Dist                   
00004201  get_PING_Dist                 
0000097f  go_charge                     
20002334  input                         
0000510b  lcd_clear                     
00002b5d  lcd_gotoLine                  
000029c5  lcd_init                      
00002bc3  lcd_printf                    
00002a85  lcd_putc                      
00002abd  lcd_puts                      
00002989  lcd_reverseNibble             
00002adb  lcd_sendCommand               
00002b19  lcd_sendNibble                
00002b85  lcd_setCursorPos              
00004089  ldexp                         
00004089  ldexpl                        
20002300  leftVal                       
00004635  main                          
00005155  malloc                        
000042a1  memalign                      
00005015  memccpy                       
000046d1  memcpy                        
00004917  memset                        
200022e0  motor_cal_factor_L            
200022e4  motor_cal_factor_R            
000023ff  move_backward                 
000022ad  move_forward                  
20002310  moved                         
20002324  ms_end_time                   
20002320  ms_start_time                 
00003643  music                         
20002308  newPos                        
0000026d  oi_alloc                      
00000aa9  oi_checkFirmware              
000002c7  oi_close                      
00000279  oi_free                       
00000ded  oi_getMotorCalibrationLeft    
00000e01  oi_getMotorCalibrationRight   
000002b1  oi_init                       
00000289  oi_init_noupdate              
00000915  oi_loadSong                   
0000507b  oi_parseInt                   
0000032b  oi_parsePacket                
0000096b  oi_play_song                  
0000084b  oi_setLeds                    
00000db1  oi_setMotorCalibration        
0000088f  oi_setWheels                  
00000b51  oi_shutoff_init               
0000098d  oi_uartInit                   
00000a31  oi_uartReceive                
00000a77  oi_uartSendBuff               
00000a15  oi_uartSendChar               
00000a59  oi_uartSendStr                
000002d9  oi_update                     
000027f5  ping_getDistance              
00002655  ping_init                     
0000271b  ping_trigger                  
000018dd  pow                           
000018dd  powl                          
00004f95  printWholeString              
20002304  rightVal                      
00004089  scalbn                        
00004089  scalbnl                       
00003d19  servo_init                    
00003dc1  servo_move                    
000025f1  set_wheels                    
00004d75  sprintf                       
0000394d  sqrt                          
0000394d  sqrtl                         
000050ab  strchr                        
00005093  strcmp                        
000050c1  strcpy                        
000050d5  strlen                        
000035c5  supplyBot                     
000035eb  supplyCustomers               
20002348  tacos                         
000032cb  timer_getMicros               
00003273  timer_getMillis               
000031ad  timer_init                    
0000324f  timer_pause                   
00003261  timer_resume                  
00003225  timer_stop                    
00003325  timer_waitMicros              
00003357  timer_waitMillis              
00002539  turn_left                     
0000249f  turn_right                    
00002cb1  uart_interrupt_init           
00002d81  uart_receive                  
00002da1  uart_receive_nonblocking      
00002d65  uart_sendChar                 
00002da7  uart_sendStr                  
00004db5  vsnprintf                     
000050e9  wcslen                        


GLOBAL SYMBOLS: SORTED BY Symbol Address 

address   name                          
-------   ----                          
00000000  __TI_static_base__            
00000000  g_pfnVectors                  
0000026d  oi_alloc                      
00000279  oi_free                       
00000289  oi_init_noupdate              
000002b1  oi_init                       
000002c7  oi_close                      
000002d9  oi_update                     
0000032b  oi_parsePacket                
0000084b  oi_setLeds                    
0000088f  oi_setWheels                  
00000915  oi_loadSong                   
0000096b  oi_play_song                  
0000097f  go_charge                     
0000098d  oi_uartInit                   
00000a15  oi_uartSendChar               
00000a31  oi_uartReceive                
00000a59  oi_uartSendStr                
00000a77  oi_uartSendBuff               
00000aa9  oi_checkFirmware              
00000b51  oi_shutoff_init               
00000bc3  GPIOF_Handler                 
00000db1  oi_setMotorCalibration        
00000ded  oi_getMotorCalibrationLeft    
00000e01  oi_getMotorCalibrationRight   
00000e8d  __TI_printfi                  
00001000  __STACK_SIZE                  
00001000  __SYSMEM_SIZE                 
000018db  _nop                          
000018dd  pow                           
000018dd  powl                          
000022ad  move_forward                  
000023ff  move_backward                 
0000249f  turn_right                    
00002539  turn_left                     
000025f1  set_wheels                    
00002655  ping_init                     
0000271b  ping_trigger                  
000027a3  TIMER3B_Handler               
000027f5  ping_getDistance              
00002989  lcd_reverseNibble             
000029c5  lcd_init                      
00002a85  lcd_putc                      
00002abd  lcd_puts                      
00002adb  lcd_sendCommand               
00002b19  lcd_sendNibble                
00002b5d  lcd_gotoLine                  
00002b85  lcd_setCursorPos              
00002bc3  lcd_printf                    
00002cb1  uart_interrupt_init           
00002d65  uart_sendChar                 
00002d81  uart_receive                  
00002da1  uart_receive_nonblocking      
00002da7  uart_sendStr                  
00002dcd  UART1_Handler                 
000031ad  timer_init                    
00003225  timer_stop                    
0000324f  timer_pause                   
00003261  timer_resume                  
00003273  timer_getMillis               
000032cb  timer_getMicros               
00003325  timer_waitMicros              
00003357  timer_waitMillis              
000035c5  supplyBot                     
000035eb  supplyCustomers               
00003643  music                         
00003795  __aeabi_dsub                  
0000379f  __aeabi_dadd                  
0000394b  __aeabi_idiv0                 
0000394b  __aeabi_ldiv0                 
0000394d  sqrt                          
0000394d  sqrtl                         
00003be1  __aeabi_ddiv                  
00003d19  servo_init                    
00003dc1  servo_move                    
00003f69  adc_init                      
0000400f  adc_read                      
00004089  ldexp                         
00004089  ldexpl                        
00004089  scalbn                        
00004089  scalbnl                       
00004199  get_IR_Dist                   
00004201  get_PING_Dist                 
00004213  fullScan                      
000042a1  aligned_alloc                 
000042a1  memalign                      
000043a1  __aeabi_dmul                  
0000449d  free                          
00004635  main                          
000046d1  __aeabi_memcpy                
000046d1  __aeabi_memcpy4               
000046d1  __aeabi_memcpy8               
000046d1  memcpy                        
0000476d  __aeabi_uldivmod              
00004803  __aeabi_cdcmpeq               
00004803  __aeabi_cdcmple               
00004889  __aeabi_cdrcmple              
0000490f  __aeabi_memclr                
0000490f  __aeabi_memclr4               
0000490f  __aeabi_memclr8               
00004911  __aeabi_memset                
00004911  __aeabi_memset4               
00004911  __aeabi_memset8               
00004917  memset                        
00004a67  __aeabi_d2f                   
00004ad5  __TI_decompress_lzss          
00004b3d  frexp                         
00004b3d  frexpl                        
00004bf7  __TI_ltoa                     
00004c9d  atoi                          
00004ce9  __aeabi_d2iz                  
00004d31  __TI_auto_init_nobinit_nopinit
00004d75  sprintf                       
00004db5  vsnprintf                     
00004e35  calloc                        
00004e6d  __aeabi_f2d                   
00004ea5  IntRegister                   
00004ed9  _c_int00_noargs               
00004f3d  __aeabi_i2d                   
00004f95  printWholeString              
00004fbd  __aeabi_ui2d                  
00004fdd  __TI_zero_init_nomemset       
00005015  memccpy                       
00005031  copysign                      
00005031  copysignl                     
0000507b  oi_parseInt                   
00005093  strcmp                        
000050ab  strchr                        
000050c1  strcpy                        
000050d5  strlen                        
000050e9  wcslen                        
000050fb  IntMasterEnable               
0000510b  lcd_clear                     
0000511b  __TI_decompress_none          
00005129  CPUcpsie                      
00005135  ResetISR                      
0000514d  __aeabi_errno_addr            
00005155  malloc                        
0000515d  _system_pre_init              
00005161  C$$EXIT                       
00005161  abort                         
00005168  _ctypes_                      
00005314  __TI_Handler_Table_Base       
00005320  __TI_Handler_Table_Limit      
00005330  __TI_CINIT_Base               
00005348  __TI_CINIT_Limit              
20000000  __start___llvm_prf_cnts       
20000000  __stop___llvm_prf_cnts        
20000000  g_pfnRAMVectors               
20000270  __stack                       
20000470  __STACK_TOP                   
20001270  __STACK_END                   
20001270  _sys_memory                   
200022dc  _timeout_ticks                
200022e0  motor_cal_factor_L            
200022e4  motor_cal_factor_R            
20002300  leftVal                       
20002304  rightVal                      
20002308  newPos                        
2000230c  direction                     
20002310  moved                         
20002314  button                        
20002318  g_start_time                  
2000231c  g_end_time                    
20002320  ms_start_time                 
20002324  ms_end_time                   
20002328  g_state                       
20002329  _running                      
2000232c  command_byte                  
20002330  command_flag                  
20002334  input                         
20002338  _lock                         
2000233c  _unlock                       
20002348  tacos                         
2000234c  customerFound                 
20002350  errno                         
ffffffff  __TI_pprof_out_hndl           
ffffffff  __TI_prof_data_size           
ffffffff  __TI_prof_data_start          
ffffffff  __binit__                     
ffffffff  __c_args__                    
ffffffff  binit                         
UNDEFED   __mpu_init                    
UNDEFED   _system_post_cinit            

[184 symbols]
