******************************************************************************
                  TI ARM Linker PC v20.2.7                     
******************************************************************************
>> Linked Tue May  6 16:13:45 2025

OUTPUT FILE NAME:   <FINAL.out>
ENTRY POINT SYMBOL: "_c_int00_noargs"  address: 0000518d


MEMORY CONFIGURATION

         name            origin    length      used     unused   attr    fill
----------------------  --------  ---------  --------  --------  ----  --------
  FLASH                 00000000   00040000  000055f5  0003aa0b  R  X
  SRAM                  20000000   00008000  00002350  00005cb0  RW X


SEGMENT ALLOCATION MAP

run origin  load origin   length   init length attrs members
----------  ----------- ---------- ----------- ----- -------
00000000    00000000    000055f8   000055f8    r-x
  00000000    00000000    0000026c   0000026c    r-- .intvecs
  0000026c    0000026c    000051ac   000051ac    r-x .text
  00005418    00005418    00000175   00000175    r-- .const
  00005590    00005590    00000068   00000068    r-- .cinit
20000000    20000000    00002354   00000000    rw-
  20000000    20000000    0000026c   00000000    rw- .vtable
  20000270    20000270    00001000   00000000    rw- .stack
  20001270    20001270    00001000   00000000    rw- .sysmem
  20002270    20002270    00000070   00000000    rw- .bss
  200022e0    200022e0    00000074   00000000    rw- .data


SECTION ALLOCATION MAP

 output                                  attributes/
section   page    origin      length       input sections
--------  ----  ----------  ----------   ----------------
.intvecs   0    00000000    0000026c     
                  00000000    0000026c     tm4c123gh6pm_startup_ccs.obj (.intvecs)

.text      0    0000026c    000051ac     
                  0000026c    00000c20     open_interface.obj (.text)
                  00000e8c    00000a4e     rtsv7M4_T_le_v4SPD16_eabi.lib : _printfi.c.obj (.text:__TI_printfi)
                  000018da    00000002                                   : _lock.c.obj (.text:_nop)
                  000018dc    000009d0                                   : e_pow.c.obj (.text:pow)
                  000022ac    000003a8     movement.obj (.text)
                  00002654    00000368     main.obj (.text)
                  000029bc    00000334     ping.obj (.text)
                  00002cf0    00000328     lcd.obj (.text)
                  00003018    00000270     rtsv7M4_T_le_v4SPD16_eabi.lib : _printfi.c.obj (.text:_pconv_a)
                  00003288    00000250     uart-interrupt.obj (.text)
                  000034d8    00000248     Timer.obj (.text)
                  00003720    00000200     taco.obj (.text)
                  00003920    000001d0     rtsv7M4_T_le_v4SPD16_eabi.lib : _printfi.c.obj (.text:_pconv_g)
                  00003af0    000001b6                                   : fd_add_t2.asm.obj (.text)
                  00003ca6    00000002                                   : div0.asm.obj (.text)
                  00003ca8    00000158                                   : e_sqrt.c.obj (.text:sqrt)
                  00003e00    0000013c                                   : _printfi.c.obj (.text:_pconv_e)
                  00003f3c    00000136                                   : fd_div_t2.asm.obj (.text)
                  00004072    00000002     --HOLE-- [fill = 0]
                  00004074    00000124                                   : _printfi.c.obj (.text:fcvt)
                  00004198    00000120     adc.obj (.text)
                  000042b8    00000120     servo.obj (.text)
                  000043d8    00000110     rtsv7M4_T_le_v4SPD16_eabi.lib : s_scalbn.c.obj (.text:scalbn)
                  000044e8    00000108     scan.obj (.text)
                  000045f0    00000100     rtsv7M4_T_le_v4SPD16_eabi.lib : memory.c.obj (.text:aligned_alloc)
                  000046f0    000000fc                                   : fd_mul_t2.asm.obj (.text)
                  000047ec    000000e4                                   : memory.c.obj (.text:free)
                  000048d0    000000b1                                   : _printfi.c.obj (.text:_ltostr)
                  00004981    00000001     --HOLE-- [fill = 0]
                  00004982    0000009c                                   : memcpy_t2.asm.obj (.text)
                  00004a1e    00000096                                   : ull_div_t2.asm.obj (.text)
                  00004ab4    00000086                                   : fd_cmp_t2.asm.obj (.text:__aeabi_cdcmple)
                  00004b3a    00000086                                   : fd_cmp_t2.asm.obj (.text:__aeabi_cdrcmple)
                  00004bc0    0000007a                                   : memset_t2.asm.obj (.text)
                  00004c3a    00000002     --HOLE-- [fill = 0]
                  00004c3c    00000070                                   : memory.c.obj (.text:split)
                  00004cac    0000006e                                   : _printfi.c.obj (.text:_mcpy)
                  00004d1a    0000006e                                   : fd_tos_t2.asm.obj (.text)
                  00004d88    00000068                                   : copy_decompress_lzss.c.obj (.text:decompress:lzss:__TI_decompress_lzss)
                  00004df0    00000064                                   : s_frexp.c.obj (.text:frexp)
                  00004e54    00000056                                   : _printfi.c.obj (.text:_pconv_f)
                  00004eaa    00000054                                   : _ltoa.c.obj (.text:__TI_ltoa)
                  00004efe    00000052                                   : _printfi.c.obj (.text:_ecpy)
                  00004f50    0000004c                                   : atoi.c.obj (.text:atoi)
                  00004f9c    00000048                                   : fd_toi_t2.asm.obj (.text)
                  00004fe4    00000044                                   : autoinit.c.obj (.text:__TI_auto_init_nobinit_nopinit:__TI_auto_init_nobinit_nopinit)
                  00005028    00000040                                   : sprintf.c.obj (.text:sprintf)
                  00005068    00000040                                   : vsnprintf.c.obj (.text:vsnprintf)
                  000050a8    0000003e                                   : _printfi.c.obj (.text:_fcpy)
                  000050e6    00000002     --HOLE-- [fill = 0]
                  000050e8    00000038                                   : memory.c.obj (.text:calloc)
                  00005120    00000038                                   : fs_tod_t2.asm.obj (.text)
                  00005158    00000034     driverlib.lib : interrupt.obj (.text:IntRegister)
                  0000518c    00000034     rtsv7M4_T_le_v4SPD16_eabi.lib : boot_cortex_m.c.obj (.text:_c_int00_noargs:_c_int00_noargs)
                  000051c0    00000030                                   : vsnprintf.c.obj (.text:_outs)
                  000051f0    0000002e                                   : i_tofd_t2.asm.obj (.text)
                  0000521e    00000002     --HOLE-- [fill = 0]
                  00005220    00000028                                   : memory.c.obj (.text:free_list_insert)
                  00005248    00000028     putty.obj (.text)
                  00005270    00000020     rtsv7M4_T_le_v4SPD16_eabi.lib : u_tofd_t2.asm.obj (.text)
                  00005290    0000001c                                   : copy_zero_init.c.obj (.text:decompress:ZI:__TI_zero_init_nomemset:__TI_zero_init_nomemset)
                  000052ac    0000001c                                   : memory.c.obj (.text:free_list_remove)
                  000052c8    0000001c                                   : memccpy.c.obj (.text:memccpy)
                  000052e4    0000001a                                   : s_copysign.c.obj (.text:copysign)
                  000052fe    00000018                                   : vsnprintf.c.obj (.text:_outc)
                  00005316    00000018                                   : sprintf.c.obj (.text:_outs)
                  0000532e    00000018     open_interface.obj (.text:oi_parseInt)
                  00005346    00000018     rtsv7M4_T_le_v4SPD16_eabi.lib : strcmp.c.obj (.text:strcmp)
                  0000535e    00000016                                   : strchr.c.obj (.text:strchr)
                  00005374    00000014                                   : strcpy.c.obj (.text:strcpy)
                  00005388    00000014                                   : strlen.c.obj (.text:strlen)
                  0000539c    00000012                                   : wcslen.c.obj (.text:wcslen)
                  000053ae    00000010     driverlib.lib : interrupt.obj (.text:IntMasterEnable)
                  000053be    00000010     lcd.obj (.text:lcd_clear)
                  000053ce    0000000e     rtsv7M4_T_le_v4SPD16_eabi.lib : copy_decompress_none.c.obj (.text:decompress:none:__TI_decompress_none)
                  000053dc    0000000c     driverlib.lib : cpu.obj (.text:CPUcpsie)
                  000053e8    0000000c     tm4c123gh6pm_startup_ccs.obj (.text)
                  000053f4    0000000a     rtsv7M4_T_le_v4SPD16_eabi.lib : sprintf.c.obj (.text:_outc)
                  000053fe    00000002     --HOLE-- [fill = 0]
                  00005400    00000008                                   : errno.c.obj (.text:__aeabi_errno_addr)
                  00005408    00000008                                   : memory.c.obj (.text:malloc)
                  00005410    00000004                                   : pre_init.c.obj (.text:_system_pre_init)
                  00005414    00000004                                   : exit.c.obj (.text:abort:abort)

.const     0    00005418    00000175     
                  00005418    00000101     rtsv7M4_T_le_v4SPD16_eabi.lib : ctype.c.obj (.const:.string:_ctypes_)
                  00005519    00000006     taco.obj (.const:.string:$P$T2$3)
                  0000551f    00000001     --HOLE-- [fill = 0]
                  00005520    00000030     rtsv7M4_T_le_v4SPD16_eabi.lib : e_pow.c.obj (.const:$O1$$)
                  00005550    00000010     taco.obj (.const:.string:$P$T0$1)
                  00005560    00000010     taco.obj (.const:.string:$P$T1$2)
                  00005570    0000000f     open_interface.obj (.const:.string:$P$T0$3)
                  0000557f    00000006     taco.obj (.const:.string:$P$T3$4)
                  00005585    00000004     lcd.obj (.const:.string:lineAddress$1)
                  00005589    00000004     lcd.obj (.const:.string:lineAddresses$2)

.cinit     0    00005590    00000068     
                  00005590    00000031     (.cinit..data.load) [load image, compression = lzss]
                  000055c1    00000003     --HOLE-- [fill = 0]
                  000055c4    0000000c     (__TI_handler_table)
                  000055d0    00000008     (.cinit..bss.load) [load image, compression = zero_init]
                  000055d8    00000008     (.cinit..vtable.load) [load image, compression = zero_init]
                  000055e0    00000018     (__TI_cinit_table)

.init_array 
*          0    00000000    00000000     UNINITIALIZED

.vtable    0    20000000    0000026c     UNINITIALIZED
                  20000000    0000026c     driverlib.lib : interrupt.obj (.vtable)

.stack     0    20000270    00001000     UNINITIALIZED
                  20000270    00000004     rtsv7M4_T_le_v4SPD16_eabi.lib : boot_cortex_m.c.obj (.stack)
                  20000274    00000ffc     --HOLE--

.sysmem    0    20001270    00001000     UNINITIALIZED
                  20001270    00000010     rtsv7M4_T_le_v4SPD16_eabi.lib : memory.c.obj (.sysmem)
                  20001280    00000ff0     --HOLE--

.bss       0    20002270    00000070     UNINITIALIZED
                  20002270    00000054     lcd.obj (.bss:lastbuffer$3)
                  200022c4    00000018     open_interface.obj (.bss:firmware$2)
                  200022dc    00000004     (.common:_timeout_ticks)

.data      0    200022e0    00000074     UNINITIALIZED
                  200022e0    00000020     open_interface.obj (.data)
                  20002300    00000018     servo.obj (.data)
                  20002318    00000011     ping.obj (.data)
                  20002329    00000001     Timer.obj (.data)
                  2000232a    00000002     --HOLE--
                  2000232c    00000009     uart-interrupt.obj (.data)
                  20002335    00000003     --HOLE--
                  20002338    00000008     rtsv7M4_T_le_v4SPD16_eabi.lib : _lock.c.obj (.data:$O1$$)
                  20002340    00000008                                   : memory.c.obj (.data:$O1$$)
                  20002348    00000005     taco.obj (.data)
                  2000234d    00000003     --HOLE--
                  20002350    00000004     rtsv7M4_T_le_v4SPD16_eabi.lib : errno.c.obj (.data)

__llvm_prf_cnts 
*          0    20000000    00000000     UNINITIALIZED

MODULE SUMMARY

       Module                         code    ro data   rw data
       ------                         ----    -------   -------
    .\
       open_interface.obj             3128    15        56     
       movement.obj                   936     0         0      
       lcd.obj                        824     8         84     
       main.obj                       872     0         0      
       ping.obj                       820     0         17     
       tm4c123gh6pm_startup_ccs.obj   12      620       0      
       uart-interrupt.obj             592     0         9      
       Timer.obj                      584     0         5      
       taco.obj                       512     44        5      
       servo.obj                      288     0         24     
       adc.obj                        288     0         0      
       scan.obj                       264     0         0      
       putty.obj                      40      0         0      
    +--+------------------------------+-------+---------+---------+
       Total:                         9160    687       200    
                                                               
    C:/ti/TivaWare_C_Series-2.2.0.295/driverlib/ccs/Debug/driverlib.lib
       interrupt.obj                  68      0         620    
       cpu.obj                        12      0         0      
    +--+------------------------------+-------+---------+---------+
       Total:                         80      0         620    
                                                               
    C:\ti\ccs1271\ccs\tools\compiler\ti-cgt-arm_20.2.7.LTS\lib\rtsv7M4_T_le_v4SPD16_eabi.lib
       _printfi.c.obj                 4851    0         0      
       e_pow.c.obj                    2512    48        0      
       memory.c.obj                   728     0         8      
       fd_add_t2.asm.obj              438     0         0      
       e_sqrt.c.obj                   344     0         0      
       fd_div_t2.asm.obj              310     0         0      
       s_scalbn.c.obj                 272     0         0      
       fd_cmp_t2.asm.obj              268     0         0      
       ctype.c.obj                    0       257       0      
       fd_mul_t2.asm.obj              252     0         0      
       memcpy_t2.asm.obj              156     0         0      
       ull_div_t2.asm.obj             150     0         0      
       vsnprintf.c.obj                136     0         0      
       memset_t2.asm.obj              122     0         0      
       fd_tos_t2.asm.obj              110     0         0      
       copy_decompress_lzss.c.obj     104     0         0      
       s_frexp.c.obj                  100     0         0      
       sprintf.c.obj                  98      0         0      
       _ltoa.c.obj                    84      0         0      
       atoi.c.obj                     76      0         0      
       fd_toi_t2.asm.obj              72      0         0      
       autoinit.c.obj                 68      0         0      
       fs_tod_t2.asm.obj              56      0         0      
       boot_cortex_m.c.obj            52      0         0      
       i_tofd_t2.asm.obj              46      0         0      
       u_tofd_t2.asm.obj              32      0         0      
       copy_zero_init.c.obj           28      0         0      
       memccpy.c.obj                  28      0         0      
       s_copysign.c.obj               26      0         0      
       strcmp.c.obj                   24      0         0      
       strchr.c.obj                   22      0         0      
       strcpy.c.obj                   20      0         0      
       strlen.c.obj                   20      0         0      
       wcslen.c.obj                   18      0         0      
       copy_decompress_none.c.obj     14      0         0      
       errno.c.obj                    8       0         4      
       _lock.c.obj                    2       0         8      
       exit.c.obj                     4       0         0      
       pre_init.c.obj                 4       0         0      
       div0.asm.obj                   2       0         0      
    +--+------------------------------+-------+---------+---------+
       Total:                         11657   305       20     
                                                               
       Heap:                          0       0         4096   
       Stack:                         0       0         4096   
       Linker Generated:              0       101       0      
    +--+------------------------------+-------+---------+---------+
       Grand Total:                   20897   1093      9032   


LINKER GENERATED COPY TABLES

__TI_cinit_table @ 000055e0 records: 3, size/record: 8, table size: 24
	.data: load addr=00005590, load size=00000031 bytes, run addr=200022e0, run size=00000074 bytes, compression=lzss
	.bss: load addr=000055d0, load size=00000008 bytes, run addr=20002270, run size=00000070 bytes, compression=zero_init
	.vtable: load addr=000055d8, load size=00000008 bytes, run addr=20000000, run size=0000026c bytes, compression=zero_init


LINKER GENERATED HANDLER TABLE

__TI_handler_table @ 000055c4 records: 3, size/record: 4, table size: 12
	index: 0, handler: __TI_zero_init
	index: 1, handler: __TI_decompress_lzss
	index: 2, handler: __TI_decompress_none


GLOBAL SYMBOLS: SORTED ALPHABETICALLY BY Name 

address   name                          
-------   ----                          
00005415  C$$EXIT                       
000053dd  CPUcpsie                      
00000bc3  GPIOF_Handler                 
000053af  IntMasterEnable               
00005159  IntRegister                   
000053e9  ResetISR                      
00002b0b  TIMER3B_Handler               
000033a5  UART1_Handler                 
20001270  __STACK_END                   
00001000  __STACK_SIZE                  
20000470  __STACK_TOP                   
00001000  __SYSMEM_SIZE                 
000055e0  __TI_CINIT_Base               
000055f8  __TI_CINIT_Limit              
000055c4  __TI_Handler_Table_Base       
000055d0  __TI_Handler_Table_Limit      
00004fe5  __TI_auto_init_nobinit_nopinit
00004d89  __TI_decompress_lzss          
000053cf  __TI_decompress_none          
00004eab  __TI_ltoa                     
ffffffff  __TI_pprof_out_hndl           
00000e8d  __TI_printfi                  
ffffffff  __TI_prof_data_size           
ffffffff  __TI_prof_data_start          
00000000  __TI_static_base__            
00005291  __TI_zero_init_nomemset       
00004ab5  __aeabi_cdcmpeq               
00004ab5  __aeabi_cdcmple               
00004b3b  __aeabi_cdrcmple              
00004d1b  __aeabi_d2f                   
00004f9d  __aeabi_d2iz                  
00003afb  __aeabi_dadd                  
00003f3d  __aeabi_ddiv                  
000046f1  __aeabi_dmul                  
00003af1  __aeabi_dsub                  
00005401  __aeabi_errno_addr            
00005121  __aeabi_f2d                   
000051f1  __aeabi_i2d                   
00003ca7  __aeabi_idiv0                 
00003ca7  __aeabi_ldiv0                 
00004bc1  __aeabi_memclr                
00004bc1  __aeabi_memclr4               
00004bc1  __aeabi_memclr8               
00004983  __aeabi_memcpy                
00004983  __aeabi_memcpy4               
00004983  __aeabi_memcpy8               
00004bc3  __aeabi_memset                
00004bc3  __aeabi_memset4               
00004bc3  __aeabi_memset8               
00005271  __aeabi_ui2d                  
00004a1f  __aeabi_uldivmod              
ffffffff  __binit__                     
ffffffff  __c_args__                    
UNDEFED   __mpu_init                    
20000270  __stack                       
20000000  __start___llvm_prf_cnts       
20000000  __stop___llvm_prf_cnts        
0000518d  _c_int00_noargs               
00005418  _ctypes_                      
20002338  _lock                         
000018db  _nop                          
20002329  _running                      
20001270  _sys_memory                   
UNDEFED   _system_post_cinit            
00005411  _system_pre_init              
200022dc  _timeout_ticks                
2000233c  _unlock                       
00005415  abort                         
00004199  adc_init                      
0000423f  adc_read                      
000045f1  aligned_alloc                 
00004f51  atoi                          
ffffffff  binit                         
20002314  button                        
000050e9  calloc                        
2000232c  command_byte                  
20002330  command_flag                  
000052e5  copysign                      
000052e5  copysignl                     
2000234c  customerFound                 
2000230c  direction                     
20002350  errno                         
000047ed  free                          
00004df1  frexp                         
00004df1  frexpl                        
0000455d  fullScan                      
2000231c  g_end_time                    
20000000  g_pfnRAMVectors               
00000000  g_pfnVectors                  
20002318  g_start_time                  
20002328  g_state                       
000044e9  get_IR_Dist                   
0000454b  get_PING_Dist                 
0000097f  go_charge                     
20002334  input                         
000053bf  lcd_clear                     
00002ec5  lcd_gotoLine                  
00002d2d  lcd_init                      
00002f2b  lcd_printf                    
00002ded  lcd_putc                      
00002e25  lcd_puts                      
00002cf1  lcd_reverseNibble             
00002e43  lcd_sendCommand               
00002e81  lcd_sendNibble                
00002eed  lcd_setCursorPos              
000043d9  ldexp                         
000043d9  ldexpl                        
20002300  leftVal                       
00002655  main                          
00005409  malloc                        
000045f1  memalign                      
000052c9  memccpy                       
00004983  memcpy                        
00004bc9  memset                        
200022e0  motor_cal_factor_L            
200022e4  motor_cal_factor_R            
000023ff  move_backward                 
000022ad  move_forward                  
20002310  moved                         
20002324  ms_end_time                   
20002320  ms_start_time                 
000037d3  music                         
20002308  newPos                        
0000026d  oi_alloc                      
00000aa9  oi_checkFirmware              
000002c7  oi_close                      
00000279  oi_free                       
00000ded  oi_getMotorCalibrationLeft    
00000e01  oi_getMotorCalibrationRight   
000002b1  oi_init                       
00000289  oi_init_noupdate              
00000915  oi_loadSong                   
0000532f  oi_parseInt                   
0000032b  oi_parsePacket                
0000096b  oi_play_song                  
0000084b  oi_setLeds                    
00000db1  oi_setMotorCalibration        
0000088f  oi_setWheels                  
00000b51  oi_shutoff_init               
0000098d  oi_uartInit                   
00000a31  oi_uartReceive                
00000a77  oi_uartSendBuff               
00000a15  oi_uartSendChar               
00000a59  oi_uartSendStr                
000002d9  oi_update                     
00002b5d  ping_getDistance              
000029bd  ping_init                     
00002a83  ping_trigger                  
000018dd  pow                           
000018dd  powl                          
00005249  printWholeString              
20002304  rightVal                      
000043d9  scalbn                        
000043d9  scalbnl                       
000042b9  servo_init                    
00004361  servo_move                    
000025f1  set_wheels                    
00005029  sprintf                       
00003ca9  sqrt                          
00003ca9  sqrtl                         
0000535f  strchr                        
00005347  strcmp                        
00005375  strcpy                        
00005389  strlen                        
00003721  supplyBot                     
00003743  supplyCustomers               
20002348  tacos                         
000035f7  timer_getMicros               
0000359f  timer_getMillis               
000034d9  timer_init                    
0000357b  timer_pause                   
0000358d  timer_resume                  
00003551  timer_stop                    
00003651  timer_waitMicros              
00003683  timer_waitMillis              
00002539  turn_left                     
0000249f  turn_right                    
00003289  uart_interrupt_init           
00003359  uart_receive                  
00003379  uart_receive_nonblocking      
0000333d  uart_sendChar                 
0000337f  uart_sendStr                  
00005069  vsnprintf                     
0000539d  wcslen                        


GLOBAL SYMBOLS: SORTED BY Symbol Address 

address   name                          
-------   ----                          
00000000  __TI_static_base__            
00000000  g_pfnVectors                  
0000026d  oi_alloc                      
00000279  oi_free                       
00000289  oi_init_noupdate              
000002b1  oi_init                       
000002c7  oi_close                      
000002d9  oi_update                     
0000032b  oi_parsePacket                
0000084b  oi_setLeds                    
0000088f  oi_setWheels                  
00000915  oi_loadSong                   
0000096b  oi_play_song                  
0000097f  go_charge                     
0000098d  oi_uartInit                   
00000a15  oi_uartSendChar               
00000a31  oi_uartReceive                
00000a59  oi_uartSendStr                
00000a77  oi_uartSendBuff               
00000aa9  oi_checkFirmware              
00000b51  oi_shutoff_init               
00000bc3  GPIOF_Handler                 
00000db1  oi_setMotorCalibration        
00000ded  oi_getMotorCalibrationLeft    
00000e01  oi_getMotorCalibrationRight   
00000e8d  __TI_printfi                  
00001000  __STACK_SIZE                  
00001000  __SYSMEM_SIZE                 
000018db  _nop                          
000018dd  pow                           
000018dd  powl                          
000022ad  move_forward                  
000023ff  move_backward                 
0000249f  turn_right                    
00002539  turn_left                     
000025f1  set_wheels                    
00002655  main                          
000029bd  ping_init                     
00002a83  ping_trigger                  
00002b0b  TIMER3B_Handler               
00002b5d  ping_getDistance              
00002cf1  lcd_reverseNibble             
00002d2d  lcd_init                      
00002ded  lcd_putc                      
00002e25  lcd_puts                      
00002e43  lcd_sendCommand               
00002e81  lcd_sendNibble                
00002ec5  lcd_gotoLine                  
00002eed  lcd_setCursorPos              
00002f2b  lcd_printf                    
00003289  uart_interrupt_init           
0000333d  uart_sendChar                 
00003359  uart_receive                  
00003379  uart_receive_nonblocking      
0000337f  uart_sendStr                  
000033a5  UART1_Handler                 
000034d9  timer_init                    
00003551  timer_stop                    
0000357b  timer_pause                   
0000358d  timer_resume                  
0000359f  timer_getMillis               
000035f7  timer_getMicros               
00003651  timer_waitMicros              
00003683  timer_waitMillis              
00003721  supplyBot                     
00003743  supplyCustomers               
000037d3  music                         
00003af1  __aeabi_dsub                  
00003afb  __aeabi_dadd                  
00003ca7  __aeabi_idiv0                 
00003ca7  __aeabi_ldiv0                 
00003ca9  sqrt                          
00003ca9  sqrtl                         
00003f3d  __aeabi_ddiv                  
00004199  adc_init                      
0000423f  adc_read                      
000042b9  servo_init                    
00004361  servo_move                    
000043d9  ldexp                         
000043d9  ldexpl                        
000043d9  scalbn                        
000043d9  scalbnl                       
000044e9  get_IR_Dist                   
0000454b  get_PING_Dist                 
0000455d  fullScan                      
000045f1  aligned_alloc                 
000045f1  memalign                      
000046f1  __aeabi_dmul                  
000047ed  free                          
00004983  __aeabi_memcpy                
00004983  __aeabi_memcpy4               
00004983  __aeabi_memcpy8               
00004983  memcpy                        
00004a1f  __aeabi_uldivmod              
00004ab5  __aeabi_cdcmpeq               
00004ab5  __aeabi_cdcmple               
00004b3b  __aeabi_cdrcmple              
00004bc1  __aeabi_memclr                
00004bc1  __aeabi_memclr4               
00004bc1  __aeabi_memclr8               
00004bc3  __aeabi_memset                
00004bc3  __aeabi_memset4               
00004bc3  __aeabi_memset8               
00004bc9  memset                        
00004d1b  __aeabi_d2f                   
00004d89  __TI_decompress_lzss          
00004df1  frexp                         
00004df1  frexpl                        
00004eab  __TI_ltoa                     
00004f51  atoi                          
00004f9d  __aeabi_d2iz                  
00004fe5  __TI_auto_init_nobinit_nopinit
00005029  sprintf                       
00005069  vsnprintf                     
000050e9  calloc                        
00005121  __aeabi_f2d                   
00005159  IntRegister                   
0000518d  _c_int00_noargs               
000051f1  __aeabi_i2d                   
00005249  printWholeString              
00005271  __aeabi_ui2d                  
00005291  __TI_zero_init_nomemset       
000052c9  memccpy                       
000052e5  copysign                      
000052e5  copysignl                     
0000532f  oi_parseInt                   
00005347  strcmp                        
0000535f  strchr                        
00005375  strcpy                        
00005389  strlen                        
0000539d  wcslen                        
000053af  IntMasterEnable               
000053bf  lcd_clear                     
000053cf  __TI_decompress_none          
000053dd  CPUcpsie                      
000053e9  ResetISR                      
00005401  __aeabi_errno_addr            
00005409  malloc                        
00005411  _system_pre_init              
00005415  C$$EXIT                       
00005415  abort                         
00005418  _ctypes_                      
000055c4  __TI_Handler_Table_Base       
000055d0  __TI_Handler_Table_Limit      
000055e0  __TI_CINIT_Base               
000055f8  __TI_CINIT_Limit              
20000000  __start___llvm_prf_cnts       
20000000  __stop___llvm_prf_cnts        
20000000  g_pfnRAMVectors               
20000270  __stack                       
20000470  __STACK_TOP                   
20001270  __STACK_END                   
20001270  _sys_memory                   
200022dc  _timeout_ticks                
200022e0  motor_cal_factor_L            
200022e4  motor_cal_factor_R            
20002300  leftVal                       
20002304  rightVal                      
20002308  newPos                        
2000230c  direction                     
20002310  moved                         
20002314  button                        
20002318  g_start_time                  
2000231c  g_end_time                    
20002320  ms_start_time                 
20002324  ms_end_time                   
20002328  g_state                       
20002329  _running                      
2000232c  command_byte                  
20002330  command_flag                  
20002334  input                         
20002338  _lock                         
2000233c  _unlock                       
20002348  tacos                         
2000234c  customerFound                 
20002350  errno                         
ffffffff  __TI_pprof_out_hndl           
ffffffff  __TI_prof_data_size           
ffffffff  __TI_prof_data_start          
ffffffff  __binit__                     
ffffffff  __c_args__                    
ffffffff  binit                         
UNDEFED   __mpu_init                    
UNDEFED   _system_post_cinit            

[184 symbols]
