******************************************************************************
                  TI ARM Linker PC v20.2.7                     
******************************************************************************
>> Linked Thu May  8 13:16:26 2025

OUTPUT FILE NAME:   <FINAL.out>
ENTRY POINT SYMBOL: "_c_int00_noargs"  address: 000066c5


MEMORY CONFIGURATION

         name            origin    length      used     unused   attr    fill
----------------------  --------  ---------  --------  --------  ----  --------
  FLASH                 00000000   00040000  00006fdb  00039025  R  X
  SRAM                  20000000   00008000  00002350  00005cb0  RW X


SEGMENT ALLOCATION MAP

run origin  load origin   length   init length attrs members
----------  ----------- ---------- ----------- ----- -------
00000000    00000000    00006fe0   00006fe0    r-x
  00000000    00000000    0000026c   0000026c    r-- .intvecs
  0000026c    0000026c    000066e4   000066e4    r-x .text
  00006950    00006950    00000623   00000623    r-- .const
  00006f78    00006f78    00000068   00000068    r-- .cinit
20000000    20000000    00002354   00000000    rw-
  20000000    20000000    0000026c   00000000    rw- .vtable
  20000270    20000270    00001000   00000000    rw- .stack
  20001270    20001270    00001000   00000000    rw- .sysmem
  20002270    20002270    00000070   00000000    rw- .bss
  200022e0    200022e0    00000074   00000000    rw- .data


SECTION ALLOCATION MAP

 output                                  attributes/
section   page    origin      length       input sections
--------  ----  ----------  ----------   ----------------
.intvecs   0    00000000    0000026c     
                  00000000    0000026c     tm4c123gh6pm_startup_ccs.obj (.intvecs)

.text      0    0000026c    000066e4     
                  0000026c    00000c20     open_interface.obj (.text)
                  00000e8c    00000a4e     rtsv7M4_T_le_v4SPD16_eabi.lib : _printfi.c.obj (.text:__TI_printfi)
                  000018da    00000002                                   : _lock.c.obj (.text:_nop)
                  000018dc    000009d0                                   : e_pow.c.obj (.text:pow)
                  000022ac    00000738                                   : k_rem_pio2.c.obj (.text:__kernel_rem_pio2)
                  000029e4    0000050c     scan.obj (.text)
                  00002ef0    00000508     rtsv7M4_T_le_v4SPD16_eabi.lib : s_tan.c.obj (.text:tan)
                  000033f8    000003a8     movement.obj (.text)
                  000037a0    00000334     ping.obj (.text)
                  00003ad4    00000328     lcd.obj (.text)
                  00003dfc    0000031c     rtsv7M4_T_le_v4SPD16_eabi.lib : k_tan.c.obj (.text:__kernel_tan)
                  00004118    000002ac     main.obj (.text)
                  000043c4    000002a0     taco.obj (.text)
                  00004664    00000270     rtsv7M4_T_le_v4SPD16_eabi.lib : _printfi.c.obj (.text:_pconv_a)
                  000048d4    00000254     uart-interrupt.obj (.text)
                  00004b28    00000248     Timer.obj (.text)
                  00004d70    000001d0     rtsv7M4_T_le_v4SPD16_eabi.lib : _printfi.c.obj (.text:_pconv_g)
                  00004f40    000001b6                                   : fd_add_t2.asm.obj (.text)
                  000050f6    00000002                                   : div0.asm.obj (.text)
                  000050f8    00000158                                   : e_sqrt.c.obj (.text:sqrt)
                  00005250    0000013c                                   : _printfi.c.obj (.text:_pconv_e)
                  0000538c    00000136                                   : fd_div_t2.asm.obj (.text)
                  000054c2    00000002     --HOLE-- [fill = 0]
                  000054c4    00000124                                   : _printfi.c.obj (.text:fcvt)
                  000055e8    00000120     adc.obj (.text)
                  00005708    00000120     servo.obj (.text)
                  00005828    00000110     rtsv7M4_T_le_v4SPD16_eabi.lib : s_scalbn.c.obj (.text:scalbn)
                  00005938    00000100                                   : memory.c.obj (.text:aligned_alloc)
                  00005a38    000000fc                                   : fd_mul_t2.asm.obj (.text)
                  00005b34    000000f8                                   : s_ceil.c.obj (.text:ceil)
                  00005c2c    000000f8                                   : s_floor.c.obj (.text:floor)
                  00005d24    000000e4                                   : memory.c.obj (.text:free)
                  00005e08    000000b1                                   : _printfi.c.obj (.text:_ltostr)
                  00005eb9    00000001     --HOLE-- [fill = 0]
                  00005eba    0000009c                                   : memcpy_t2.asm.obj (.text)
                  00005f56    00000096                                   : ull_div_t2.asm.obj (.text)
                  00005fec    00000086                                   : fd_cmp_t2.asm.obj (.text:__aeabi_cdcmple)
                  00006072    00000086                                   : fd_cmp_t2.asm.obj (.text:__aeabi_cdrcmple)
                  000060f8    0000007a                                   : memset_t2.asm.obj (.text)
                  00006172    00000002     --HOLE-- [fill = 0]
                  00006174    00000070                                   : memory.c.obj (.text:split)
                  000061e4    0000006e                                   : _printfi.c.obj (.text:_mcpy)
                  00006252    0000006e                                   : fd_tos_t2.asm.obj (.text)
                  000062c0    00000068                                   : copy_decompress_lzss.c.obj (.text:decompress:lzss:__TI_decompress_lzss)
                  00006328    00000064                                   : s_frexp.c.obj (.text:frexp)
                  0000638c    00000056                                   : _printfi.c.obj (.text:_pconv_f)
                  000063e2    00000054                                   : _ltoa.c.obj (.text:__TI_ltoa)
                  00006436    00000052                                   : _printfi.c.obj (.text:_ecpy)
                  00006488    0000004c                                   : atoi.c.obj (.text:atoi)
                  000064d4    00000048                                   : fd_toi_t2.asm.obj (.text)
                  0000651c    00000044                                   : autoinit.c.obj (.text:__TI_auto_init_nobinit_nopinit:__TI_auto_init_nobinit_nopinit)
                  00006560    00000040                                   : sprintf.c.obj (.text:sprintf)
                  000065a0    00000040                                   : vsnprintf.c.obj (.text:vsnprintf)
                  000065e0    0000003e                                   : _printfi.c.obj (.text:_fcpy)
                  0000661e    00000002     --HOLE-- [fill = 0]
                  00006620    00000038                                   : memory.c.obj (.text:calloc)
                  00006658    00000038                                   : fs_tod_t2.asm.obj (.text)
                  00006690    00000034     driverlib.lib : interrupt.obj (.text:IntRegister)
                  000066c4    00000034     rtsv7M4_T_le_v4SPD16_eabi.lib : boot_cortex_m.c.obj (.text:_c_int00_noargs:_c_int00_noargs)
                  000066f8    00000030                                   : vsnprintf.c.obj (.text:_outs)
                  00006728    0000002e                                   : i_tofd_t2.asm.obj (.text)
                  00006756    00000002     --HOLE-- [fill = 0]
                  00006758    00000028                                   : memory.c.obj (.text:free_list_insert)
                  00006780    00000028     putty.obj (.text)
                  000067a8    00000020     rtsv7M4_T_le_v4SPD16_eabi.lib : u_tofd_t2.asm.obj (.text)
                  000067c8    0000001c                                   : copy_zero_init.c.obj (.text:decompress:ZI:__TI_zero_init_nomemset:__TI_zero_init_nomemset)
                  000067e4    0000001c                                   : memory.c.obj (.text:free_list_remove)
                  00006800    0000001c                                   : memccpy.c.obj (.text:memccpy)
                  0000681c    0000001a                                   : s_copysign.c.obj (.text:copysign)
                  00006836    00000018                                   : vsnprintf.c.obj (.text:_outc)
                  0000684e    00000018                                   : sprintf.c.obj (.text:_outs)
                  00006866    00000018     open_interface.obj (.text:oi_parseInt)
                  0000687e    00000018     rtsv7M4_T_le_v4SPD16_eabi.lib : strcmp.c.obj (.text:strcmp)
                  00006896    00000016                                   : strchr.c.obj (.text:strchr)
                  000068ac    00000014                                   : strcpy.c.obj (.text:strcpy)
                  000068c0    00000014                                   : strlen.c.obj (.text:strlen)
                  000068d4    00000012                                   : wcslen.c.obj (.text:wcslen)
                  000068e6    00000010     driverlib.lib : interrupt.obj (.text:IntMasterEnable)
                  000068f6    00000010     lcd.obj (.text:lcd_clear)
                  00006906    0000000e     rtsv7M4_T_le_v4SPD16_eabi.lib : copy_decompress_none.c.obj (.text:decompress:none:__TI_decompress_none)
                  00006914    0000000c     driverlib.lib : cpu.obj (.text:CPUcpsie)
                  00006920    0000000c     tm4c123gh6pm_startup_ccs.obj (.text)
                  0000692c    0000000a     rtsv7M4_T_le_v4SPD16_eabi.lib : sprintf.c.obj (.text:_outc)
                  00006936    00000002     --HOLE-- [fill = 0]
                  00006938    00000008                                   : errno.c.obj (.text:__aeabi_errno_addr)
                  00006940    00000008                                   : memory.c.obj (.text:malloc)
                  00006948    00000004                                   : pre_init.c.obj (.text:_system_pre_init)
                  0000694c    00000004                                   : exit.c.obj (.text:abort:abort)

.const     0    00006950    00000623     
                  00006950    00000190     scan.obj (.const:$P$T1$2)
                  00006ae0    00000158     rtsv7M4_T_le_v4SPD16_eabi.lib : k_rem_pio2.c.obj (.const:$O1$$)
                  00006c38    00000101                                   : ctype.c.obj (.const:.string:_ctypes_)
                  00006d39    00000003     --HOLE-- [fill = 0]
                  00006d3c    000000f0     scan.obj (.const:$P$T2$3)
                  00006e2c    00000004     lcd.obj (.const:.string:lineAddress$1)
                  00006e30    00000080     rtsv7M4_T_le_v4SPD16_eabi.lib : k_tan.c.obj (.const:xxx)
                  00006eb0    00000030                                   : e_pow.c.obj (.const:$O1$$)
                  00006ee0    00000010     scan.obj (.const:$P$T0$1)
                  00006ef0    00000010     taco.obj (.const:.string:$P$T0$1)
                  00006f00    00000010     taco.obj (.const:.string:$P$T1$2)
                  00006f10    00000010     taco.obj (.const:.string:$P$T2$3)
                  00006f20    00000010     taco.obj (.const:.string:$P$T3$4)
                  00006f30    00000010     taco.obj (.const:.string:$P$T6$7)
                  00006f40    00000010     taco.obj (.const:.string:$P$T7$8)
                  00006f50    0000000f     open_interface.obj (.const:.string:$P$T0$3)
                  00006f5f    00000008     taco.obj (.const:.string:$P$T4$5)
                  00006f67    00000008     taco.obj (.const:.string:$P$T5$6)
                  00006f6f    00000004     lcd.obj (.const:.string:lineAddresses$2)

.cinit     0    00006f78    00000068     
                  00006f78    00000031     (.cinit..data.load) [load image, compression = lzss]
                  00006fa9    00000003     --HOLE-- [fill = 0]
                  00006fac    0000000c     (__TI_handler_table)
                  00006fb8    00000008     (.cinit..bss.load) [load image, compression = zero_init]
                  00006fc0    00000008     (.cinit..vtable.load) [load image, compression = zero_init]
                  00006fc8    00000018     (__TI_cinit_table)

.init_array 
*          0    00000000    00000000     UNINITIALIZED

.vtable    0    20000000    0000026c     UNINITIALIZED
                  20000000    0000026c     driverlib.lib : interrupt.obj (.vtable)

.stack     0    20000270    00001000     UNINITIALIZED
                  20000270    00000004     rtsv7M4_T_le_v4SPD16_eabi.lib : boot_cortex_m.c.obj (.stack)
                  20000274    00000ffc     --HOLE--

.sysmem    0    20001270    00001000     UNINITIALIZED
                  20001270    00000010     rtsv7M4_T_le_v4SPD16_eabi.lib : memory.c.obj (.sysmem)
                  20001280    00000ff0     --HOLE--

.bss       0    20002270    00000070     UNINITIALIZED
                  20002270    00000054     lcd.obj (.bss:lastbuffer$3)
                  200022c4    00000018     open_interface.obj (.bss:firmware$2)
                  200022dc    00000004     (.common:_timeout_ticks)

.data      0    200022e0    00000074     UNINITIALIZED
                  200022e0    00000020     open_interface.obj (.data)
                  20002300    00000018     servo.obj (.data)
                  20002318    00000011     ping.obj (.data)
                  20002329    00000001     Timer.obj (.data)
                  2000232a    00000002     --HOLE--
                  2000232c    00000009     uart-interrupt.obj (.data)
                  20002335    00000003     --HOLE--
                  20002338    00000008     rtsv7M4_T_le_v4SPD16_eabi.lib : _lock.c.obj (.data:$O1$$)
                  20002340    00000008                                   : memory.c.obj (.data:$O1$$)
                  20002348    00000005     taco.obj (.data)
                  2000234d    00000003     --HOLE--
                  20002350    00000004     rtsv7M4_T_le_v4SPD16_eabi.lib : errno.c.obj (.data)

__llvm_prf_cnts 
*          0    20000000    00000000     UNINITIALIZED

MODULE SUMMARY

       Module                         code    ro data   rw data
       ------                         ----    -------   -------
    .\
       open_interface.obj             3128    15        56     
       scan.obj                       1292    656       0      
       movement.obj                   936     0         0      
       lcd.obj                        824     8         84     
       ping.obj                       820     0         17     
       taco.obj                       672     112       5      
       main.obj                       684     0         0      
       tm4c123gh6pm_startup_ccs.obj   12      620       0      
       uart-interrupt.obj             596     0         9      
       Timer.obj                      584     0         5      
       servo.obj                      288     0         24     
       adc.obj                        288     0         0      
       putty.obj                      40      0         0      
    +--+------------------------------+-------+---------+---------+
       Total:                         10164   1411      200    
                                                               
    C:/ti/TivaWare_C_Series-2.2.0.295/driverlib/ccs/Debug/driverlib.lib
       interrupt.obj                  68      0         620    
       cpu.obj                        12      0         0      
    +--+------------------------------+-------+---------+---------+
       Total:                         80      0         620    
                                                               
    C:\ti\ccs1271\ccs\tools\compiler\ti-cgt-arm_20.2.7.LTS\lib\rtsv7M4_T_le_v4SPD16_eabi.lib
       _printfi.c.obj                 4851    0         0      
       e_pow.c.obj                    2512    48        0      
       k_rem_pio2.c.obj               1848    344       0      
       s_tan.c.obj                    1288    0         0      
       k_tan.c.obj                    796     128       0      
       memory.c.obj                   728     0         8      
       fd_add_t2.asm.obj              438     0         0      
       e_sqrt.c.obj                   344     0         0      
       fd_div_t2.asm.obj              310     0         0      
       s_scalbn.c.obj                 272     0         0      
       fd_cmp_t2.asm.obj              268     0         0      
       ctype.c.obj                    0       257       0      
       fd_mul_t2.asm.obj              252     0         0      
       s_ceil.c.obj                   248     0         0      
       s_floor.c.obj                  248     0         0      
       memcpy_t2.asm.obj              156     0         0      
       ull_div_t2.asm.obj             150     0         0      
       vsnprintf.c.obj                136     0         0      
       memset_t2.asm.obj              122     0         0      
       fd_tos_t2.asm.obj              110     0         0      
       copy_decompress_lzss.c.obj     104     0         0      
       s_frexp.c.obj                  100     0         0      
       sprintf.c.obj                  98      0         0      
       _ltoa.c.obj                    84      0         0      
       atoi.c.obj                     76      0         0      
       fd_toi_t2.asm.obj              72      0         0      
       autoinit.c.obj                 68      0         0      
       fs_tod_t2.asm.obj              56      0         0      
       boot_cortex_m.c.obj            52      0         0      
       i_tofd_t2.asm.obj              46      0         0      
       u_tofd_t2.asm.obj              32      0         0      
       copy_zero_init.c.obj           28      0         0      
       memccpy.c.obj                  28      0         0      
       s_copysign.c.obj               26      0         0      
       strcmp.c.obj                   24      0         0      
       strchr.c.obj                   22      0         0      
       strcpy.c.obj                   20      0         0      
       strlen.c.obj                   20      0         0      
       wcslen.c.obj                   18      0         0      
       copy_decompress_none.c.obj     14      0         0      
       errno.c.obj                    8       0         4      
       _lock.c.obj                    2       0         8      
       exit.c.obj                     4       0         0      
       pre_init.c.obj                 4       0         0      
       div0.asm.obj                   2       0         0      
    +--+------------------------------+-------+---------+---------+
       Total:                         16085   777       20     
                                                               
       Heap:                          0       0         4096   
       Stack:                         0       0         4096   
       Linker Generated:              0       101       0      
    +--+------------------------------+-------+---------+---------+
       Grand Total:                   26329   2289      9032   


LINKER GENERATED COPY TABLES

__TI_cinit_table @ 00006fc8 records: 3, size/record: 8, table size: 24
	.data: load addr=00006f78, load size=00000031 bytes, run addr=200022e0, run size=00000074 bytes, compression=lzss
	.bss: load addr=00006fb8, load size=00000008 bytes, run addr=20002270, run size=00000070 bytes, compression=zero_init
	.vtable: load addr=00006fc0, load size=00000008 bytes, run addr=20000000, run size=0000026c bytes, compression=zero_init


LINKER GENERATED HANDLER TABLE

__TI_handler_table @ 00006fac records: 3, size/record: 4, table size: 12
	index: 0, handler: __TI_zero_init
	index: 1, handler: __TI_decompress_lzss
	index: 2, handler: __TI_decompress_none


GLOBAL SYMBOLS: SORTED ALPHABETICALLY BY Name 

address   name                          
-------   ----                          
0000694d  C$$EXIT                       
00006915  CPUcpsie                      
00000bc3  GPIOF_Handler                 
000068e7  IntMasterEnable               
00006691  IntRegister                   
00006921  ResetISR                      
000038ef  TIMER3B_Handler               
000049f1  UART1_Handler                 
20001270  __STACK_END                   
00001000  __STACK_SIZE                  
20000470  __STACK_TOP                   
00001000  __SYSMEM_SIZE                 
00006fc8  __TI_CINIT_Base               
00006fe0  __TI_CINIT_Limit              
00006fac  __TI_Handler_Table_Base       
00006fb8  __TI_Handler_Table_Limit      
0000651d  __TI_auto_init_nobinit_nopinit
000062c1  __TI_decompress_lzss          
00006907  __TI_decompress_none          
000063e3  __TI_ltoa                     
ffffffff  __TI_pprof_out_hndl           
00000e8d  __TI_printfi                  
ffffffff  __TI_prof_data_size           
ffffffff  __TI_prof_data_start          
00000000  __TI_static_base__            
000067c9  __TI_zero_init_nomemset       
00005fed  __aeabi_cdcmpeq               
00005fed  __aeabi_cdcmple               
00006073  __aeabi_cdrcmple              
00006253  __aeabi_d2f                   
000064d5  __aeabi_d2iz                  
00004f4b  __aeabi_dadd                  
0000538d  __aeabi_ddiv                  
00005a39  __aeabi_dmul                  
00004f41  __aeabi_dsub                  
00006939  __aeabi_errno_addr            
00006659  __aeabi_f2d                   
00006729  __aeabi_i2d                   
000050f7  __aeabi_idiv0                 
000050f7  __aeabi_ldiv0                 
000060f9  __aeabi_memclr                
000060f9  __aeabi_memclr4               
000060f9  __aeabi_memclr8               
00005ebb  __aeabi_memcpy                
00005ebb  __aeabi_memcpy4               
00005ebb  __aeabi_memcpy8               
000060fb  __aeabi_memset                
000060fb  __aeabi_memset4               
000060fb  __aeabi_memset8               
000067a9  __aeabi_ui2d                  
00005f57  __aeabi_uldivmod              
ffffffff  __binit__                     
ffffffff  __c_args__                    
000022ad  __kernel_rem_pio2             
00003dfd  __kernel_tan                  
UNDEFED   __mpu_init                    
20000270  __stack                       
20000000  __start___llvm_prf_cnts       
20000000  __stop___llvm_prf_cnts        
000066c5  _c_int00_noargs               
00006c38  _ctypes_                      
20002338  _lock                         
000018db  _nop                          
20002329  _running                      
20001270  _sys_memory                   
UNDEFED   _system_post_cinit            
00006949  _system_pre_init              
200022dc  _timeout_ticks                
2000233c  _unlock                       
0000694d  abort                         
000055e9  adc_init                      
0000568f  adc_read                      
00005939  aligned_alloc                 
00006489  atoi                          
ffffffff  binit                         
20002314  button                        
00006621  calloc                        
00005b35  ceil                          
00005b35  ceill                         
2000232c  command_byte                  
20002330  command_flag                  
0000681d  copysign                      
0000681d  copysignl                     
2000234c  customerFound                 
2000230c  direction                     
20002350  errno                         
00005c2d  floor                         
00005c2d  floorl                        
00005d25  free                          
00006329  frexp                         
00006329  frexpl                        
00002a49  fullScan                      
2000231c  g_end_time                    
20000000  g_pfnRAMVectors               
00000000  g_pfnVectors                  
20002318  g_start_time                  
20002328  g_state                       
000029e5  get_IR_Dist                   
00002a27  get_PING_Dist                 
00002e69  get_avg                       
0000097f  go_charge                     
20002334  input                         
000068f7  lcd_clear                     
00003ca9  lcd_gotoLine                  
00003b11  lcd_init                      
00003d0f  lcd_printf                    
00003bd1  lcd_putc                      
00003c09  lcd_puts                      
00003ad5  lcd_reverseNibble             
00003c27  lcd_sendCommand               
00003c65  lcd_sendNibble                
00003cd1  lcd_setCursorPos              
00005829  ldexp                         
00005829  ldexpl                        
20002300  leftVal                       
00004119  main                          
00006941  malloc                        
00005939  memalign                      
00006801  memccpy                       
00005ebb  memcpy                        
00006101  memset                        
200022e0  motor_cal_factor_L            
200022e4  motor_cal_factor_R            
0000354b  move_backward                 
000033f9  move_forward                  
20002310  moved                         
20002324  ms_end_time                   
20002320  ms_start_time                 
000044ad  music                         
20002308  newPos                        
0000026d  oi_alloc                      
00000aa9  oi_checkFirmware              
000002c7  oi_close                      
00000279  oi_free                       
00000ded  oi_getMotorCalibrationLeft    
00000e01  oi_getMotorCalibrationRight   
000002b1  oi_init                       
00000289  oi_init_noupdate              
00000915  oi_loadSong                   
00006867  oi_parseInt                   
0000032b  oi_parsePacket                
0000096b  oi_play_song                  
0000084b  oi_setLeds                    
00000db1  oi_setMotorCalibration        
0000088f  oi_setWheels                  
00000b51  oi_shutoff_init               
0000098d  oi_uartInit                   
00000a31  oi_uartReceive                
00000a77  oi_uartSendBuff               
00000a15  oi_uartSendChar               
00000a59  oi_uartSendStr                
000002d9  oi_update                     
00003941  ping_getDistance              
000037a1  ping_init                     
00003867  ping_trigger                  
000018dd  pow                           
000018dd  powl                          
00006781  printWholeString              
20002304  rightVal                      
00005829  scalbn                        
00005829  scalbnl                       
00005709  servo_init                    
000057b1  servo_move                    
0000373d  set_wheels                    
00006561  sprintf                       
000050f9  sqrt                          
000050f9  sqrtl                         
00006897  strchr                        
0000687f  strcmp                        
000068ad  strcpy                        
000068c1  strlen                        
000043c5  supplyBot                     
000043eb  supplyCustomers               
20002348  tacos                         
00002ef1  tan                           
00002ef1  tanl                          
00004c47  timer_getMicros               
00004bef  timer_getMillis               
00004b29  timer_init                    
00004bcb  timer_pause                   
00004bdd  timer_resume                  
00004ba1  timer_stop                    
00004ca1  timer_waitMicros              
00004cd3  timer_waitMillis              
00003685  turn_left                     
000035eb  turn_right                    
000048d5  uart_interrupt_init           
000049a5  uart_receive                  
000049c5  uart_receive_nonblocking      
00004989  uart_sendChar                 
000049cb  uart_sendStr                  
000065a1  vsnprintf                     
000068d5  wcslen                        


GLOBAL SYMBOLS: SORTED BY Symbol Address 

address   name                          
-------   ----                          
00000000  __TI_static_base__            
00000000  g_pfnVectors                  
0000026d  oi_alloc                      
00000279  oi_free                       
00000289  oi_init_noupdate              
000002b1  oi_init                       
000002c7  oi_close                      
000002d9  oi_update                     
0000032b  oi_parsePacket                
0000084b  oi_setLeds                    
0000088f  oi_setWheels                  
00000915  oi_loadSong                   
0000096b  oi_play_song                  
0000097f  go_charge                     
0000098d  oi_uartInit                   
00000a15  oi_uartSendChar               
00000a31  oi_uartReceive                
00000a59  oi_uartSendStr                
00000a77  oi_uartSendBuff               
00000aa9  oi_checkFirmware              
00000b51  oi_shutoff_init               
00000bc3  GPIOF_Handler                 
00000db1  oi_setMotorCalibration        
00000ded  oi_getMotorCalibrationLeft    
00000e01  oi_getMotorCalibrationRight   
00000e8d  __TI_printfi                  
00001000  __STACK_SIZE                  
00001000  __SYSMEM_SIZE                 
000018db  _nop                          
000018dd  pow                           
000018dd  powl                          
000022ad  __kernel_rem_pio2             
000029e5  get_IR_Dist                   
00002a27  get_PING_Dist                 
00002a49  fullScan                      
00002e69  get_avg                       
00002ef1  tan                           
00002ef1  tanl                          
000033f9  move_forward                  
0000354b  move_backward                 
000035eb  turn_right                    
00003685  turn_left                     
0000373d  set_wheels                    
000037a1  ping_init                     
00003867  ping_trigger                  
000038ef  TIMER3B_Handler               
00003941  ping_getDistance              
00003ad5  lcd_reverseNibble             
00003b11  lcd_init                      
00003bd1  lcd_putc                      
00003c09  lcd_puts                      
00003c27  lcd_sendCommand               
00003c65  lcd_sendNibble                
00003ca9  lcd_gotoLine                  
00003cd1  lcd_setCursorPos              
00003d0f  lcd_printf                    
00003dfd  __kernel_tan                  
00004119  main                          
000043c5  supplyBot                     
000043eb  supplyCustomers               
000044ad  music                         
000048d5  uart_interrupt_init           
00004989  uart_sendChar                 
000049a5  uart_receive                  
000049c5  uart_receive_nonblocking      
000049cb  uart_sendStr                  
000049f1  UART1_Handler                 
00004b29  timer_init                    
00004ba1  timer_stop                    
00004bcb  timer_pause                   
00004bdd  timer_resume                  
00004bef  timer_getMillis               
00004c47  timer_getMicros               
00004ca1  timer_waitMicros              
00004cd3  timer_waitMillis              
00004f41  __aeabi_dsub                  
00004f4b  __aeabi_dadd                  
000050f7  __aeabi_idiv0                 
000050f7  __aeabi_ldiv0                 
000050f9  sqrt                          
000050f9  sqrtl                         
0000538d  __aeabi_ddiv                  
000055e9  adc_init                      
0000568f  adc_read                      
00005709  servo_init                    
000057b1  servo_move                    
00005829  ldexp                         
00005829  ldexpl                        
00005829  scalbn                        
00005829  scalbnl                       
00005939  aligned_alloc                 
00005939  memalign                      
00005a39  __aeabi_dmul                  
00005b35  ceil                          
00005b35  ceill                         
00005c2d  floor                         
00005c2d  floorl                        
00005d25  free                          
00005ebb  __aeabi_memcpy                
00005ebb  __aeabi_memcpy4               
00005ebb  __aeabi_memcpy8               
00005ebb  memcpy                        
00005f57  __aeabi_uldivmod              
00005fed  __aeabi_cdcmpeq               
00005fed  __aeabi_cdcmple               
00006073  __aeabi_cdrcmple              
000060f9  __aeabi_memclr                
000060f9  __aeabi_memclr4               
000060f9  __aeabi_memclr8               
000060fb  __aeabi_memset                
000060fb  __aeabi_memset4               
000060fb  __aeabi_memset8               
00006101  memset                        
00006253  __aeabi_d2f                   
000062c1  __TI_decompress_lzss          
00006329  frexp                         
00006329  frexpl                        
000063e3  __TI_ltoa                     
00006489  atoi                          
000064d5  __aeabi_d2iz                  
0000651d  __TI_auto_init_nobinit_nopinit
00006561  sprintf                       
000065a1  vsnprintf                     
00006621  calloc                        
00006659  __aeabi_f2d                   
00006691  IntRegister                   
000066c5  _c_int00_noargs               
00006729  __aeabi_i2d                   
00006781  printWholeString              
000067a9  __aeabi_ui2d                  
000067c9  __TI_zero_init_nomemset       
00006801  memccpy                       
0000681d  copysign                      
0000681d  copysignl                     
00006867  oi_parseInt                   
0000687f  strcmp                        
00006897  strchr                        
000068ad  strcpy                        
000068c1  strlen                        
000068d5  wcslen                        
000068e7  IntMasterEnable               
000068f7  lcd_clear                     
00006907  __TI_decompress_none          
00006915  CPUcpsie                      
00006921  ResetISR                      
00006939  __aeabi_errno_addr            
00006941  malloc                        
00006949  _system_pre_init              
0000694d  C$$EXIT                       
0000694d  abort                         
00006c38  _ctypes_                      
00006fac  __TI_Handler_Table_Base       
00006fb8  __TI_Handler_Table_Limit      
00006fc8  __TI_CINIT_Base               
00006fe0  __TI_CINIT_Limit              
20000000  __start___llvm_prf_cnts       
20000000  __stop___llvm_prf_cnts        
20000000  g_pfnRAMVectors               
20000270  __stack                       
20000470  __STACK_TOP                   
20001270  __STACK_END                   
20001270  _sys_memory                   
200022dc  _timeout_ticks                
200022e0  motor_cal_factor_L            
200022e4  motor_cal_factor_R            
20002300  leftVal                       
20002304  rightVal                      
20002308  newPos                        
2000230c  direction                     
20002310  moved                         
20002314  button                        
20002318  g_start_time                  
2000231c  g_end_time                    
20002320  ms_start_time                 
20002324  ms_end_time                   
20002328  g_state                       
20002329  _running                      
2000232c  command_byte                  
20002330  command_flag                  
20002334  input                         
20002338  _lock                         
2000233c  _unlock                       
20002348  tacos                         
2000234c  customerFound                 
20002350  errno                         
ffffffff  __TI_pprof_out_hndl           
ffffffff  __TI_prof_data_size           
ffffffff  __TI_prof_data_start          
ffffffff  __binit__                     
ffffffff  __c_args__                    
ffffffff  binit                         
UNDEFED   __mpu_init                    
UNDEFED   _system_post_cinit            

[193 symbols]
