******************************************************************************
                  TI ARM Linker PC v20.2.7                     
******************************************************************************
>> Linked Fri May  2 17:16:05 2025

OUTPUT FILE NAME:   <FINAL.out>
ENTRY POINT SYMBOL: "_c_int00_noargs"  address: 00004d19


MEMORY CONFIGURATION

         name            origin    length      used     unused   attr    fill
----------------------  --------  ---------  --------  --------  ----  --------
  FLASH                 00000000   00040000  0000512f  0003aed1  R  X
  SRAM                  20000000   00008000  00002348  00005cb8  RW X


SEGMENT ALLOCATION MAP

run origin  load origin   length   init length attrs members
----------  ----------- ---------- ----------- ----- -------
00000000    00000000    00005138   00005138    r-x
  00000000    00000000    0000026c   0000026c    r-- .intvecs
  0000026c    0000026c    00004d10   00004d10    r-x .text
  00004f80    00004f80    0000014b   0000014b    r-- .const
  000050d0    000050d0    00000068   00000068    r-- .cinit
20000000    20000000    0000234c   00000000    rw-
  20000000    20000000    0000026c   00000000    rw- .vtable
  20000270    20000270    00001000   00000000    rw- .stack
  20001270    20001270    00001000   00000000    rw- .sysmem
  20002270    20002270    00000070   00000000    rw- .bss
  200022e0    200022e0    0000006c   00000000    rw- .data


SECTION ALLOCATION MAP

 output                                  attributes/
section   page    origin      length       input sections
--------  ----  ----------  ----------   ----------------
.intvecs   0    00000000    0000026c     
                  00000000    0000026c     tm4c123gh6pm_startup_ccs.obj (.intvecs)

.text      0    0000026c    00004d10     
                  0000026c    00000c20     open_interface.obj (.text)
                  00000e8c    00000a4e     rtsv7M4_T_le_v4SPD16_eabi.lib : _printfi.c.obj (.text:__TI_printfi)
                  000018da    00000002                                   : _lock.c.obj (.text:_nop)
                  000018dc    000009d0                                   : e_pow.c.obj (.text:pow)
                  000022ac    000003a8     movement.obj (.text)
                  00002654    00000334     ping.obj (.text)
                  00002988    00000328     lcd.obj (.text)
                  00002cb0    0000028c     uart-interrupt.obj (.text)
                  00002f3c    00000270     rtsv7M4_T_le_v4SPD16_eabi.lib : _printfi.c.obj (.text:_pconv_a)
                  000031ac    00000248     Timer.obj (.text)
                  000033f4    000001d0     rtsv7M4_T_le_v4SPD16_eabi.lib : _printfi.c.obj (.text:_pconv_g)
                  000035c4    000001b6                                   : fd_add_t2.asm.obj (.text)
                  0000377a    00000002                                   : div0.asm.obj (.text)
                  0000377c    00000158                                   : e_sqrt.c.obj (.text:sqrt)
                  000038d4    0000013c                                   : _printfi.c.obj (.text:_pconv_e)
                  00003a10    00000136                                   : fd_div_t2.asm.obj (.text)
                  00003b46    00000002     --HOLE-- [fill = 0]
                  00003b48    0000012c     servo.obj (.text)
                  00003c74    00000124     rtsv7M4_T_le_v4SPD16_eabi.lib : _printfi.c.obj (.text:fcvt)
                  00003d98    00000120     adc.obj (.text)
                  00003eb8    00000110     main.obj (.text)
                  00003fc8    00000110     rtsv7M4_T_le_v4SPD16_eabi.lib : s_scalbn.c.obj (.text:scalbn)
                  000040d8    00000100                                   : memory.c.obj (.text:aligned_alloc)
                  000041d8    000000fc                                   : fd_mul_t2.asm.obj (.text)
                  000042d4    000000e4                                   : memory.c.obj (.text:free)
                  000043b8    000000b1                                   : _printfi.c.obj (.text:_ltostr)
                  00004469    00000003     --HOLE-- [fill = 0]
                  0000446c    000000a4     scan.obj (.text)
                  00004510    0000009c     rtsv7M4_T_le_v4SPD16_eabi.lib : memcpy_t2.asm.obj (.text)
                  000045ac    00000096                                   : ull_div_t2.asm.obj (.text)
                  00004642    00000086                                   : fd_cmp_t2.asm.obj (.text:__aeabi_cdcmple)
                  000046c8    00000086                                   : fd_cmp_t2.asm.obj (.text:__aeabi_cdrcmple)
                  0000474e    0000007a                                   : memset_t2.asm.obj (.text)
                  000047c8    00000070                                   : memory.c.obj (.text:split)
                  00004838    0000006e                                   : _printfi.c.obj (.text:_mcpy)
                  000048a6    0000006e                                   : fd_tos_t2.asm.obj (.text)
                  00004914    00000068                                   : copy_decompress_lzss.c.obj (.text:decompress:lzss:__TI_decompress_lzss)
                  0000497c    00000064                                   : s_frexp.c.obj (.text:frexp)
                  000049e0    00000056                                   : _printfi.c.obj (.text:_pconv_f)
                  00004a36    00000054                                   : _ltoa.c.obj (.text:__TI_ltoa)
                  00004a8a    00000052                                   : _printfi.c.obj (.text:_ecpy)
                  00004adc    0000004c                                   : atoi.c.obj (.text:atoi)
                  00004b28    00000048                                   : fd_toi_t2.asm.obj (.text)
                  00004b70    00000044                                   : autoinit.c.obj (.text:__TI_auto_init_nobinit_nopinit:__TI_auto_init_nobinit_nopinit)
                  00004bb4    00000040                                   : sprintf.c.obj (.text:sprintf)
                  00004bf4    00000040                                   : vsnprintf.c.obj (.text:vsnprintf)
                  00004c34    0000003e                                   : _printfi.c.obj (.text:_fcpy)
                  00004c72    00000002     --HOLE-- [fill = 0]
                  00004c74    00000038                                   : memory.c.obj (.text:calloc)
                  00004cac    00000038                                   : fs_tod_t2.asm.obj (.text)
                  00004ce4    00000034     driverlib.lib : interrupt.obj (.text:IntRegister)
                  00004d18    00000034     rtsv7M4_T_le_v4SPD16_eabi.lib : boot_cortex_m.c.obj (.text:_c_int00_noargs:_c_int00_noargs)
                  00004d4c    00000030                                   : vsnprintf.c.obj (.text:_outs)
                  00004d7c    0000002e                                   : i_tofd_t2.asm.obj (.text)
                  00004daa    00000002     --HOLE-- [fill = 0]
                  00004dac    00000028                                   : memory.c.obj (.text:free_list_insert)
                  00004dd4    00000020                                   : u_tofd_t2.asm.obj (.text)
                  00004df4    0000001c                                   : copy_zero_init.c.obj (.text:decompress:ZI:__TI_zero_init_nomemset:__TI_zero_init_nomemset)
                  00004e10    0000001c                                   : memory.c.obj (.text:free_list_remove)
                  00004e2c    0000001c                                   : memccpy.c.obj (.text:memccpy)
                  00004e48    0000001a                                   : s_copysign.c.obj (.text:copysign)
                  00004e62    00000018                                   : vsnprintf.c.obj (.text:_outc)
                  00004e7a    00000018                                   : sprintf.c.obj (.text:_outs)
                  00004e92    00000018     open_interface.obj (.text:oi_parseInt)
                  00004eaa    00000018     rtsv7M4_T_le_v4SPD16_eabi.lib : strcmp.c.obj (.text:strcmp)
                  00004ec2    00000016                                   : strchr.c.obj (.text:strchr)
                  00004ed8    00000014                                   : strcpy.c.obj (.text:strcpy)
                  00004eec    00000014                                   : strlen.c.obj (.text:strlen)
                  00004f00    00000012                                   : wcslen.c.obj (.text:wcslen)
                  00004f12    00000010     driverlib.lib : interrupt.obj (.text:IntMasterEnable)
                  00004f22    00000010     lcd.obj (.text:lcd_clear)
                  00004f32    0000000e     rtsv7M4_T_le_v4SPD16_eabi.lib : copy_decompress_none.c.obj (.text:decompress:none:__TI_decompress_none)
                  00004f40    0000000c     driverlib.lib : cpu.obj (.text:CPUcpsie)
                  00004f4c    0000000c     tm4c123gh6pm_startup_ccs.obj (.text)
                  00004f58    0000000a     rtsv7M4_T_le_v4SPD16_eabi.lib : sprintf.c.obj (.text:_outc)
                  00004f62    00000002     --HOLE-- [fill = 0]
                  00004f64    00000008                                   : errno.c.obj (.text:__aeabi_errno_addr)
                  00004f6c    00000008                                   : memory.c.obj (.text:malloc)
                  00004f74    00000004                                   : pre_init.c.obj (.text:_system_pre_init)
                  00004f78    00000004                                   : exit.c.obj (.text:abort:abort)

.const     0    00004f80    0000014b     
                  00004f80    00000101     rtsv7M4_T_le_v4SPD16_eabi.lib : ctype.c.obj (.const:.string:_ctypes_)
                  00005081    00000004     lcd.obj (.const:.string:lineAddress$1)
                  00005085    00000003     --HOLE-- [fill = 0]
                  00005088    00000030     rtsv7M4_T_le_v4SPD16_eabi.lib : e_pow.c.obj (.const:$O1$$)
                  000050b8    0000000f     open_interface.obj (.const:.string:$P$T0$3)
                  000050c7    00000004     lcd.obj (.const:.string:lineAddresses$2)

.cinit     0    000050d0    00000068     
                  000050d0    00000030     (.cinit..data.load) [load image, compression = lzss]
                  00005100    0000000c     (__TI_handler_table)
                  0000510c    00000004     --HOLE-- [fill = 0]
                  00005110    00000008     (.cinit..bss.load) [load image, compression = zero_init]
                  00005118    00000008     (.cinit..vtable.load) [load image, compression = zero_init]
                  00005120    00000018     (__TI_cinit_table)

.init_array 
*          0    00000000    00000000     UNINITIALIZED

.vtable    0    20000000    0000026c     UNINITIALIZED
                  20000000    0000026c     driverlib.lib : interrupt.obj (.vtable)

.stack     0    20000270    00001000     UNINITIALIZED
                  20000270    00000004     rtsv7M4_T_le_v4SPD16_eabi.lib : boot_cortex_m.c.obj (.stack)
                  20000274    00000ffc     --HOLE--

.sysmem    0    20001270    00001000     UNINITIALIZED
                  20001270    00000010     rtsv7M4_T_le_v4SPD16_eabi.lib : memory.c.obj (.sysmem)
                  20001280    00000ff0     --HOLE--

.bss       0    20002270    00000070     UNINITIALIZED
                  20002270    00000054     lcd.obj (.bss:lastbuffer$3)
                  200022c4    00000018     open_interface.obj (.bss:firmware$2)
                  200022dc    00000004     (.common:_timeout_ticks)

.data      0    200022e0    0000006c     UNINITIALIZED
                  200022e0    00000020     open_interface.obj (.data)
                  20002300    00000018     servo.obj (.data)
                  20002318    00000011     ping.obj (.data)
                  20002329    00000001     Timer.obj (.data)
                  2000232a    00000002     --HOLE--
                  2000232c    00000009     uart-interrupt.obj (.data)
                  20002335    00000003     --HOLE--
                  20002338    00000008     rtsv7M4_T_le_v4SPD16_eabi.lib : _lock.c.obj (.data:$O1$$)
                  20002340    00000008                                   : memory.c.obj (.data:$O1$$)
                  20002348    00000004                                   : errno.c.obj (.data)

__llvm_prf_cnts 
*          0    20000000    00000000     UNINITIALIZED

MODULE SUMMARY

       Module                         code    ro data   rw data
       ------                         ----    -------   -------
    .\
       open_interface.obj             3128    15        56     
       movement.obj                   936     0         0      
       lcd.obj                        824     8         84     
       ping.obj                       820     0         17     
       uart-interrupt.obj             652     0         9      
       tm4c123gh6pm_startup_ccs.obj   12      620       0      
       Timer.obj                      584     0         5      
       servo.obj                      300     0         24     
       adc.obj                        288     0         0      
       main.obj                       272     0         0      
       scan.obj                       164     0         0      
    +--+------------------------------+-------+---------+---------+
       Total:                         7980    643       195    
                                                               
    C:/ti/TivaWare_C_Series-2.2.0.295/driverlib/ccs/Debug/driverlib.lib
       interrupt.obj                  68      0         620    
       cpu.obj                        12      0         0      
    +--+------------------------------+-------+---------+---------+
       Total:                         80      0         620    
                                                               
    C:\ti\ccs1271\ccs\tools\compiler\ti-cgt-arm_20.2.7.LTS\lib\rtsv7M4_T_le_v4SPD16_eabi.lib
       _printfi.c.obj                 4851    0         0      
       e_pow.c.obj                    2512    48        0      
       memory.c.obj                   728     0         8      
       fd_add_t2.asm.obj              438     0         0      
       e_sqrt.c.obj                   344     0         0      
       fd_div_t2.asm.obj              310     0         0      
       s_scalbn.c.obj                 272     0         0      
       fd_cmp_t2.asm.obj              268     0         0      
       ctype.c.obj                    0       257       0      
       fd_mul_t2.asm.obj              252     0         0      
       memcpy_t2.asm.obj              156     0         0      
       ull_div_t2.asm.obj             150     0         0      
       vsnprintf.c.obj                136     0         0      
       memset_t2.asm.obj              122     0         0      
       fd_tos_t2.asm.obj              110     0         0      
       copy_decompress_lzss.c.obj     104     0         0      
       s_frexp.c.obj                  100     0         0      
       sprintf.c.obj                  98      0         0      
       _ltoa.c.obj                    84      0         0      
       atoi.c.obj                     76      0         0      
       fd_toi_t2.asm.obj              72      0         0      
       autoinit.c.obj                 68      0         0      
       fs_tod_t2.asm.obj              56      0         0      
       boot_cortex_m.c.obj            52      0         0      
       i_tofd_t2.asm.obj              46      0         0      
       u_tofd_t2.asm.obj              32      0         0      
       copy_zero_init.c.obj           28      0         0      
       memccpy.c.obj                  28      0         0      
       s_copysign.c.obj               26      0         0      
       strcmp.c.obj                   24      0         0      
       strchr.c.obj                   22      0         0      
       strcpy.c.obj                   20      0         0      
       strlen.c.obj                   20      0         0      
       wcslen.c.obj                   18      0         0      
       copy_decompress_none.c.obj     14      0         0      
       errno.c.obj                    8       0         4      
       _lock.c.obj                    2       0         8      
       exit.c.obj                     4       0         0      
       pre_init.c.obj                 4       0         0      
       div0.asm.obj                   2       0         0      
    +--+------------------------------+-------+---------+---------+
       Total:                         11657   305       20     
                                                               
       Heap:                          0       0         4096   
       Stack:                         0       0         4096   
       Linker Generated:              0       100       0      
    +--+------------------------------+-------+---------+---------+
       Grand Total:                   19717   1048      9027   


LINKER GENERATED COPY TABLES

__TI_cinit_table @ 00005120 records: 3, size/record: 8, table size: 24
	.data: load addr=000050d0, load size=00000030 bytes, run addr=200022e0, run size=0000006c bytes, compression=lzss
	.bss: load addr=00005110, load size=00000008 bytes, run addr=20002270, run size=00000070 bytes, compression=zero_init
	.vtable: load addr=00005118, load size=00000008 bytes, run addr=20000000, run size=0000026c bytes, compression=zero_init


LINKER GENERATED HANDLER TABLE

__TI_handler_table @ 00005100 records: 3, size/record: 4, table size: 12
	index: 0, handler: __TI_zero_init
	index: 1, handler: __TI_decompress_lzss
	index: 2, handler: __TI_decompress_none


GLOBAL SYMBOLS: SORTED ALPHABETICALLY BY Name 

address   name                          
-------   ----                          
00004f79  C$$EXIT                       
00004f41  CPUcpsie                      
00000bc3  GPIOF_Handler                 
00004f13  IntMasterEnable               
00004ce5  IntRegister                   
00004f4d  ResetISR                      
000027a3  TIMER3B_Handler               
00002dcd  UART1_Handler                 
20001270  __STACK_END                   
00001000  __STACK_SIZE                  
20000470  __STACK_TOP                   
00001000  __SYSMEM_SIZE                 
00005120  __TI_CINIT_Base               
00005138  __TI_CINIT_Limit              
00005100  __TI_Handler_Table_Base       
0000510c  __TI_Handler_Table_Limit      
00004b71  __TI_auto_init_nobinit_nopinit
00004915  __TI_decompress_lzss          
00004f33  __TI_decompress_none          
00004a37  __TI_ltoa                     
ffffffff  __TI_pprof_out_hndl           
00000e8d  __TI_printfi                  
ffffffff  __TI_prof_data_size           
ffffffff  __TI_prof_data_start          
00000000  __TI_static_base__            
00004df5  __TI_zero_init_nomemset       
00004643  __aeabi_cdcmpeq               
00004643  __aeabi_cdcmple               
000046c9  __aeabi_cdrcmple              
000048a7  __aeabi_d2f                   
00004b29  __aeabi_d2iz                  
000035cf  __aeabi_dadd                  
00003a11  __aeabi_ddiv                  
000041d9  __aeabi_dmul                  
000035c5  __aeabi_dsub                  
00004f65  __aeabi_errno_addr            
00004cad  __aeabi_f2d                   
00004d7d  __aeabi_i2d                   
0000377b  __aeabi_idiv0                 
0000377b  __aeabi_ldiv0                 
0000474f  __aeabi_memclr                
0000474f  __aeabi_memclr4               
0000474f  __aeabi_memclr8               
00004511  __aeabi_memcpy                
00004511  __aeabi_memcpy4               
00004511  __aeabi_memcpy8               
00004751  __aeabi_memset                
00004751  __aeabi_memset4               
00004751  __aeabi_memset8               
00004dd5  __aeabi_ui2d                  
000045ad  __aeabi_uldivmod              
ffffffff  __binit__                     
ffffffff  __c_args__                    
UNDEFED   __mpu_init                    
20000270  __stack                       
20000000  __start___llvm_prf_cnts       
20000000  __stop___llvm_prf_cnts        
00004d19  _c_int00_noargs               
00004f80  _ctypes_                      
20002338  _lock                         
000018db  _nop                          
20002329  _running                      
20001270  _sys_memory                   
UNDEFED   _system_post_cinit            
00004f75  _system_pre_init              
200022dc  _timeout_ticks                
2000233c  _unlock                       
00004f79  abort                         
00003d99  adc_init                      
00003e3f  adc_read                      
000040d9  aligned_alloc                 
00004add  atoi                          
ffffffff  binit                         
20002314  button                        
00004c75  calloc                        
2000232c  command_byte                  
20002330  command_flag                  
00004e49  copysign                      
00004e49  copysignl                     
2000230c  direction                     
20002348  errno                         
000042d5  free                          
0000497d  frexp                         
0000497d  frexpl                        
2000231c  g_end_time                    
20000000  g_pfnRAMVectors               
00000000  g_pfnVectors                  
20002318  g_start_time                  
20002328  g_state                       
0000446d  get_IR_Dist                   
000044d5  get_PING_Dist                 
0000097f  go_charge                     
20002334  input                         
00004f23  lcd_clear                     
00002b5d  lcd_gotoLine                  
000029c5  lcd_init                      
00002bc3  lcd_printf                    
00002a85  lcd_putc                      
00002abd  lcd_puts                      
00002989  lcd_reverseNibble             
00002adb  lcd_sendCommand               
00002b19  lcd_sendNibble                
00002b85  lcd_setCursorPos              
00003fc9  ldexp                         
00003fc9  ldexpl                        
20002300  leftVal                       
00003eb9  main                          
00004f6d  malloc                        
000040d9  memalign                      
00004e2d  memccpy                       
00004511  memcpy                        
00004757  memset                        
200022e0  motor_cal_factor_L            
200022e4  motor_cal_factor_R            
000023ff  move_backward                 
000022ad  move_forward                  
20002310  moved                         
20002324  ms_end_time                   
20002320  ms_start_time                 
20002308  newPos                        
0000026d  oi_alloc                      
00000aa9  oi_checkFirmware              
000002c7  oi_close                      
00000279  oi_free                       
00000ded  oi_getMotorCalibrationLeft    
00000e01  oi_getMotorCalibrationRight   
000002b1  oi_init                       
00000289  oi_init_noupdate              
00000915  oi_loadSong                   
00004e93  oi_parseInt                   
0000032b  oi_parsePacket                
0000096b  oi_play_song                  
0000084b  oi_setLeds                    
00000db1  oi_setMotorCalibration        
0000088f  oi_setWheels                  
00000b51  oi_shutoff_init               
0000098d  oi_uartInit                   
00000a31  oi_uartReceive                
00000a77  oi_uartSendBuff               
00000a15  oi_uartSendChar               
00000a59  oi_uartSendStr                
000002d9  oi_update                     
000027f5  ping_getDistance              
00002655  ping_init                     
0000271b  ping_trigger                  
000018dd  pow                           
000018dd  powl                          
00003f91  printWholeString              
20002304  rightVal                      
00003fc9  scalbn                        
00003fc9  scalbnl                       
00003b49  servo_init                    
00003bf1  servo_move                    
000025f1  set_wheels                    
00004bb5  sprintf                       
0000377d  sqrt                          
0000377d  sqrtl                         
00004ec3  strchr                        
00004eab  strcmp                        
00004ed9  strcpy                        
00004eed  strlen                        
000032cb  timer_getMicros               
00003273  timer_getMillis               
000031ad  timer_init                    
0000324f  timer_pause                   
00003261  timer_resume                  
00003225  timer_stop                    
00003325  timer_waitMicros              
00003357  timer_waitMillis              
00002539  turn_left                     
0000249f  turn_right                    
00002cb1  uart_interrupt_init           
00002d81  uart_receive                  
00002da1  uart_receive_nonblocking      
00002d65  uart_sendChar                 
00002da7  uart_sendStr                  
00004bf5  vsnprintf                     
00004f01  wcslen                        


GLOBAL SYMBOLS: SORTED BY Symbol Address 

address   name                          
-------   ----                          
00000000  __TI_static_base__            
00000000  g_pfnVectors                  
0000026d  oi_alloc                      
00000279  oi_free                       
00000289  oi_init_noupdate              
000002b1  oi_init                       
000002c7  oi_close                      
000002d9  oi_update                     
0000032b  oi_parsePacket                
0000084b  oi_setLeds                    
0000088f  oi_setWheels                  
00000915  oi_loadSong                   
0000096b  oi_play_song                  
0000097f  go_charge                     
0000098d  oi_uartInit                   
00000a15  oi_uartSendChar               
00000a31  oi_uartReceive                
00000a59  oi_uartSendStr                
00000a77  oi_uartSendBuff               
00000aa9  oi_checkFirmware              
00000b51  oi_shutoff_init               
00000bc3  GPIOF_Handler                 
00000db1  oi_setMotorCalibration        
00000ded  oi_getMotorCalibrationLeft    
00000e01  oi_getMotorCalibrationRight   
00000e8d  __TI_printfi                  
00001000  __STACK_SIZE                  
00001000  __SYSMEM_SIZE                 
000018db  _nop                          
000018dd  pow                           
000018dd  powl                          
000022ad  move_forward                  
000023ff  move_backward                 
0000249f  turn_right                    
00002539  turn_left                     
000025f1  set_wheels                    
00002655  ping_init                     
0000271b  ping_trigger                  
000027a3  TIMER3B_Handler               
000027f5  ping_getDistance              
00002989  lcd_reverseNibble             
000029c5  lcd_init                      
00002a85  lcd_putc                      
00002abd  lcd_puts                      
00002adb  lcd_sendCommand               
00002b19  lcd_sendNibble                
00002b5d  lcd_gotoLine                  
00002b85  lcd_setCursorPos              
00002bc3  lcd_printf                    
00002cb1  uart_interrupt_init           
00002d65  uart_sendChar                 
00002d81  uart_receive                  
00002da1  uart_receive_nonblocking      
00002da7  uart_sendStr                  
00002dcd  UART1_Handler                 
000031ad  timer_init                    
00003225  timer_stop                    
0000324f  timer_pause                   
00003261  timer_resume                  
00003273  timer_getMillis               
000032cb  timer_getMicros               
00003325  timer_waitMicros              
00003357  timer_waitMillis              
000035c5  __aeabi_dsub                  
000035cf  __aeabi_dadd                  
0000377b  __aeabi_idiv0                 
0000377b  __aeabi_ldiv0                 
0000377d  sqrt                          
0000377d  sqrtl                         
00003a11  __aeabi_ddiv                  
00003b49  servo_init                    
00003bf1  servo_move                    
00003d99  adc_init                      
00003e3f  adc_read                      
00003eb9  main                          
00003f91  printWholeString              
00003fc9  ldexp                         
00003fc9  ldexpl                        
00003fc9  scalbn                        
00003fc9  scalbnl                       
000040d9  aligned_alloc                 
000040d9  memalign                      
000041d9  __aeabi_dmul                  
000042d5  free                          
0000446d  get_IR_Dist                   
000044d5  get_PING_Dist                 
00004511  __aeabi_memcpy                
00004511  __aeabi_memcpy4               
00004511  __aeabi_memcpy8               
00004511  memcpy                        
000045ad  __aeabi_uldivmod              
00004643  __aeabi_cdcmpeq               
00004643  __aeabi_cdcmple               
000046c9  __aeabi_cdrcmple              
0000474f  __aeabi_memclr                
0000474f  __aeabi_memclr4               
0000474f  __aeabi_memclr8               
00004751  __aeabi_memset                
00004751  __aeabi_memset4               
00004751  __aeabi_memset8               
00004757  memset                        
000048a7  __aeabi_d2f                   
00004915  __TI_decompress_lzss          
0000497d  frexp                         
0000497d  frexpl                        
00004a37  __TI_ltoa                     
00004add  atoi                          
00004b29  __aeabi_d2iz                  
00004b71  __TI_auto_init_nobinit_nopinit
00004bb5  sprintf                       
00004bf5  vsnprintf                     
00004c75  calloc                        
00004cad  __aeabi_f2d                   
00004ce5  IntRegister                   
00004d19  _c_int00_noargs               
00004d7d  __aeabi_i2d                   
00004dd5  __aeabi_ui2d                  
00004df5  __TI_zero_init_nomemset       
00004e2d  memccpy                       
00004e49  copysign                      
00004e49  copysignl                     
00004e93  oi_parseInt                   
00004eab  strcmp                        
00004ec3  strchr                        
00004ed9  strcpy                        
00004eed  strlen                        
00004f01  wcslen                        
00004f13  IntMasterEnable               
00004f23  lcd_clear                     
00004f33  __TI_decompress_none          
00004f41  CPUcpsie                      
00004f4d  ResetISR                      
00004f65  __aeabi_errno_addr            
00004f6d  malloc                        
00004f75  _system_pre_init              
00004f79  C$$EXIT                       
00004f79  abort                         
00004f80  _ctypes_                      
00005100  __TI_Handler_Table_Base       
0000510c  __TI_Handler_Table_Limit      
00005120  __TI_CINIT_Base               
00005138  __TI_CINIT_Limit              
20000000  __start___llvm_prf_cnts       
20000000  __stop___llvm_prf_cnts        
20000000  g_pfnRAMVectors               
20000270  __stack                       
20000470  __STACK_TOP                   
20001270  __STACK_END                   
20001270  _sys_memory                   
200022dc  _timeout_ticks                
200022e0  motor_cal_factor_L            
200022e4  motor_cal_factor_R            
20002300  leftVal                       
20002304  rightVal                      
20002308  newPos                        
2000230c  direction                     
20002310  moved                         
20002314  button                        
20002318  g_start_time                  
2000231c  g_end_time                    
20002320  ms_start_time                 
20002324  ms_end_time                   
20002328  g_state                       
20002329  _running                      
2000232c  command_byte                  
20002330  command_flag                  
20002334  input                         
20002338  _lock                         
2000233c  _unlock                       
20002348  errno                         
ffffffff  __TI_pprof_out_hndl           
ffffffff  __TI_prof_data_size           
ffffffff  __TI_prof_data_start          
ffffffff  __binit__                     
ffffffff  __c_args__                    
ffffffff  binit                         
UNDEFED   __mpu_init                    
UNDEFED   _system_post_cinit            

[178 symbols]
