******************************************************************************
                  TI ARM Linker PC v20.2.7                     
******************************************************************************
>> Linked Fri May  2 14:29:38 2025

OUTPUT FILE NAME:   <FINAL.out>
ENTRY POINT SYMBOL: "_c_int00_noargs"  address: 00004975


MEMORY CONFIGURATION

         name            origin    length      used     unused   attr    fill
----------------------  --------  ---------  --------  --------  ----  --------
  FLASH                 00000000   00040000  00004d9b  0003b265  R  X
  SRAM                  20000000   00008000  00002334  00005ccc  RW X


SEGMENT ALLOCATION MAP

run origin  load origin   length   init length attrs members
----------  ----------- ---------- ----------- ----- -------
00000000    00000000    00004da0   00004da0    r-x
  00000000    00000000    0000026c   0000026c    r-- .intvecs
  0000026c    0000026c    0000496c   0000496c    r-x .text
  00004bd8    00004bd8    0000015b   0000015b    r-- .const
  00004d38    00004d38    00000068   00000068    r-- .cinit
20000000    20000000    00002338   00000000    rw-
  20000000    20000000    0000026c   00000000    rw- .vtable
  20000270    20000270    00001000   00000000    rw- .stack
  20001270    20001270    00001000   00000000    rw- .sysmem
  20002270    20002270    00000070   00000000    rw- .bss
  200022e0    200022e0    00000058   00000000    rw- .data


SECTION ALLOCATION MAP

 output                                  attributes/
section   page    origin      length       input sections
--------  ----  ----------  ----------   ----------------
.intvecs   0    00000000    0000026c     
                  00000000    0000026c     tm4c123gh6pm_startup_ccs.obj (.intvecs)

.text      0    0000026c    0000496c     
                  0000026c    00000c20     open_interface.obj (.text)
                  00000e8c    00000a4e     rtsv7M4_T_le_v4SPD16_eabi.lib : _printfi.c.obj (.text:__TI_printfi)
                  000018da    00000002                                   : _lock.c.obj (.text:_nop)
                  000018dc    000009d0                                   : e_pow.c.obj (.text:pow)
                  000022ac    000003a8     movement.obj (.text)
                  00002654    00000328     lcd.obj (.text)
                  0000297c    0000027c     uart-interrupt.obj (.text)
                  00002bf8    00000270     rtsv7M4_T_le_v4SPD16_eabi.lib : _printfi.c.obj (.text:_pconv_a)
                  00002e68    00000248     Timer.obj (.text)
                  000030b0    000001d0     rtsv7M4_T_le_v4SPD16_eabi.lib : _printfi.c.obj (.text:_pconv_g)
                  00003280    000001b6                                   : fd_add_t2.asm.obj (.text)
                  00003436    00000002                                   : div0.asm.obj (.text)
                  00003438    00000158                                   : e_sqrt.c.obj (.text:sqrt)
                  00003590    00000154     main.obj (.text)
                  000036e4    0000013c     rtsv7M4_T_le_v4SPD16_eabi.lib : _printfi.c.obj (.text:_pconv_e)
                  00003820    00000136                                   : fd_div_t2.asm.obj (.text)
                  00003956    00000002     --HOLE-- [fill = 0]
                  00003958    0000012c     servo.obj (.text)
                  00003a84    00000124     rtsv7M4_T_le_v4SPD16_eabi.lib : _printfi.c.obj (.text:fcvt)
                  00003ba8    00000120     adc.obj (.text)
                  00003cc8    00000110     rtsv7M4_T_le_v4SPD16_eabi.lib : s_scalbn.c.obj (.text:scalbn)
                  00003dd8    00000100                                   : memory.c.obj (.text:aligned_alloc)
                  00003ed8    000000fc                                   : fd_mul_t2.asm.obj (.text)
                  00003fd4    000000e4                                   : memory.c.obj (.text:free)
                  000040b8    000000b1                                   : _printfi.c.obj (.text:_ltostr)
                  00004169    00000001     --HOLE-- [fill = 0]
                  0000416a    0000009c                                   : memcpy_t2.asm.obj (.text)
                  00004206    00000096                                   : ull_div_t2.asm.obj (.text)
                  0000429c    00000086                                   : fd_cmp_t2.asm.obj (.text:__aeabi_cdcmple)
                  00004322    00000086                                   : fd_cmp_t2.asm.obj (.text:__aeabi_cdrcmple)
                  000043a8    0000007a                                   : memset_t2.asm.obj (.text)
                  00004422    00000002     --HOLE-- [fill = 0]
                  00004424    00000070                                   : memory.c.obj (.text:split)
                  00004494    0000006e                                   : _printfi.c.obj (.text:_mcpy)
                  00004502    0000006e                                   : fd_tos_t2.asm.obj (.text)
                  00004570    00000068                                   : copy_decompress_lzss.c.obj (.text:decompress:lzss:__TI_decompress_lzss)
                  000045d8    00000064                                   : s_frexp.c.obj (.text:frexp)
                  0000463c    00000056                                   : _printfi.c.obj (.text:_pconv_f)
                  00004692    00000054                                   : _ltoa.c.obj (.text:__TI_ltoa)
                  000046e6    00000052                                   : _printfi.c.obj (.text:_ecpy)
                  00004738    0000004c                                   : atoi.c.obj (.text:atoi)
                  00004784    00000048                                   : fd_toi_t2.asm.obj (.text)
                  000047cc    00000044                                   : autoinit.c.obj (.text:__TI_auto_init_nobinit_nopinit:__TI_auto_init_nobinit_nopinit)
                  00004810    00000040                                   : sprintf.c.obj (.text:sprintf)
                  00004850    00000040                                   : vsnprintf.c.obj (.text:vsnprintf)
                  00004890    0000003e                                   : _printfi.c.obj (.text:_fcpy)
                  000048ce    00000002     --HOLE-- [fill = 0]
                  000048d0    00000038                                   : memory.c.obj (.text:calloc)
                  00004908    00000038                                   : fs_tod_t2.asm.obj (.text)
                  00004940    00000034     driverlib.lib : interrupt.obj (.text:IntRegister)
                  00004974    00000034     rtsv7M4_T_le_v4SPD16_eabi.lib : boot_cortex_m.c.obj (.text:_c_int00_noargs:_c_int00_noargs)
                  000049a8    00000030                                   : vsnprintf.c.obj (.text:_outs)
                  000049d8    0000002e                                   : i_tofd_t2.asm.obj (.text)
                  00004a06    00000002     --HOLE-- [fill = 0]
                  00004a08    00000028                                   : memory.c.obj (.text:free_list_insert)
                  00004a30    00000020                                   : u_tofd_t2.asm.obj (.text)
                  00004a50    0000001c                                   : copy_zero_init.c.obj (.text:decompress:ZI:__TI_zero_init_nomemset:__TI_zero_init_nomemset)
                  00004a6c    0000001c                                   : memory.c.obj (.text:free_list_remove)
                  00004a88    0000001c                                   : memccpy.c.obj (.text:memccpy)
                  00004aa4    0000001a                                   : s_copysign.c.obj (.text:copysign)
                  00004abe    00000018                                   : vsnprintf.c.obj (.text:_outc)
                  00004ad6    00000018                                   : sprintf.c.obj (.text:_outs)
                  00004aee    00000018     open_interface.obj (.text:oi_parseInt)
                  00004b06    00000018     rtsv7M4_T_le_v4SPD16_eabi.lib : strcmp.c.obj (.text:strcmp)
                  00004b1e    00000016                                   : strchr.c.obj (.text:strchr)
                  00004b34    00000014                                   : strcpy.c.obj (.text:strcpy)
                  00004b48    00000014                                   : strlen.c.obj (.text:strlen)
                  00004b5c    00000012                                   : wcslen.c.obj (.text:wcslen)
                  00004b6e    00000010     driverlib.lib : interrupt.obj (.text:IntMasterEnable)
                  00004b7e    00000010     lcd.obj (.text:lcd_clear)
                  00004b8e    0000000e     rtsv7M4_T_le_v4SPD16_eabi.lib : copy_decompress_none.c.obj (.text:decompress:none:__TI_decompress_none)
                  00004b9c    0000000c     driverlib.lib : cpu.obj (.text:CPUcpsie)
                  00004ba8    0000000c     tm4c123gh6pm_startup_ccs.obj (.text)
                  00004bb4    0000000a     rtsv7M4_T_le_v4SPD16_eabi.lib : sprintf.c.obj (.text:_outc)
                  00004bbe    00000002     --HOLE-- [fill = 0]
                  00004bc0    00000008                                   : errno.c.obj (.text:__aeabi_errno_addr)
                  00004bc8    00000008                                   : memory.c.obj (.text:malloc)
                  00004bd0    00000004                                   : pre_init.c.obj (.text:_system_pre_init)
                  00004bd4    00000004                                   : exit.c.obj (.text:abort:abort)

.const     0    00004bd8    0000015b     
                  00004bd8    00000101     rtsv7M4_T_le_v4SPD16_eabi.lib : ctype.c.obj (.const:.string:_ctypes_)
                  00004cd9    00000004     lcd.obj (.const:.string:lineAddress$1)
                  00004cdd    00000003     --HOLE-- [fill = 0]
                  00004ce0    00000030     rtsv7M4_T_le_v4SPD16_eabi.lib : e_pow.c.obj (.const:$O1$$)
                  00004d10    00000010     main.obj (.const:$P$T0$1)
                  00004d20    0000000f     open_interface.obj (.const:.string:$P$T0$3)
                  00004d2f    00000004     lcd.obj (.const:.string:lineAddresses$2)

.cinit     0    00004d38    00000068     
                  00004d38    0000002f     (.cinit..data.load) [load image, compression = lzss]
                  00004d67    00000001     --HOLE-- [fill = 0]
                  00004d68    0000000c     (__TI_handler_table)
                  00004d74    00000004     --HOLE-- [fill = 0]
                  00004d78    00000008     (.cinit..bss.load) [load image, compression = zero_init]
                  00004d80    00000008     (.cinit..vtable.load) [load image, compression = zero_init]
                  00004d88    00000018     (__TI_cinit_table)

.init_array 
*          0    00000000    00000000     UNINITIALIZED

.vtable    0    20000000    0000026c     UNINITIALIZED
                  20000000    0000026c     driverlib.lib : interrupt.obj (.vtable)

.stack     0    20000270    00001000     UNINITIALIZED
                  20000270    00000004     rtsv7M4_T_le_v4SPD16_eabi.lib : boot_cortex_m.c.obj (.stack)
                  20000274    00000ffc     --HOLE--

.sysmem    0    20001270    00001000     UNINITIALIZED
                  20001270    00000010     rtsv7M4_T_le_v4SPD16_eabi.lib : memory.c.obj (.sysmem)
                  20001280    00000ff0     --HOLE--

.bss       0    20002270    00000070     UNINITIALIZED
                  20002270    00000054     lcd.obj (.bss:lastbuffer$3)
                  200022c4    00000018     open_interface.obj (.bss:firmware$2)
                  200022dc    00000004     (.common:_timeout_ticks)

.data      0    200022e0    00000058     UNINITIALIZED
                  200022e0    00000020     open_interface.obj (.data)
                  20002300    00000018     servo.obj (.data)
                  20002318    00000009     uart-interrupt.obj (.data)
                  20002321    00000001     Timer.obj (.data)
                  20002322    00000002     --HOLE--
                  20002324    00000008     rtsv7M4_T_le_v4SPD16_eabi.lib : _lock.c.obj (.data:$O1$$)
                  2000232c    00000008                                   : memory.c.obj (.data:$O1$$)
                  20002334    00000004                                   : errno.c.obj (.data)

__llvm_prf_cnts 
*          0    20000000    00000000     UNINITIALIZED

MODULE SUMMARY

       Module                         code    ro data   rw data
       ------                         ----    -------   -------
    .\
       open_interface.obj             3128    15        56     
       movement.obj                   936     0         0      
       lcd.obj                        824     8         84     
       uart-interrupt.obj             636     0         9      
       tm4c123gh6pm_startup_ccs.obj   12      620       0      
       Timer.obj                      584     0         5      
       main.obj                       340     16        0      
       servo.obj                      300     0         24     
       adc.obj                        288     0         0      
    +--+------------------------------+-------+---------+---------+
       Total:                         7048    659       178    
                                                               
    C:/ti/TivaWare_C_Series-2.2.0.295/driverlib/ccs/Debug/driverlib.lib
       interrupt.obj                  68      0         620    
       cpu.obj                        12      0         0      
    +--+------------------------------+-------+---------+---------+
       Total:                         80      0         620    
                                                               
    C:\ti\ccs1271\ccs\tools\compiler\ti-cgt-arm_20.2.7.LTS\lib\rtsv7M4_T_le_v4SPD16_eabi.lib
       _printfi.c.obj                 4851    0         0      
       e_pow.c.obj                    2512    48        0      
       memory.c.obj                   728     0         8      
       fd_add_t2.asm.obj              438     0         0      
       e_sqrt.c.obj                   344     0         0      
       fd_div_t2.asm.obj              310     0         0      
       s_scalbn.c.obj                 272     0         0      
       fd_cmp_t2.asm.obj              268     0         0      
       ctype.c.obj                    0       257       0      
       fd_mul_t2.asm.obj              252     0         0      
       memcpy_t2.asm.obj              156     0         0      
       ull_div_t2.asm.obj             150     0         0      
       vsnprintf.c.obj                136     0         0      
       memset_t2.asm.obj              122     0         0      
       fd_tos_t2.asm.obj              110     0         0      
       copy_decompress_lzss.c.obj     104     0         0      
       s_frexp.c.obj                  100     0         0      
       sprintf.c.obj                  98      0         0      
       _ltoa.c.obj                    84      0         0      
       atoi.c.obj                     76      0         0      
       fd_toi_t2.asm.obj              72      0         0      
       autoinit.c.obj                 68      0         0      
       fs_tod_t2.asm.obj              56      0         0      
       boot_cortex_m.c.obj            52      0         0      
       i_tofd_t2.asm.obj              46      0         0      
       u_tofd_t2.asm.obj              32      0         0      
       copy_zero_init.c.obj           28      0         0      
       memccpy.c.obj                  28      0         0      
       s_copysign.c.obj               26      0         0      
       strcmp.c.obj                   24      0         0      
       strchr.c.obj                   22      0         0      
       strcpy.c.obj                   20      0         0      
       strlen.c.obj                   20      0         0      
       wcslen.c.obj                   18      0         0      
       copy_decompress_none.c.obj     14      0         0      
       errno.c.obj                    8       0         4      
       _lock.c.obj                    2       0         8      
       exit.c.obj                     4       0         0      
       pre_init.c.obj                 4       0         0      
       div0.asm.obj                   2       0         0      
    +--+------------------------------+-------+---------+---------+
       Total:                         11657   305       20     
                                                               
       Heap:                          0       0         4096   
       Stack:                         0       0         4096   
       Linker Generated:              0       99        0      
    +--+------------------------------+-------+---------+---------+
       Grand Total:                   18785   1063      9010   


LINKER GENERATED COPY TABLES

__TI_cinit_table @ 00004d88 records: 3, size/record: 8, table size: 24
	.data: load addr=00004d38, load size=0000002f bytes, run addr=200022e0, run size=00000058 bytes, compression=lzss
	.bss: load addr=00004d78, load size=00000008 bytes, run addr=20002270, run size=00000070 bytes, compression=zero_init
	.vtable: load addr=00004d80, load size=00000008 bytes, run addr=20000000, run size=0000026c bytes, compression=zero_init


LINKER GENERATED HANDLER TABLE

__TI_handler_table @ 00004d68 records: 3, size/record: 4, table size: 12
	index: 0, handler: __TI_zero_init
	index: 1, handler: __TI_decompress_lzss
	index: 2, handler: __TI_decompress_none


GLOBAL SYMBOLS: SORTED ALPHABETICALLY BY Name 

address   name                          
-------   ----                          
00004bd5  C$$EXIT                       
00004b9d  CPUcpsie                      
00000bc3  GPIOF_Handler                 
00004b6f  IntMasterEnable               
00004941  IntRegister                   
00004ba9  ResetISR                      
00002a99  UART1_Handler                 
20001270  __STACK_END                   
00001000  __STACK_SIZE                  
20000470  __STACK_TOP                   
00001000  __SYSMEM_SIZE                 
00004d88  __TI_CINIT_Base               
00004da0  __TI_CINIT_Limit              
00004d68  __TI_Handler_Table_Base       
00004d74  __TI_Handler_Table_Limit      
000047cd  __TI_auto_init_nobinit_nopinit
00004571  __TI_decompress_lzss          
00004b8f  __TI_decompress_none          
00004693  __TI_ltoa                     
ffffffff  __TI_pprof_out_hndl           
00000e8d  __TI_printfi                  
ffffffff  __TI_prof_data_size           
ffffffff  __TI_prof_data_start          
00000000  __TI_static_base__            
00004a51  __TI_zero_init_nomemset       
0000429d  __aeabi_cdcmpeq               
0000429d  __aeabi_cdcmple               
00004323  __aeabi_cdrcmple              
00004503  __aeabi_d2f                   
00004785  __aeabi_d2iz                  
0000328b  __aeabi_dadd                  
00003821  __aeabi_ddiv                  
00003ed9  __aeabi_dmul                  
00003281  __aeabi_dsub                  
00004bc1  __aeabi_errno_addr            
00004909  __aeabi_f2d                   
000049d9  __aeabi_i2d                   
00003437  __aeabi_idiv0                 
00003437  __aeabi_ldiv0                 
000043a9  __aeabi_memclr                
000043a9  __aeabi_memclr4               
000043a9  __aeabi_memclr8               
0000416b  __aeabi_memcpy                
0000416b  __aeabi_memcpy4               
0000416b  __aeabi_memcpy8               
000043ab  __aeabi_memset                
000043ab  __aeabi_memset4               
000043ab  __aeabi_memset8               
00004a31  __aeabi_ui2d                  
00004207  __aeabi_uldivmod              
ffffffff  __binit__                     
ffffffff  __c_args__                    
UNDEFED   __mpu_init                    
20000270  __stack                       
20000000  __start___llvm_prf_cnts       
20000000  __stop___llvm_prf_cnts        
00004975  _c_int00_noargs               
00004bd8  _ctypes_                      
20002324  _lock                         
000018db  _nop                          
20002321  _running                      
20001270  _sys_memory                   
UNDEFED   _system_post_cinit            
00004bd1  _system_pre_init              
200022dc  _timeout_ticks                
20002328  _unlock                       
00004bd5  abort                         
00003ba9  adc_init                      
00003c4f  adc_read                      
00003dd9  aligned_alloc                 
00004739  atoi                          
ffffffff  binit                         
20002314  button                        
000048d1  calloc                        
20002318  command_byte                  
2000231c  command_flag                  
00004aa5  copysign                      
00004aa5  copysignl                     
2000230c  direction                     
20002334  errno                         
00003fd5  free                          
000045d9  frexp                         
000045d9  frexpl                        
20000000  g_pfnRAMVectors               
00000000  g_pfnVectors                  
0000361b  get_IR_Dist                   
0000097f  go_charge                     
20002320  input                         
00004b7f  lcd_clear                     
00002829  lcd_gotoLine                  
00002691  lcd_init                      
0000288f  lcd_printf                    
00002751  lcd_putc                      
00002789  lcd_puts                      
00002655  lcd_reverseNibble             
000027a7  lcd_sendCommand               
000027e5  lcd_sendNibble                
00002851  lcd_setCursorPos              
00003cc9  ldexp                         
00003cc9  ldexpl                        
20002300  leftVal                       
00003591  main                          
00004bc9  malloc                        
00003dd9  memalign                      
00004a89  memccpy                       
0000416b  memcpy                        
000043b1  memset                        
200022e0  motor_cal_factor_L            
200022e4  motor_cal_factor_R            
000023ff  move_backward                 
000022ad  move_forward                  
20002310  moved                         
20002308  newPos                        
0000026d  oi_alloc                      
00000aa9  oi_checkFirmware              
000002c7  oi_close                      
00000279  oi_free                       
00000ded  oi_getMotorCalibrationLeft    
00000e01  oi_getMotorCalibrationRight   
000002b1  oi_init                       
00000289  oi_init_noupdate              
00000915  oi_loadSong                   
00004aef  oi_parseInt                   
0000032b  oi_parsePacket                
0000096b  oi_play_song                  
0000084b  oi_setLeds                    
00000db1  oi_setMotorCalibration        
0000088f  oi_setWheels                  
00000b51  oi_shutoff_init               
0000098d  oi_uartInit                   
00000a31  oi_uartReceive                
00000a77  oi_uartSendBuff               
00000a15  oi_uartSendChar               
00000a59  oi_uartSendStr                
000002d9  oi_update                     
000018dd  pow                           
000018dd  powl                          
0000367f  printWholeString              
20002304  rightVal                      
00003cc9  scalbn                        
00003cc9  scalbnl                       
00003959  servo_init                    
00003a01  servo_move                    
000025f1  set_wheels                    
00004811  sprintf                       
00003439  sqrt                          
00003439  sqrtl                         
00004b1f  strchr                        
00004b07  strcmp                        
00004b35  strcpy                        
00004b49  strlen                        
00002f87  timer_getMicros               
00002f2f  timer_getMillis               
00002e69  timer_init                    
00002f0b  timer_pause                   
00002f1d  timer_resume                  
00002ee1  timer_stop                    
00002fe1  timer_waitMicros              
00003013  timer_waitMillis              
00002539  turn_left                     
0000249f  turn_right                    
0000297d  uart_interrupt_init           
00002a4d  uart_receive                  
00002a6d  uart_receive_nonblocking      
00002a31  uart_sendChar                 
00002a73  uart_sendStr                  
00004851  vsnprintf                     
00004b5d  wcslen                        


GLOBAL SYMBOLS: SORTED BY Symbol Address 

address   name                          
-------   ----                          
00000000  __TI_static_base__            
00000000  g_pfnVectors                  
0000026d  oi_alloc                      
00000279  oi_free                       
00000289  oi_init_noupdate              
000002b1  oi_init                       
000002c7  oi_close                      
000002d9  oi_update                     
0000032b  oi_parsePacket                
0000084b  oi_setLeds                    
0000088f  oi_setWheels                  
00000915  oi_loadSong                   
0000096b  oi_play_song                  
0000097f  go_charge                     
0000098d  oi_uartInit                   
00000a15  oi_uartSendChar               
00000a31  oi_uartReceive                
00000a59  oi_uartSendStr                
00000a77  oi_uartSendBuff               
00000aa9  oi_checkFirmware              
00000b51  oi_shutoff_init               
00000bc3  GPIOF_Handler                 
00000db1  oi_setMotorCalibration        
00000ded  oi_getMotorCalibrationLeft    
00000e01  oi_getMotorCalibrationRight   
00000e8d  __TI_printfi                  
00001000  __STACK_SIZE                  
00001000  __SYSMEM_SIZE                 
000018db  _nop                          
000018dd  pow                           
000018dd  powl                          
000022ad  move_forward                  
000023ff  move_backward                 
0000249f  turn_right                    
00002539  turn_left                     
000025f1  set_wheels                    
00002655  lcd_reverseNibble             
00002691  lcd_init                      
00002751  lcd_putc                      
00002789  lcd_puts                      
000027a7  lcd_sendCommand               
000027e5  lcd_sendNibble                
00002829  lcd_gotoLine                  
00002851  lcd_setCursorPos              
0000288f  lcd_printf                    
0000297d  uart_interrupt_init           
00002a31  uart_sendChar                 
00002a4d  uart_receive                  
00002a6d  uart_receive_nonblocking      
00002a73  uart_sendStr                  
00002a99  UART1_Handler                 
00002e69  timer_init                    
00002ee1  timer_stop                    
00002f0b  timer_pause                   
00002f1d  timer_resume                  
00002f2f  timer_getMillis               
00002f87  timer_getMicros               
00002fe1  timer_waitMicros              
00003013  timer_waitMillis              
00003281  __aeabi_dsub                  
0000328b  __aeabi_dadd                  
00003437  __aeabi_idiv0                 
00003437  __aeabi_ldiv0                 
00003439  sqrt                          
00003439  sqrtl                         
00003591  main                          
0000361b  get_IR_Dist                   
0000367f  printWholeString              
00003821  __aeabi_ddiv                  
00003959  servo_init                    
00003a01  servo_move                    
00003ba9  adc_init                      
00003c4f  adc_read                      
00003cc9  ldexp                         
00003cc9  ldexpl                        
00003cc9  scalbn                        
00003cc9  scalbnl                       
00003dd9  aligned_alloc                 
00003dd9  memalign                      
00003ed9  __aeabi_dmul                  
00003fd5  free                          
0000416b  __aeabi_memcpy                
0000416b  __aeabi_memcpy4               
0000416b  __aeabi_memcpy8               
0000416b  memcpy                        
00004207  __aeabi_uldivmod              
0000429d  __aeabi_cdcmpeq               
0000429d  __aeabi_cdcmple               
00004323  __aeabi_cdrcmple              
000043a9  __aeabi_memclr                
000043a9  __aeabi_memclr4               
000043a9  __aeabi_memclr8               
000043ab  __aeabi_memset                
000043ab  __aeabi_memset4               
000043ab  __aeabi_memset8               
000043b1  memset                        
00004503  __aeabi_d2f                   
00004571  __TI_decompress_lzss          
000045d9  frexp                         
000045d9  frexpl                        
00004693  __TI_ltoa                     
00004739  atoi                          
00004785  __aeabi_d2iz                  
000047cd  __TI_auto_init_nobinit_nopinit
00004811  sprintf                       
00004851  vsnprintf                     
000048d1  calloc                        
00004909  __aeabi_f2d                   
00004941  IntRegister                   
00004975  _c_int00_noargs               
000049d9  __aeabi_i2d                   
00004a31  __aeabi_ui2d                  
00004a51  __TI_zero_init_nomemset       
00004a89  memccpy                       
00004aa5  copysign                      
00004aa5  copysignl                     
00004aef  oi_parseInt                   
00004b07  strcmp                        
00004b1f  strchr                        
00004b35  strcpy                        
00004b49  strlen                        
00004b5d  wcslen                        
00004b6f  IntMasterEnable               
00004b7f  lcd_clear                     
00004b8f  __TI_decompress_none          
00004b9d  CPUcpsie                      
00004ba9  ResetISR                      
00004bc1  __aeabi_errno_addr            
00004bc9  malloc                        
00004bd1  _system_pre_init              
00004bd5  C$$EXIT                       
00004bd5  abort                         
00004bd8  _ctypes_                      
00004d68  __TI_Handler_Table_Base       
00004d74  __TI_Handler_Table_Limit      
00004d88  __TI_CINIT_Base               
00004da0  __TI_CINIT_Limit              
20000000  __start___llvm_prf_cnts       
20000000  __stop___llvm_prf_cnts        
20000000  g_pfnRAMVectors               
20000270  __stack                       
20000470  __STACK_TOP                   
20001270  __STACK_END                   
20001270  _sys_memory                   
200022dc  _timeout_ticks                
200022e0  motor_cal_factor_L            
200022e4  motor_cal_factor_R            
20002300  leftVal                       
20002304  rightVal                      
20002308  newPos                        
2000230c  direction                     
20002310  moved                         
20002314  button                        
20002318  command_byte                  
2000231c  command_flag                  
20002320  input                         
20002321  _running                      
20002324  _lock                         
20002328  _unlock                       
20002334  errno                         
ffffffff  __TI_pprof_out_hndl           
ffffffff  __TI_prof_data_size           
ffffffff  __TI_prof_data_start          
ffffffff  __binit__                     
ffffffff  __c_args__                    
ffffffff  binit                         
UNDEFED   __mpu_init                    
UNDEFED   _system_post_cinit            

[168 symbols]
