******************************************************************************
                  TI ARM Linker PC v20.2.7                     
******************************************************************************
>> Linked Fri Apr 18 15:15:11 2025

OUTPUT FILE NAME:   <Lab10.out>
ENTRY POINT SYMBOL: "_c_int00_noargs"  address: 00002839


MEMORY CONFIGURATION

         name            origin    length      used     unused   attr    fill
----------------------  --------  ---------  --------  --------  ----  --------
  FLASH                 00000000   00040000  00002b55  0003d4ab  R  X
  SRAM                  20000000   00008000  000022ec  00005d14  RW X


SEGMENT ALLOCATION MAP

run origin  load origin   length   init length attrs members
----------  ----------- ---------- ----------- ----- -------
00000000    00000000    00002b58   00002b58    r-x
  00000000    00000000    0000026c   0000026c    r-- .intvecs
  0000026c    0000026c    00002788   00002788    r-x .text
  000029f4    000029f4    00000109   00000109    r-- .const
  00002b00    00002b00    00000058   00000058    r-- .cinit
20000000    20000000    000022f0   00000000    rw-
  20000000    20000000    0000026c   00000000    rw- .vtable
  20000270    20000270    00001000   00000000    rw- .stack
  20001270    20001270    00001000   00000000    rw- .sysmem
  20002270    20002270    00000058   00000000    rw- .bss
  200022c8    200022c8    00000028   00000000    rw- .data


SECTION ALLOCATION MAP

 output                                  attributes/
section   page    origin      length       input sections
--------  ----  ----------  ----------   ----------------
.intvecs   0    00000000    0000026c     
                  00000000    0000026c     tm4c123gh6pm_startup_ccs.obj (.intvecs)

.text      0    0000026c    00002788     
                  0000026c    00000a4e     rtsv7M4_T_le_v4SPD16_eabi.lib : _printfi.c.obj (.text:__TI_printfi)
                  00000cba    00000002                                   : div0.asm.obj (.text)
                  00000cbc    00000328     lcd.obj (.text)
                  00000fe4    00000270     rtsv7M4_T_le_v4SPD16_eabi.lib : _printfi.c.obj (.text:_pconv_a)
                  00001254    00000248     Timer.obj (.text)
                  0000149c    000001d0     rtsv7M4_T_le_v4SPD16_eabi.lib : _printfi.c.obj (.text:_pconv_g)
                  0000166c    000001d0     uart-interrupt.obj (.text)
                  0000183c    000001b6     rtsv7M4_T_le_v4SPD16_eabi.lib : fd_add_t2.asm.obj (.text)
                  000019f2    00000002     --HOLE-- [fill = 0]
                  000019f4    0000013c                                   : _printfi.c.obj (.text:_pconv_e)
                  00001b30    00000136                                   : fd_div_t2.asm.obj (.text)
                  00001c66    00000002     --HOLE-- [fill = 0]
                  00001c68    0000012c     servo.obj (.text)
                  00001d94    00000124     rtsv7M4_T_le_v4SPD16_eabi.lib : _printfi.c.obj (.text:fcvt)
                  00001eb8    00000110                                   : s_scalbn.c.obj (.text:scalbn)
                  00001fc8    000000fc                                   : fd_mul_t2.asm.obj (.text)
                  000020c4    000000b1                                   : _printfi.c.obj (.text:_ltostr)
                  00002175    00000001     --HOLE-- [fill = 0]
                  00002176    0000009c                                   : memcpy_t2.asm.obj (.text)
                  00002212    00000096                                   : ull_div_t2.asm.obj (.text)
                  000022a8    00000086                                   : fd_cmp_t2.asm.obj (.text:__aeabi_cdcmple)
                  0000232e    00000086                                   : fd_cmp_t2.asm.obj (.text:__aeabi_cdrcmple)
                  000023b4    0000007a                                   : memset_t2.asm.obj (.text)
                  0000242e    0000006e                                   : _printfi.c.obj (.text:_mcpy)
                  0000249c    00000068                                   : copy_decompress_lzss.c.obj (.text:decompress:lzss:__TI_decompress_lzss)
                  00002504    00000064                                   : s_frexp.c.obj (.text:frexp)
                  00002568    00000056                                   : _printfi.c.obj (.text:_pconv_f)
                  000025be    00000054                                   : _ltoa.c.obj (.text:__TI_ltoa)
                  00002612    00000052                                   : _printfi.c.obj (.text:_ecpy)
                  00002664    0000004c                                   : atoi.c.obj (.text:atoi)
                  000026b0    00000048                                   : fd_toi_t2.asm.obj (.text)
                  000026f8    00000046     main.obj (.text)
                  0000273e    00000002     --HOLE-- [fill = 0]
                  00002740    00000044     rtsv7M4_T_le_v4SPD16_eabi.lib : autoinit.c.obj (.text:__TI_auto_init_nobinit_nopinit:__TI_auto_init_nobinit_nopinit)
                  00002784    00000040                                   : vsnprintf.c.obj (.text:vsnprintf)
                  000027c4    0000003e                                   : _printfi.c.obj (.text:_fcpy)
                  00002802    00000002     --HOLE-- [fill = 0]
                  00002804    00000034     driverlib.lib : interrupt.obj (.text:IntRegister)
                  00002838    00000034     rtsv7M4_T_le_v4SPD16_eabi.lib : boot_cortex_m.c.obj (.text:_c_int00_noargs:_c_int00_noargs)
                  0000286c    00000030                                   : vsnprintf.c.obj (.text:_outs)
                  0000289c    0000002e                                   : i_tofd_t2.asm.obj (.text)
                  000028ca    0000001c                                   : copy_zero_init.c.obj (.text:decompress:ZI:__TI_zero_init_nomemset:__TI_zero_init_nomemset)
                  000028e6    0000001c                                   : memccpy.c.obj (.text:memccpy)
                  00002902    0000001a                                   : s_copysign.c.obj (.text:copysign)
                  0000291c    00000018                                   : vsnprintf.c.obj (.text:_outc)
                  00002934    00000018                                   : strcmp.c.obj (.text:strcmp)
                  0000294c    00000016                                   : strchr.c.obj (.text:strchr)
                  00002962    00000014                                   : strcpy.c.obj (.text:strcpy)
                  00002976    00000014                                   : strlen.c.obj (.text:strlen)
                  0000298a    00000012                                   : wcslen.c.obj (.text:wcslen)
                  0000299c    00000010     driverlib.lib : interrupt.obj (.text:IntMasterEnable)
                  000029ac    00000010     lcd.obj (.text:lcd_clear)
                  000029bc    0000000e     rtsv7M4_T_le_v4SPD16_eabi.lib : copy_decompress_none.c.obj (.text:decompress:none:__TI_decompress_none)
                  000029ca    0000000c     driverlib.lib : cpu.obj (.text:CPUcpsie)
                  000029d6    0000000c     tm4c123gh6pm_startup_ccs.obj (.text)
                  000029e2    00000002     --HOLE-- [fill = 0]
                  000029e4    00000008     rtsv7M4_T_le_v4SPD16_eabi.lib : errno.c.obj (.text:__aeabi_errno_addr)
                  000029ec    00000004                                   : pre_init.c.obj (.text:_system_pre_init)
                  000029f0    00000004                                   : exit.c.obj (.text:abort:abort)

.const     0    000029f4    00000109     
                  000029f4    00000101     rtsv7M4_T_le_v4SPD16_eabi.lib : ctype.c.obj (.const:.string:_ctypes_)
                  00002af5    00000004     lcd.obj (.const:.string:lineAddress$1)
                  00002af9    00000004     lcd.obj (.const:.string:lineAddresses$2)

.cinit     0    00002b00    00000058     
                  00002b00    00000020     (.cinit..data.load) [load image, compression = lzss]
                  00002b20    0000000c     (__TI_handler_table)
                  00002b2c    00000004     --HOLE-- [fill = 0]
                  00002b30    00000008     (.cinit..bss.load) [load image, compression = zero_init]
                  00002b38    00000008     (.cinit..vtable.load) [load image, compression = zero_init]
                  00002b40    00000018     (__TI_cinit_table)

.init_array 
*          0    00000000    00000000     UNINITIALIZED

.vtable    0    20000000    0000026c     UNINITIALIZED
                  20000000    0000026c     driverlib.lib : interrupt.obj (.vtable)

.stack     0    20000270    00001000     UNINITIALIZED
                  20000270    00000004     rtsv7M4_T_le_v4SPD16_eabi.lib : boot_cortex_m.c.obj (.stack)
                  20000274    00000ffc     --HOLE--

.sysmem    0    20001270    00001000     UNINITIALIZED
                  20001270    00000010     rtsv7M4_T_le_v4SPD16_eabi.lib : memory.c.obj (.sysmem)
                  20001280    00000ff0     --HOLE--

.bss       0    20002270    00000058     UNINITIALIZED
                  20002270    00000054     lcd.obj (.bss:lastbuffer$3)
                  200022c4    00000004     (.common:_timeout_ticks)

.data      0    200022c8    00000028     UNINITIALIZED
                  200022c8    00000018     servo.obj (.data)
                  200022e0    00000009     uart-interrupt.obj (.data)
                  200022e9    00000001     Timer.obj (.data)
                  200022ea    00000002     --HOLE--
                  200022ec    00000004     rtsv7M4_T_le_v4SPD16_eabi.lib : errno.c.obj (.data)

__llvm_prf_cnts 
*          0    20000000    00000000     UNINITIALIZED

MODULE SUMMARY

       Module                         code    ro data   rw data
       ------                         ----    -------   -------
    .\
       lcd.obj                        824     8         84     
       tm4c123gh6pm_startup_ccs.obj   12      620       0      
       Timer.obj                      584     0         5      
       uart-interrupt.obj             464     0         9      
       servo.obj                      300     0         24     
       main.obj                       70      0         0      
    +--+------------------------------+-------+---------+---------+
       Total:                         2254    628       122    
                                                               
    C:/ti/TivaWare_C_Series-2.2.0.295/driverlib/ccs/Debug/driverlib.lib
       interrupt.obj                  68      0         620    
       cpu.obj                        12      0         0      
    +--+------------------------------+-------+---------+---------+
       Total:                         80      0         620    
                                                               
    C:\ti\ccs1271\ccs\tools\compiler\ti-cgt-arm_20.2.7.LTS\lib\rtsv7M4_T_le_v4SPD16_eabi.lib
       _printfi.c.obj                 4851    0         0      
       fd_add_t2.asm.obj              438     0         0      
       fd_div_t2.asm.obj              310     0         0      
       s_scalbn.c.obj                 272     0         0      
       fd_cmp_t2.asm.obj              268     0         0      
       ctype.c.obj                    0       257       0      
       fd_mul_t2.asm.obj              252     0         0      
       memcpy_t2.asm.obj              156     0         0      
       ull_div_t2.asm.obj             150     0         0      
       vsnprintf.c.obj                136     0         0      
       memset_t2.asm.obj              122     0         0      
       copy_decompress_lzss.c.obj     104     0         0      
       s_frexp.c.obj                  100     0         0      
       _ltoa.c.obj                    84      0         0      
       atoi.c.obj                     76      0         0      
       fd_toi_t2.asm.obj              72      0         0      
       autoinit.c.obj                 68      0         0      
       boot_cortex_m.c.obj            52      0         0      
       i_tofd_t2.asm.obj              46      0         0      
       copy_zero_init.c.obj           28      0         0      
       memccpy.c.obj                  28      0         0      
       s_copysign.c.obj               26      0         0      
       strcmp.c.obj                   24      0         0      
       strchr.c.obj                   22      0         0      
       strcpy.c.obj                   20      0         0      
       strlen.c.obj                   20      0         0      
       wcslen.c.obj                   18      0         0      
       copy_decompress_none.c.obj     14      0         0      
       errno.c.obj                    8       0         4      
       exit.c.obj                     4       0         0      
       pre_init.c.obj                 4       0         0      
       div0.asm.obj                   2       0         0      
    +--+------------------------------+-------+---------+---------+
       Total:                         7775    257       4      
                                                               
       Heap:                          0       0         4096   
       Stack:                         0       0         4096   
       Linker Generated:              0       84        0      
    +--+------------------------------+-------+---------+---------+
       Grand Total:                   10109   969       8938   


LINKER GENERATED COPY TABLES

__TI_cinit_table @ 00002b40 records: 3, size/record: 8, table size: 24
	.data: load addr=00002b00, load size=00000020 bytes, run addr=200022c8, run size=00000028 bytes, compression=lzss
	.bss: load addr=00002b30, load size=00000008 bytes, run addr=20002270, run size=00000058 bytes, compression=zero_init
	.vtable: load addr=00002b38, load size=00000008 bytes, run addr=20000000, run size=0000026c bytes, compression=zero_init


LINKER GENERATED HANDLER TABLE

__TI_handler_table @ 00002b20 records: 3, size/record: 4, table size: 12
	index: 0, handler: __TI_zero_init
	index: 1, handler: __TI_decompress_lzss
	index: 2, handler: __TI_decompress_none


GLOBAL SYMBOLS: SORTED ALPHABETICALLY BY Name 

address   name                          
-------   ----                          
000029f1  C$$EXIT                       
000029cb  CPUcpsie                      
0000299d  IntMasterEnable               
00002805  IntRegister                   
000029d7  ResetISR                      
00001789  UART1_Handler                 
20001270  __STACK_END                   
00001000  __STACK_SIZE                  
20000470  __STACK_TOP                   
00001000  __SYSMEM_SIZE                 
00002b40  __TI_CINIT_Base               
00002b58  __TI_CINIT_Limit              
00002b20  __TI_Handler_Table_Base       
00002b2c  __TI_Handler_Table_Limit      
00002741  __TI_auto_init_nobinit_nopinit
0000249d  __TI_decompress_lzss          
000029bd  __TI_decompress_none          
000025bf  __TI_ltoa                     
ffffffff  __TI_pprof_out_hndl           
0000026d  __TI_printfi                  
ffffffff  __TI_prof_data_size           
ffffffff  __TI_prof_data_start          
00000000  __TI_static_base__            
000028cb  __TI_zero_init_nomemset       
000022a9  __aeabi_cdcmpeq               
000022a9  __aeabi_cdcmple               
0000232f  __aeabi_cdrcmple              
000026b1  __aeabi_d2iz                  
00001847  __aeabi_dadd                  
00001b31  __aeabi_ddiv                  
00001fc9  __aeabi_dmul                  
0000183d  __aeabi_dsub                  
000029e5  __aeabi_errno_addr            
0000289d  __aeabi_i2d                   
00000cbb  __aeabi_idiv0                 
00000cbb  __aeabi_ldiv0                 
000023b5  __aeabi_memclr                
000023b5  __aeabi_memclr4               
000023b5  __aeabi_memclr8               
00002177  __aeabi_memcpy                
00002177  __aeabi_memcpy4               
00002177  __aeabi_memcpy8               
000023b7  __aeabi_memset                
000023b7  __aeabi_memset4               
000023b7  __aeabi_memset8               
00002213  __aeabi_uldivmod              
ffffffff  __binit__                     
ffffffff  __c_args__                    
UNDEFED   __mpu_init                    
20000270  __stack                       
20000000  __start___llvm_prf_cnts       
20000000  __stop___llvm_prf_cnts        
00002839  _c_int00_noargs               
000029f4  _ctypes_                      
200022e9  _running                      
20001270  _sys_memory                   
UNDEFED   _system_post_cinit            
000029ed  _system_pre_init              
200022c4  _timeout_ticks                
000029f1  abort                         
00002665  atoi                          
ffffffff  binit                         
200022dc  button                        
200022e0  command_byte                  
200022e4  command_flag                  
00002903  copysign                      
00002903  copysignl                     
200022d4  direction                     
200022ec  errno                         
00002505  frexp                         
00002505  frexpl                        
20000000  g_pfnRAMVectors               
00000000  g_pfnVectors                  
200022e8  input                         
000029ad  lcd_clear                     
00000e91  lcd_gotoLine                  
00000cf9  lcd_init                      
00000ef7  lcd_printf                    
00000db9  lcd_putc                      
00000df1  lcd_puts                      
00000cbd  lcd_reverseNibble             
00000e0f  lcd_sendCommand               
00000e4d  lcd_sendNibble                
00000eb9  lcd_setCursorPos              
00001eb9  ldexp                         
00001eb9  ldexpl                        
200022c8  leftVal                       
000026f9  main                          
000028e7  memccpy                       
00002177  memcpy                        
000023bd  memset                        
200022d8  moved                         
200022d0  newPos                        
200022cc  rightVal                      
00001eb9  scalbn                        
00001eb9  scalbnl                       
00001c69  servo_init                    
00001d11  servo_move                    
0000294d  strchr                        
00002935  strcmp                        
00002963  strcpy                        
00002977  strlen                        
00001373  timer_getMicros               
0000131b  timer_getMillis               
00001255  timer_init                    
000012f7  timer_pause                   
00001309  timer_resume                  
000012cd  timer_stop                    
000013cd  timer_waitMicros              
000013ff  timer_waitMillis              
0000166d  uart_interrupt_init           
0000173d  uart_receive                  
0000175d  uart_receive_nonblocking      
00001721  uart_sendChar                 
00001763  uart_sendStr                  
00002785  vsnprintf                     
0000298b  wcslen                        


GLOBAL SYMBOLS: SORTED BY Symbol Address 

address   name                          
-------   ----                          
00000000  __TI_static_base__            
00000000  g_pfnVectors                  
0000026d  __TI_printfi                  
00000cbb  __aeabi_idiv0                 
00000cbb  __aeabi_ldiv0                 
00000cbd  lcd_reverseNibble             
00000cf9  lcd_init                      
00000db9  lcd_putc                      
00000df1  lcd_puts                      
00000e0f  lcd_sendCommand               
00000e4d  lcd_sendNibble                
00000e91  lcd_gotoLine                  
00000eb9  lcd_setCursorPos              
00000ef7  lcd_printf                    
00001000  __STACK_SIZE                  
00001000  __SYSMEM_SIZE                 
00001255  timer_init                    
000012cd  timer_stop                    
000012f7  timer_pause                   
00001309  timer_resume                  
0000131b  timer_getMillis               
00001373  timer_getMicros               
000013cd  timer_waitMicros              
000013ff  timer_waitMillis              
0000166d  uart_interrupt_init           
00001721  uart_sendChar                 
0000173d  uart_receive                  
0000175d  uart_receive_nonblocking      
00001763  uart_sendStr                  
00001789  UART1_Handler                 
0000183d  __aeabi_dsub                  
00001847  __aeabi_dadd                  
00001b31  __aeabi_ddiv                  
00001c69  servo_init                    
00001d11  servo_move                    
00001eb9  ldexp                         
00001eb9  ldexpl                        
00001eb9  scalbn                        
00001eb9  scalbnl                       
00001fc9  __aeabi_dmul                  
00002177  __aeabi_memcpy                
00002177  __aeabi_memcpy4               
00002177  __aeabi_memcpy8               
00002177  memcpy                        
00002213  __aeabi_uldivmod              
000022a9  __aeabi_cdcmpeq               
000022a9  __aeabi_cdcmple               
0000232f  __aeabi_cdrcmple              
000023b5  __aeabi_memclr                
000023b5  __aeabi_memclr4               
000023b5  __aeabi_memclr8               
000023b7  __aeabi_memset                
000023b7  __aeabi_memset4               
000023b7  __aeabi_memset8               
000023bd  memset                        
0000249d  __TI_decompress_lzss          
00002505  frexp                         
00002505  frexpl                        
000025bf  __TI_ltoa                     
00002665  atoi                          
000026b1  __aeabi_d2iz                  
000026f9  main                          
00002741  __TI_auto_init_nobinit_nopinit
00002785  vsnprintf                     
00002805  IntRegister                   
00002839  _c_int00_noargs               
0000289d  __aeabi_i2d                   
000028cb  __TI_zero_init_nomemset       
000028e7  memccpy                       
00002903  copysign                      
00002903  copysignl                     
00002935  strcmp                        
0000294d  strchr                        
00002963  strcpy                        
00002977  strlen                        
0000298b  wcslen                        
0000299d  IntMasterEnable               
000029ad  lcd_clear                     
000029bd  __TI_decompress_none          
000029cb  CPUcpsie                      
000029d7  ResetISR                      
000029e5  __aeabi_errno_addr            
000029ed  _system_pre_init              
000029f1  C$$EXIT                       
000029f1  abort                         
000029f4  _ctypes_                      
00002b20  __TI_Handler_Table_Base       
00002b2c  __TI_Handler_Table_Limit      
00002b40  __TI_CINIT_Base               
00002b58  __TI_CINIT_Limit              
20000000  __start___llvm_prf_cnts       
20000000  __stop___llvm_prf_cnts        
20000000  g_pfnRAMVectors               
20000270  __stack                       
20000470  __STACK_TOP                   
20001270  __STACK_END                   
20001270  _sys_memory                   
200022c4  _timeout_ticks                
200022c8  leftVal                       
200022cc  rightVal                      
200022d0  newPos                        
200022d4  direction                     
200022d8  moved                         
200022dc  button                        
200022e0  command_byte                  
200022e4  command_flag                  
200022e8  input                         
200022e9  _running                      
200022ec  errno                         
ffffffff  __TI_pprof_out_hndl           
ffffffff  __TI_prof_data_size           
ffffffff  __TI_prof_data_start          
ffffffff  __binit__                     
ffffffff  __c_args__                    
ffffffff  binit                         
UNDEFED   __mpu_init                    
UNDEFED   _system_post_cinit            

[117 symbols]
