******************************************************************************
                  TI ARM Linker PC v20.2.7                     
******************************************************************************
>> Linked Thu Feb 20 18:43:24 2025

OUTPUT FILE NAME:   <Lab3.out>
ENTRY POINT SYMBOL: "_c_int00_noargs"  address: 00003fcd


MEMORY CONFIGURATION

         name            origin    length      used     unused   attr    fill
----------------------  --------  ---------  --------  --------  ----  --------
  FLASH                 00000000   00040000  000043aa  0003bc56  R  X
  SRAM                  20000000   00008000  00002366  00005c9a  RW X


SEGMENT ALLOCATION MAP

run origin  load origin   length   init length attrs members
----------  ----------- ---------- ----------- ----- -------
00000000    00000000    000043b0   000043b0    r-x
  00000000    00000000    0000026c   0000026c    r-- .intvecs
  0000026c    0000026c    00003fa4   00003fa4    r-x .text
  00004210    00004210    0000014a   0000014a    r-- .const
  00004360    00004360    00000050   00000050    r-- .cinit
20000000    20000000    0000236d   00000000    rw-
  20000000    20000000    0000026c   00000000    rw- .vtable
  20000270    20000270    00001000   00000000    rw- .stack
  20001270    20001270    00001000   00000000    rw- .sysmem
  20002270    20002270    000000bd   00000000    rw- .bss
  20002330    20002330    0000003d   00000000    rw- .data


SECTION ALLOCATION MAP

 output                                  attributes/
section   page    origin      length       input sections
--------  ----  ----------  ----------   ----------------
.intvecs   0    00000000    0000026c     
                  00000000    0000026c     tm4c123gh6pm_startup_ccs.obj (.intvecs)

.text      0    0000026c    00003fa4     
                  0000026c    00000c20     open_interface.obj (.text)
                  00000e8c    00000a4e     rtsv7M4_T_le_v4SPD16_eabi.lib : _printfi.c.obj (.text:__TI_printfi)
                  000018da    00000002                                   : _lock.c.obj (.text:_nop)
                  000018dc    0000032c     main.obj (.text)
                  00001c08    00000328     lcd.obj (.text)
                  00001f30    00000270     rtsv7M4_T_le_v4SPD16_eabi.lib : _printfi.c.obj (.text:_pconv_a)
                  000021a0    00000260     libcybotScan.lib : cyBot_Scan.obj (.text)
                  00002400    00000248     Timer.obj (.text)
                  00002648    000001ec     libcybotScan.lib : ping.obj (.text)
                  00002834    000001d0     rtsv7M4_T_le_v4SPD16_eabi.lib : _printfi.c.obj (.text:_pconv_g)
                  00002a04    000001b6                                   : fd_add_t2.asm.obj (.text)
                  00002bba    00000002                                   : div0.asm.obj (.text)
                  00002bbc    0000015c     libcybotUART.lib : uart.obj (.text)
                  00002d18    00000158     libcybotScan.lib : servo.obj (.text)
                  00002e70    0000013c     rtsv7M4_T_le_v4SPD16_eabi.lib : _printfi.c.obj (.text:_pconv_e)
                  00002fac    00000136                                   : fd_div_t2.asm.obj (.text)
                  000030e2    00000002     --HOLE-- [fill = 0]
                  000030e4    00000124                                   : _printfi.c.obj (.text:fcvt)
                  00003208    00000118     libcybotScan.lib : ir.obj (.text)
                  00003320    00000110     rtsv7M4_T_le_v4SPD16_eabi.lib : s_scalbn.c.obj (.text:scalbn)
                  00003430    00000100                                   : memory.c.obj (.text:aligned_alloc)
                  00003530    000000fc                                   : fd_mul_t2.asm.obj (.text)
                  0000362c    000000e4                                   : memory.c.obj (.text:free)
                  00003710    000000b1                                   : _printfi.c.obj (.text:_ltostr)
                  000037c1    00000001     --HOLE-- [fill = 0]
                  000037c2    0000009c                                   : memcpy_t2.asm.obj (.text)
                  0000385e    00000096                                   : ull_div_t2.asm.obj (.text)
                  000038f4    00000086                                   : fd_cmp_t2.asm.obj (.text:__aeabi_cdcmple)
                  0000397a    00000086                                   : fd_cmp_t2.asm.obj (.text:__aeabi_cdrcmple)
                  00003a00    0000007a                                   : memset_t2.asm.obj (.text)
                  00003a7a    00000002     --HOLE-- [fill = 0]
                  00003a7c    00000070                                   : memory.c.obj (.text:split)
                  00003aec    0000006e                                   : _printfi.c.obj (.text:_mcpy)
                  00003b5a    0000006e                                   : fd_tos_t2.asm.obj (.text)
                  00003bc8    00000068                                   : copy_decompress_lzss.c.obj (.text:decompress:lzss:__TI_decompress_lzss)
                  00003c30    00000064                                   : s_frexp.c.obj (.text:frexp)
                  00003c94    00000056                                   : _printfi.c.obj (.text:_pconv_f)
                  00003cea    00000054                                   : _ltoa.c.obj (.text:__TI_ltoa)
                  00003d3e    00000052                                   : _printfi.c.obj (.text:_ecpy)
                  00003d90    0000004c                                   : atoi.c.obj (.text:atoi)
                  00003ddc    00000048                                   : fd_toi_t2.asm.obj (.text)
                  00003e24    00000044                                   : autoinit.c.obj (.text:__TI_auto_init_nobinit_nopinit:__TI_auto_init_nobinit_nopinit)
                  00003e68    00000040                                   : sprintf.c.obj (.text:sprintf)
                  00003ea8    00000040                                   : vsnprintf.c.obj (.text:vsnprintf)
                  00003ee8    0000003e                                   : _printfi.c.obj (.text:_fcpy)
                  00003f26    00000002     --HOLE-- [fill = 0]
                  00003f28    00000038                                   : memory.c.obj (.text:calloc)
                  00003f60    00000038                                   : fs_tod_t2.asm.obj (.text)
                  00003f98    00000034     driverlib.lib : interrupt.obj (.text:IntRegister)
                  00003fcc    00000034     rtsv7M4_T_le_v4SPD16_eabi.lib : boot_cortex_m.c.obj (.text:_c_int00_noargs:_c_int00_noargs)
                  00004000    00000030                                   : vsnprintf.c.obj (.text:_outs)
                  00004030    0000002e                                   : i_tofd_t2.asm.obj (.text)
                  0000405e    00000002     --HOLE-- [fill = 0]
                  00004060    00000028                                   : memory.c.obj (.text:free_list_insert)
                  00004088    0000001c                                   : copy_zero_init.c.obj (.text:decompress:ZI:__TI_zero_init_nomemset:__TI_zero_init_nomemset)
                  000040a4    0000001c                                   : memory.c.obj (.text:free_list_remove)
                  000040c0    0000001c                                   : memccpy.c.obj (.text:memccpy)
                  000040dc    0000001a                                   : s_copysign.c.obj (.text:copysign)
                  000040f6    00000018                                   : vsnprintf.c.obj (.text:_outc)
                  0000410e    00000018                                   : sprintf.c.obj (.text:_outs)
                  00004126    00000018     open_interface.obj (.text:oi_parseInt)
                  0000413e    00000018     rtsv7M4_T_le_v4SPD16_eabi.lib : strcmp.c.obj (.text:strcmp)
                  00004156    00000016                                   : strchr.c.obj (.text:strchr)
                  0000416c    00000014                                   : strcpy.c.obj (.text:strcpy)
                  00004180    00000014                                   : strlen.c.obj (.text:strlen)
                  00004194    00000012                                   : wcslen.c.obj (.text:wcslen)
                  000041a6    00000010     driverlib.lib : interrupt.obj (.text:IntMasterEnable)
                  000041b6    00000010     lcd.obj (.text:lcd_clear)
                  000041c6    0000000e     rtsv7M4_T_le_v4SPD16_eabi.lib : copy_decompress_none.c.obj (.text:decompress:none:__TI_decompress_none)
                  000041d4    0000000c     driverlib.lib : cpu.obj (.text:CPUcpsie)
                  000041e0    0000000c     tm4c123gh6pm_startup_ccs.obj (.text)
                  000041ec    0000000a     rtsv7M4_T_le_v4SPD16_eabi.lib : sprintf.c.obj (.text:_outc)
                  000041f6    00000002     --HOLE-- [fill = 0]
                  000041f8    00000008                                   : errno.c.obj (.text:__aeabi_errno_addr)
                  00004200    00000008                                   : memory.c.obj (.text:malloc)
                  00004208    00000004                                   : pre_init.c.obj (.text:_system_pre_init)
                  0000420c    00000004                                   : exit.c.obj (.text:abort:abort)

.const     0    00004210    0000014a     
                  00004210    00000101     rtsv7M4_T_le_v4SPD16_eabi.lib : ctype.c.obj (.const:.string:_ctypes_)
                  00004311    00000028     main.obj (.const:.string:$P$T0$1)
                  00004339    0000000f     open_interface.obj (.const:.string:$P$T0$3)
                  00004348    00000005     main.obj (.const:.string:$P$T1$2)
                  0000434d    00000005     main.obj (.const:.string:$P$T2$3)
                  00004352    00000004     lcd.obj (.const:.string:lineAddress$1)
                  00004356    00000004     lcd.obj (.const:.string:lineAddresses$2)

.cinit     0    00004360    00000050     
                  00004360    00000019     (.cinit..data.load) [load image, compression = lzss]
                  00004379    00000003     --HOLE-- [fill = 0]
                  0000437c    0000000c     (__TI_handler_table)
                  00004388    00000008     (.cinit..bss.load) [load image, compression = zero_init]
                  00004390    00000008     (.cinit..vtable.load) [load image, compression = zero_init]
                  00004398    00000018     (__TI_cinit_table)

.init_array 
*          0    00000000    00000000     UNINITIALIZED

.vtable    0    20000000    0000026c     UNINITIALIZED
                  20000000    0000026c     driverlib.lib : interrupt.obj (.vtable)

.stack     0    20000270    00001000     UNINITIALIZED
                  20000270    00000004     rtsv7M4_T_le_v4SPD16_eabi.lib : boot_cortex_m.c.obj (.stack)
                  20000274    00000ffc     --HOLE--

.sysmem    0    20001270    00001000     UNINITIALIZED
                  20001270    00000010     rtsv7M4_T_le_v4SPD16_eabi.lib : memory.c.obj (.sysmem)
                  20001280    00000ff0     --HOLE--

.bss       0    20002270    000000bd     UNINITIALIZED
                  20002270    00000054     lcd.obj (.bss:lastbuffer$3)
                  200022c4    00000034     (.common:isr_char_buffer)
                  200022f8    00000018     open_interface.obj (.bss:firmware$2)
                  20002310    00000004     (.common:_timeout_ticks)
                  20002314    00000004     (.common:fallingEdge)
                  20002318    00000004     (.common:isr_int_value)
                  2000231c    00000004     (.common:left_calibration_value)
                  20002320    00000004     (.common:pulseLength)
                  20002324    00000004     (.common:right_calibration_value)
                  20002328    00000004     (.common:risingEdge)
                  2000232c    00000001     (.common:isRisingEdge)

.data      0    20002330    0000003d     UNINITIALIZED
                  20002330    00000020     open_interface.obj (.data)
                  20002350    00000008     rtsv7M4_T_le_v4SPD16_eabi.lib : _lock.c.obj (.data:$O1$$)
                  20002358    00000008                                   : memory.c.obj (.data:$O1$$)
                  20002360    00000004     libcybotScan.lib : cyBot_Scan.obj (.data)
                  20002364    00000004     libcybotUART.lib : uart.obj (.data)
                  20002368    00000004     rtsv7M4_T_le_v4SPD16_eabi.lib : errno.c.obj (.data)
                  2000236c    00000001     Timer.obj (.data)

__llvm_prf_cnts 
*          0    20000000    00000000     UNINITIALIZED

MODULE SUMMARY

       Module                         code    ro data   rw data
       ------                         ----    -------   -------
    .\
       open_interface.obj             3128    15        56     
       lcd.obj                        824     8         84     
       main.obj                       812     50        8      
       tm4c123gh6pm_startup_ccs.obj   12      620       0      
       Timer.obj                      584     0         5      
    +--+------------------------------+-------+---------+---------+
       Total:                         5360    693       153    
                                                               
    ../libcybotScan.lib
       cyBot_Scan.obj                 608     0         4      
       ping.obj                       492     0         13     
       servo.obj                      344     0         0      
       ir.obj                         280     0         4      
    +--+------------------------------+-------+---------+---------+
       Total:                         1724    0         21     
                                                               
    ../libcybotUART.lib
       uart.obj                       348     0         56     
    +--+------------------------------+-------+---------+---------+
       Total:                         348     0         56     
                                                               
    C:/ti/TivaWare_C_Series-2.2.0.295/driverlib/ccs/Debug/driverlib.lib
       interrupt.obj                  68      0         620    
       cpu.obj                        12      0         0      
    +--+------------------------------+-------+---------+---------+
       Total:                         80      0         620    
                                                               
    C:\ti\ccs1271\ccs\tools\compiler\ti-cgt-arm_20.2.7.LTS\lib\rtsv7M4_T_le_v4SPD16_eabi.lib
       _printfi.c.obj                 4851    0         0      
       memory.c.obj                   728     0         8      
       fd_add_t2.asm.obj              438     0         0      
       fd_div_t2.asm.obj              310     0         0      
       s_scalbn.c.obj                 272     0         0      
       fd_cmp_t2.asm.obj              268     0         0      
       ctype.c.obj                    0       257       0      
       fd_mul_t2.asm.obj              252     0         0      
       memcpy_t2.asm.obj              156     0         0      
       ull_div_t2.asm.obj             150     0         0      
       vsnprintf.c.obj                136     0         0      
       memset_t2.asm.obj              122     0         0      
       fd_tos_t2.asm.obj              110     0         0      
       copy_decompress_lzss.c.obj     104     0         0      
       s_frexp.c.obj                  100     0         0      
       sprintf.c.obj                  98      0         0      
       _ltoa.c.obj                    84      0         0      
       atoi.c.obj                     76      0         0      
       fd_toi_t2.asm.obj              72      0         0      
       autoinit.c.obj                 68      0         0      
       fs_tod_t2.asm.obj              56      0         0      
       boot_cortex_m.c.obj            52      0         0      
       i_tofd_t2.asm.obj              46      0         0      
       copy_zero_init.c.obj           28      0         0      
       memccpy.c.obj                  28      0         0      
       s_copysign.c.obj               26      0         0      
       strcmp.c.obj                   24      0         0      
       strchr.c.obj                   22      0         0      
       strcpy.c.obj                   20      0         0      
       strlen.c.obj                   20      0         0      
       wcslen.c.obj                   18      0         0      
       copy_decompress_none.c.obj     14      0         0      
       errno.c.obj                    8       0         4      
       _lock.c.obj                    2       0         8      
       exit.c.obj                     4       0         0      
       pre_init.c.obj                 4       0         0      
       div0.asm.obj                   2       0         0      
    +--+------------------------------+-------+---------+---------+
       Total:                         8769    257       20     
                                                               
       Heap:                          0       0         4096   
       Stack:                         0       0         4096   
       Linker Generated:              0       77        0      
    +--+------------------------------+-------+---------+---------+
       Grand Total:                   16281   1027      9062   


LINKER GENERATED COPY TABLES

__TI_cinit_table @ 00004398 records: 3, size/record: 8, table size: 24
	.data: load addr=00004360, load size=00000019 bytes, run addr=20002330, run size=0000003d bytes, compression=lzss
	.bss: load addr=00004388, load size=00000008 bytes, run addr=20002270, run size=000000bd bytes, compression=zero_init
	.vtable: load addr=00004390, load size=00000008 bytes, run addr=20000000, run size=0000026c bytes, compression=zero_init


LINKER GENERATED HANDLER TABLE

__TI_handler_table @ 0000437c records: 3, size/record: 4, table size: 12
	index: 0, handler: __TI_zero_init
	index: 1, handler: __TI_decompress_lzss
	index: 2, handler: __TI_decompress_none


GLOBAL SYMBOLS: SORTED ALPHABETICALLY BY Name 

address   name                          
-------   ----                          
000032a1  ADC0SS0_Handler               
0000420d  C$$EXIT                       
000041d5  CPUcpsie                      
00000bc3  GPIOF_Handler                 
000041a7  IntMasterEnable               
00003f99  IntRegister                   
000041e1  ResetISR                      
00002739  TIMER3B_Handler               
20001270  __STACK_END                   
00001000  __STACK_SIZE                  
20000470  __STACK_TOP                   
00001000  __SYSMEM_SIZE                 
00004398  __TI_CINIT_Base               
000043b0  __TI_CINIT_Limit              
0000437c  __TI_Handler_Table_Base       
00004388  __TI_Handler_Table_Limit      
00003e25  __TI_auto_init_nobinit_nopinit
00003bc9  __TI_decompress_lzss          
000041c7  __TI_decompress_none          
00003ceb  __TI_ltoa                     
ffffffff  __TI_pprof_out_hndl           
00000e8d  __TI_printfi                  
ffffffff  __TI_prof_data_size           
ffffffff  __TI_prof_data_start          
00000000  __TI_static_base__            
00004089  __TI_zero_init_nomemset       
000038f5  __aeabi_cdcmpeq               
000038f5  __aeabi_cdcmple               
0000397b  __aeabi_cdrcmple              
00003b5b  __aeabi_d2f                   
00003ddd  __aeabi_d2iz                  
00002a0f  __aeabi_dadd                  
00002fad  __aeabi_ddiv                  
00003531  __aeabi_dmul                  
00002a05  __aeabi_dsub                  
000041f9  __aeabi_errno_addr            
00003f61  __aeabi_f2d                   
00004031  __aeabi_i2d                   
00002bbb  __aeabi_idiv0                 
00002bbb  __aeabi_ldiv0                 
00003a01  __aeabi_memclr                
00003a01  __aeabi_memclr4               
00003a01  __aeabi_memclr8               
000037c3  __aeabi_memcpy                
000037c3  __aeabi_memcpy4               
000037c3  __aeabi_memcpy8               
00003a03  __aeabi_memset                
00003a03  __aeabi_memset4               
00003a03  __aeabi_memset8               
0000385f  __aeabi_uldivmod              
ffffffff  __binit__                     
ffffffff  __c_args__                    
UNDEFED   __mpu_init                    
20000270  __stack                       
20000000  __start___llvm_prf_cnts       
20000000  __stop___llvm_prf_cnts        
00003fcd  _c_int00_noargs               
00004210  _ctypes_                      
20002350  _lock                         
000018db  _nop                          
2000236c  _running                      
20001270  _sys_memory                   
UNDEFED   _system_post_cinit            
00004209  _system_pre_init              
20002310  _timeout_ticks                
20002354  _unlock                       
0000420d  abort                         
00003431  aligned_alloc                 
00003d91  atoi                          
ffffffff  binit                         
00003f29  calloc                        
000040dd  copysign                      
000040dd  copysignl                     
00002279  cyBOT_SERVO_cal               
00002207  cyBOT_Scan                    
000021af  cyBOT_init_Scan               
20002360  cyBOT_scan_features           
000021a1  cyBOT_scan_version            
00002cc5  cyBot_UART1_Handler           
00002cab  cyBot_getByte                 
00002bbd  cyBot_sendByte                
00002c8d  cyBot_uart_flush              
00002bfb  cyBot_uart_init               
00002be3  cyBot_uart_sendBuffer         
00002bc9  cyBot_uart_sendStr            
20002368  errno                         
20002314  fallingEdge                   
0000362d  free                          
00003c31  frexp                         
00003c31  frexpl                        
20000000  g_pfnRAMVectors               
00000000  g_pfnVectors                  
0000097f  go_charge                     
000032b7  ir_enableInterrupt            
00003299  ir_getDistance                
00003271  ir_getValue                   
00003209  ir_init                       
2000232c  isRisingEdge                  
200022c4  isr_char_buffer               
20002364  isr_counter                   
20002318  isr_int_value                 
000041b7  lcd_clear                     
00001ddd  lcd_gotoLine                  
00001c45  lcd_init                      
00001e43  lcd_printf                    
00001d05  lcd_putc                      
00001d3d  lcd_puts                      
00001c09  lcd_reverseNibble             
00001d5b  lcd_sendCommand               
00001d99  lcd_sendNibble                
00001e05  lcd_setCursorPos              
00003321  ldexp                         
00003321  ldexpl                        
2000231c  left_calibration_value        
000018dd  main                          
00004201  malloc                        
00003431  memalign                      
000040c1  memccpy                       
000037c3  memcpy                        
00003a09  memset                        
20002330  motor_cal_factor_L            
20002334  motor_cal_factor_R            
0000026d  oi_alloc                      
00000aa9  oi_checkFirmware              
000002c7  oi_close                      
00000279  oi_free                       
00000ded  oi_getMotorCalibrationLeft    
00000e01  oi_getMotorCalibrationRight   
000002b1  oi_init                       
00000289  oi_init_noupdate              
00000915  oi_loadSong                   
00004127  oi_parseInt                   
0000032b  oi_parsePacket                
0000096b  oi_play_song                  
0000084b  oi_setLeds                    
00000db1  oi_setMotorCalibration        
0000088f  oi_setWheels                  
00000b51  oi_shutoff_init               
0000098d  oi_uartInit                   
00000a31  oi_uartReceive                
00000a77  oi_uartSendBuff               
00000a15  oi_uartSendChar               
00000a59  oi_uartSendStr                
000002d9  oi_update                     
0000278b  ping_getDistance              
00002649  ping_init                     
000026cf  ping_trigger                  
20002320  pulseLength                   
20002324  right_calibration_value       
20002328  risingEdge                    
00003321  scalbn                        
00003321  scalbnl                       
00002d19  servo_init                    
00002da9  servo_move                    
00002e09  servo_setPWM                  
00002d9d  servo_stop                    
00003e69  sprintf                       
00004157  strchr                        
0000413f  strcmp                        
0000416d  strcpy                        
00004181  strlen                        
0000251f  timer_getMicros               
000024c7  timer_getMillis               
00002401  timer_init                    
000024a3  timer_pause                   
000024b5  timer_resume                  
00002479  timer_stop                    
00002579  timer_waitMicros              
000025ab  timer_waitMillis              
00003ea9  vsnprintf                     
00004195  wcslen                        


GLOBAL SYMBOLS: SORTED BY Symbol Address 

address   name                          
-------   ----                          
00000000  __TI_static_base__            
00000000  g_pfnVectors                  
0000026d  oi_alloc                      
00000279  oi_free                       
00000289  oi_init_noupdate              
000002b1  oi_init                       
000002c7  oi_close                      
000002d9  oi_update                     
0000032b  oi_parsePacket                
0000084b  oi_setLeds                    
0000088f  oi_setWheels                  
00000915  oi_loadSong                   
0000096b  oi_play_song                  
0000097f  go_charge                     
0000098d  oi_uartInit                   
00000a15  oi_uartSendChar               
00000a31  oi_uartReceive                
00000a59  oi_uartSendStr                
00000a77  oi_uartSendBuff               
00000aa9  oi_checkFirmware              
00000b51  oi_shutoff_init               
00000bc3  GPIOF_Handler                 
00000db1  oi_setMotorCalibration        
00000ded  oi_getMotorCalibrationLeft    
00000e01  oi_getMotorCalibrationRight   
00000e8d  __TI_printfi                  
00001000  __STACK_SIZE                  
00001000  __SYSMEM_SIZE                 
000018db  _nop                          
000018dd  main                          
00001c09  lcd_reverseNibble             
00001c45  lcd_init                      
00001d05  lcd_putc                      
00001d3d  lcd_puts                      
00001d5b  lcd_sendCommand               
00001d99  lcd_sendNibble                
00001ddd  lcd_gotoLine                  
00001e05  lcd_setCursorPos              
00001e43  lcd_printf                    
000021a1  cyBOT_scan_version            
000021af  cyBOT_init_Scan               
00002207  cyBOT_Scan                    
00002279  cyBOT_SERVO_cal               
00002401  timer_init                    
00002479  timer_stop                    
000024a3  timer_pause                   
000024b5  timer_resume                  
000024c7  timer_getMillis               
0000251f  timer_getMicros               
00002579  timer_waitMicros              
000025ab  timer_waitMillis              
00002649  ping_init                     
000026cf  ping_trigger                  
00002739  TIMER3B_Handler               
0000278b  ping_getDistance              
00002a05  __aeabi_dsub                  
00002a0f  __aeabi_dadd                  
00002bbb  __aeabi_idiv0                 
00002bbb  __aeabi_ldiv0                 
00002bbd  cyBot_sendByte                
00002bc9  cyBot_uart_sendStr            
00002be3  cyBot_uart_sendBuffer         
00002bfb  cyBot_uart_init               
00002c8d  cyBot_uart_flush              
00002cab  cyBot_getByte                 
00002cc5  cyBot_UART1_Handler           
00002d19  servo_init                    
00002d9d  servo_stop                    
00002da9  servo_move                    
00002e09  servo_setPWM                  
00002fad  __aeabi_ddiv                  
00003209  ir_init                       
00003271  ir_getValue                   
00003299  ir_getDistance                
000032a1  ADC0SS0_Handler               
000032b7  ir_enableInterrupt            
00003321  ldexp                         
00003321  ldexpl                        
00003321  scalbn                        
00003321  scalbnl                       
00003431  aligned_alloc                 
00003431  memalign                      
00003531  __aeabi_dmul                  
0000362d  free                          
000037c3  __aeabi_memcpy                
000037c3  __aeabi_memcpy4               
000037c3  __aeabi_memcpy8               
000037c3  memcpy                        
0000385f  __aeabi_uldivmod              
000038f5  __aeabi_cdcmpeq               
000038f5  __aeabi_cdcmple               
0000397b  __aeabi_cdrcmple              
00003a01  __aeabi_memclr                
00003a01  __aeabi_memclr4               
00003a01  __aeabi_memclr8               
00003a03  __aeabi_memset                
00003a03  __aeabi_memset4               
00003a03  __aeabi_memset8               
00003a09  memset                        
00003b5b  __aeabi_d2f                   
00003bc9  __TI_decompress_lzss          
00003c31  frexp                         
00003c31  frexpl                        
00003ceb  __TI_ltoa                     
00003d91  atoi                          
00003ddd  __aeabi_d2iz                  
00003e25  __TI_auto_init_nobinit_nopinit
00003e69  sprintf                       
00003ea9  vsnprintf                     
00003f29  calloc                        
00003f61  __aeabi_f2d                   
00003f99  IntRegister                   
00003fcd  _c_int00_noargs               
00004031  __aeabi_i2d                   
00004089  __TI_zero_init_nomemset       
000040c1  memccpy                       
000040dd  copysign                      
000040dd  copysignl                     
00004127  oi_parseInt                   
0000413f  strcmp                        
00004157  strchr                        
0000416d  strcpy                        
00004181  strlen                        
00004195  wcslen                        
000041a7  IntMasterEnable               
000041b7  lcd_clear                     
000041c7  __TI_decompress_none          
000041d5  CPUcpsie                      
000041e1  ResetISR                      
000041f9  __aeabi_errno_addr            
00004201  malloc                        
00004209  _system_pre_init              
0000420d  C$$EXIT                       
0000420d  abort                         
00004210  _ctypes_                      
0000437c  __TI_Handler_Table_Base       
00004388  __TI_Handler_Table_Limit      
00004398  __TI_CINIT_Base               
000043b0  __TI_CINIT_Limit              
20000000  __start___llvm_prf_cnts       
20000000  __stop___llvm_prf_cnts        
20000000  g_pfnRAMVectors               
20000270  __stack                       
20000470  __STACK_TOP                   
20001270  __STACK_END                   
20001270  _sys_memory                   
200022c4  isr_char_buffer               
20002310  _timeout_ticks                
20002314  fallingEdge                   
20002318  isr_int_value                 
2000231c  left_calibration_value        
20002320  pulseLength                   
20002324  right_calibration_value       
20002328  risingEdge                    
2000232c  isRisingEdge                  
20002330  motor_cal_factor_L            
20002334  motor_cal_factor_R            
20002350  _lock                         
20002354  _unlock                       
20002360  cyBOT_scan_features           
20002364  isr_counter                   
20002368  errno                         
2000236c  _running                      
ffffffff  __TI_pprof_out_hndl           
ffffffff  __TI_prof_data_size           
ffffffff  __TI_prof_data_start          
ffffffff  __binit__                     
ffffffff  __c_args__                    
ffffffff  binit                         
UNDEFED   __mpu_init                    
UNDEFED   _system_post_cinit            

[171 symbols]
