******************************************************************************
                  TI ARM Linker PC v20.2.7                     
******************************************************************************
>> Linked Thu Mar 13 17:10:02 2025

OUTPUT FILE NAME:   <Lab6.out>
ENTRY POINT SYMBOL: "_c_int00_noargs"  address: 00002e15


MEMORY CONFIGURATION

         name            origin    length      used     unused   attr    fill
----------------------  --------  ---------  --------  --------  ----  --------
  FLASH                 00000000   00040000  00003119  0003cee7  R  X
  SRAM                  20000000   00008000  000022f1  00005d0f  RW X


SEGMENT ALLOCATION MAP

run origin  load origin   length   init length attrs members
----------  ----------- ---------- ----------- ----- -------
00000000    00000000    00003120   00003120    r-x
  00000000    00000000    0000026c   0000026c    r-- .intvecs
  0000026c    0000026c    00002d64   00002d64    r-x .text
  00002fd0    00002fd0    00000109   00000109    r-- .const
  000030e0    000030e0    00000040   00000040    r-- .cinit
20000000    20000000    000022f8   00000000    rw-
  20000000    20000000    0000026c   00000000    rw- .vtable
  20000270    20000270    00001000   00000000    rw- .stack
  20001270    20001270    00001000   00000000    rw- .sysmem
  20002270    20002270    00000071   00000000    rw- .bss
  200022e4    200022e4    00000014   00000000    rw- .data


SECTION ALLOCATION MAP

 output                                  attributes/
section   page    origin      length       input sections
--------  ----  ----------  ----------   ----------------
.intvecs   0    00000000    0000026c     
                  00000000    0000026c     tm4c123gh6pm_startup_ccs.obj (.intvecs)

.text      0    0000026c    00002d64     
                  0000026c    00000a4e     rtsv7M4_T_le_v4SPD16_eabi.lib : _printfi.c.obj (.text:__TI_printfi)
                  00000cba    00000002                                   : div0.asm.obj (.text)
                  00000cbc    00000328     lcd.obj (.text)
                  00000fe4    00000270     rtsv7M4_T_le_v4SPD16_eabi.lib : _printfi.c.obj (.text:_pconv_a)
                  00001254    00000260     libcybotScan.lib : cyBot_Scan.obj (.text)
                  000014b4    00000248     Timer.obj (.text)
                  000016fc    000001ec     libcybotScan.lib : ping.obj (.text)
                  000018e8    000001d0     rtsv7M4_T_le_v4SPD16_eabi.lib : _printfi.c.obj (.text:_pconv_g)
                  00001ab8    000001d0     uart-interrupt.obj (.text)
                  00001c88    000001b6     rtsv7M4_T_le_v4SPD16_eabi.lib : fd_add_t2.asm.obj (.text)
                  00001e3e    00000002     --HOLE-- [fill = 0]
                  00001e40    00000158     libcybotScan.lib : servo.obj (.text)
                  00001f98    0000013c     rtsv7M4_T_le_v4SPD16_eabi.lib : _printfi.c.obj (.text:_pconv_e)
                  000020d4    00000136                                   : fd_div_t2.asm.obj (.text)
                  0000220a    00000002     --HOLE-- [fill = 0]
                  0000220c    00000124                                   : _printfi.c.obj (.text:fcvt)
                  00002330    00000118     libcybotScan.lib : ir.obj (.text)
                  00002448    00000110     rtsv7M4_T_le_v4SPD16_eabi.lib : s_scalbn.c.obj (.text:scalbn)
                  00002558    000000fc                                   : fd_mul_t2.asm.obj (.text)
                  00002654    000000b1                                   : _printfi.c.obj (.text:_ltostr)
                  00002705    00000001     --HOLE-- [fill = 0]
                  00002706    0000009c                                   : memcpy_t2.asm.obj (.text)
                  000027a2    00000096                                   : ull_div_t2.asm.obj (.text)
                  00002838    00000094     main.obj (.text)
                  000028cc    00000086     rtsv7M4_T_le_v4SPD16_eabi.lib : fd_cmp_t2.asm.obj (.text:__aeabi_cdcmple)
                  00002952    00000086                                   : fd_cmp_t2.asm.obj (.text:__aeabi_cdrcmple)
                  000029d8    0000007a                                   : memset_t2.asm.obj (.text)
                  00002a52    0000006e                                   : _printfi.c.obj (.text:_mcpy)
                  00002ac0    00000068                                   : copy_decompress_lzss.c.obj (.text:decompress:lzss:__TI_decompress_lzss)
                  00002b28    00000064                                   : s_frexp.c.obj (.text:frexp)
                  00002b8c    00000056                                   : _printfi.c.obj (.text:_pconv_f)
                  00002be2    00000054                                   : _ltoa.c.obj (.text:__TI_ltoa)
                  00002c36    00000052                                   : _printfi.c.obj (.text:_ecpy)
                  00002c88    0000004c                                   : atoi.c.obj (.text:atoi)
                  00002cd4    00000048                                   : fd_toi_t2.asm.obj (.text)
                  00002d1c    00000044                                   : autoinit.c.obj (.text:__TI_auto_init_nobinit_nopinit:__TI_auto_init_nobinit_nopinit)
                  00002d60    00000040                                   : vsnprintf.c.obj (.text:vsnprintf)
                  00002da0    0000003e                                   : _printfi.c.obj (.text:_fcpy)
                  00002dde    00000002     --HOLE-- [fill = 0]
                  00002de0    00000034     driverlib.lib : interrupt.obj (.text:IntRegister)
                  00002e14    00000034     rtsv7M4_T_le_v4SPD16_eabi.lib : boot_cortex_m.c.obj (.text:_c_int00_noargs:_c_int00_noargs)
                  00002e48    00000030                                   : vsnprintf.c.obj (.text:_outs)
                  00002e78    0000002e                                   : i_tofd_t2.asm.obj (.text)
                  00002ea6    0000001c                                   : copy_zero_init.c.obj (.text:decompress:ZI:__TI_zero_init_nomemset:__TI_zero_init_nomemset)
                  00002ec2    0000001c                                   : memccpy.c.obj (.text:memccpy)
                  00002ede    0000001a                                   : s_copysign.c.obj (.text:copysign)
                  00002ef8    00000018                                   : vsnprintf.c.obj (.text:_outc)
                  00002f10    00000018                                   : strcmp.c.obj (.text:strcmp)
                  00002f28    00000016                                   : strchr.c.obj (.text:strchr)
                  00002f3e    00000014                                   : strcpy.c.obj (.text:strcpy)
                  00002f52    00000014                                   : strlen.c.obj (.text:strlen)
                  00002f66    00000012                                   : wcslen.c.obj (.text:wcslen)
                  00002f78    00000010     driverlib.lib : interrupt.obj (.text:IntMasterEnable)
                  00002f88    00000010     lcd.obj (.text:lcd_clear)
                  00002f98    0000000e     rtsv7M4_T_le_v4SPD16_eabi.lib : copy_decompress_none.c.obj (.text:decompress:none:__TI_decompress_none)
                  00002fa6    0000000c     driverlib.lib : cpu.obj (.text:CPUcpsie)
                  00002fb2    0000000c     tm4c123gh6pm_startup_ccs.obj (.text)
                  00002fbe    00000002     --HOLE-- [fill = 0]
                  00002fc0    00000008     rtsv7M4_T_le_v4SPD16_eabi.lib : errno.c.obj (.text:__aeabi_errno_addr)
                  00002fc8    00000004                                   : pre_init.c.obj (.text:_system_pre_init)
                  00002fcc    00000004                                   : exit.c.obj (.text:abort:abort)

.const     0    00002fd0    00000109     
                  00002fd0    00000101     rtsv7M4_T_le_v4SPD16_eabi.lib : ctype.c.obj (.const:.string:_ctypes_)
                  000030d1    00000004     lcd.obj (.const:.string:lineAddress$1)
                  000030d5    00000004     lcd.obj (.const:.string:lineAddresses$2)

.cinit     0    000030e0    00000040     
                  000030e0    0000000c     (__TI_handler_table)
                  000030ec    0000000b     (.cinit..data.load) [load image, compression = lzss]
                  000030f7    00000001     --HOLE-- [fill = 0]
                  000030f8    00000008     (.cinit..bss.load) [load image, compression = zero_init]
                  00003100    00000008     (.cinit..vtable.load) [load image, compression = zero_init]
                  00003108    00000018     (__TI_cinit_table)

.init_array 
*          0    00000000    00000000     UNINITIALIZED

.vtable    0    20000000    0000026c     UNINITIALIZED
                  20000000    0000026c     driverlib.lib : interrupt.obj (.vtable)

.stack     0    20000270    00001000     UNINITIALIZED
                  20000270    00000004     rtsv7M4_T_le_v4SPD16_eabi.lib : boot_cortex_m.c.obj (.stack)
                  20000274    00000ffc     --HOLE--

.sysmem    0    20001270    00001000     UNINITIALIZED
                  20001270    00000010     rtsv7M4_T_le_v4SPD16_eabi.lib : memory.c.obj (.sysmem)
                  20001280    00000ff0     --HOLE--

.bss       0    20002270    00000071     UNINITIALIZED
                  20002270    00000054     lcd.obj (.bss:lastbuffer$3)
                  200022c4    00000004     (.common:_timeout_ticks)
                  200022c8    00000004     (.common:fallingEdge)
                  200022cc    00000004     (.common:isr_int_value)
                  200022d0    00000004     (.common:left_calibration_value)
                  200022d4    00000004     (.common:pulseLength)
                  200022d8    00000004     (.common:right_calibration_value)
                  200022dc    00000004     (.common:risingEdge)
                  200022e0    00000001     (.common:isRisingEdge)

.data      0    200022e4    00000014     UNINITIALIZED
                  200022e4    00000009     uart-interrupt.obj (.data)
                  200022ed    00000001     Timer.obj (.data)
                  200022ee    00000002     --HOLE--
                  200022f0    00000004     libcybotScan.lib : cyBot_Scan.obj (.data)
                  200022f4    00000004     rtsv7M4_T_le_v4SPD16_eabi.lib : errno.c.obj (.data)

__llvm_prf_cnts 
*          0    20000000    00000000     UNINITIALIZED

MODULE SUMMARY

       Module                         code    ro data   rw data
       ------                         ----    -------   -------
    .\
       lcd.obj                        824     8         84     
       tm4c123gh6pm_startup_ccs.obj   12      620       0      
       Timer.obj                      584     0         5      
       uart-interrupt.obj             464     0         9      
       main.obj                       148     0         8      
    +--+------------------------------+-------+---------+---------+
       Total:                         2032    628       106    
                                                               
    ../libcybotScan.lib
       cyBot_Scan.obj                 608     0         4      
       ping.obj                       492     0         13     
       servo.obj                      344     0         0      
       ir.obj                         280     0         4      
    +--+------------------------------+-------+---------+---------+
       Total:                         1724    0         21     
                                                               
    C:/ti/TivaWare_C_Series-2.2.0.295/driverlib/ccs/Debug/driverlib.lib
       interrupt.obj                  68      0         620    
       cpu.obj                        12      0         0      
    +--+------------------------------+-------+---------+---------+
       Total:                         80      0         620    
                                                               
    C:\ti\ccs1271\ccs\tools\compiler\ti-cgt-arm_20.2.7.LTS\lib\rtsv7M4_T_le_v4SPD16_eabi.lib
       _printfi.c.obj                 4851    0         0      
       fd_add_t2.asm.obj              438     0         0      
       fd_div_t2.asm.obj              310     0         0      
       s_scalbn.c.obj                 272     0         0      
       fd_cmp_t2.asm.obj              268     0         0      
       ctype.c.obj                    0       257       0      
       fd_mul_t2.asm.obj              252     0         0      
       memcpy_t2.asm.obj              156     0         0      
       ull_div_t2.asm.obj             150     0         0      
       vsnprintf.c.obj                136     0         0      
       memset_t2.asm.obj              122     0         0      
       copy_decompress_lzss.c.obj     104     0         0      
       s_frexp.c.obj                  100     0         0      
       _ltoa.c.obj                    84      0         0      
       atoi.c.obj                     76      0         0      
       fd_toi_t2.asm.obj              72      0         0      
       autoinit.c.obj                 68      0         0      
       boot_cortex_m.c.obj            52      0         0      
       i_tofd_t2.asm.obj              46      0         0      
       copy_zero_init.c.obj           28      0         0      
       memccpy.c.obj                  28      0         0      
       s_copysign.c.obj               26      0         0      
       strcmp.c.obj                   24      0         0      
       strchr.c.obj                   22      0         0      
       strcpy.c.obj                   20      0         0      
       strlen.c.obj                   20      0         0      
       wcslen.c.obj                   18      0         0      
       copy_decompress_none.c.obj     14      0         0      
       errno.c.obj                    8       0         4      
       exit.c.obj                     4       0         0      
       pre_init.c.obj                 4       0         0      
       div0.asm.obj                   2       0         0      
    +--+------------------------------+-------+---------+---------+
       Total:                         7775    257       4      
                                                               
       Heap:                          0       0         4096   
       Stack:                         0       0         4096   
       Linker Generated:              0       63        0      
    +--+------------------------------+-------+---------+---------+
       Grand Total:                   11611   948       8943   


LINKER GENERATED COPY TABLES

__TI_cinit_table @ 00003108 records: 3, size/record: 8, table size: 24
	.data: load addr=000030ec, load size=0000000b bytes, run addr=200022e4, run size=00000014 bytes, compression=lzss
	.bss: load addr=000030f8, load size=00000008 bytes, run addr=20002270, run size=00000071 bytes, compression=zero_init
	.vtable: load addr=00003100, load size=00000008 bytes, run addr=20000000, run size=0000026c bytes, compression=zero_init


LINKER GENERATED HANDLER TABLE

__TI_handler_table @ 000030e0 records: 3, size/record: 4, table size: 12
	index: 0, handler: __TI_zero_init
	index: 1, handler: __TI_decompress_lzss
	index: 2, handler: __TI_decompress_none


GLOBAL SYMBOLS: SORTED ALPHABETICALLY BY Name 

address   name                          
-------   ----                          
000023c9  ADC0SS0_Handler               
00002fcd  C$$EXIT                       
00002fa7  CPUcpsie                      
00002f79  IntMasterEnable               
00002de1  IntRegister                   
00002fb3  ResetISR                      
000017ed  TIMER3B_Handler               
00001bd5  UART1_Handler                 
20001270  __STACK_END                   
00001000  __STACK_SIZE                  
20000470  __STACK_TOP                   
00001000  __SYSMEM_SIZE                 
00003108  __TI_CINIT_Base               
00003120  __TI_CINIT_Limit              
000030e0  __TI_Handler_Table_Base       
000030ec  __TI_Handler_Table_Limit      
00002d1d  __TI_auto_init_nobinit_nopinit
00002ac1  __TI_decompress_lzss          
00002f99  __TI_decompress_none          
00002be3  __TI_ltoa                     
ffffffff  __TI_pprof_out_hndl           
0000026d  __TI_printfi                  
ffffffff  __TI_prof_data_size           
ffffffff  __TI_prof_data_start          
00000000  __TI_static_base__            
00002ea7  __TI_zero_init_nomemset       
000028cd  __aeabi_cdcmpeq               
000028cd  __aeabi_cdcmple               
00002953  __aeabi_cdrcmple              
00002cd5  __aeabi_d2iz                  
00001c93  __aeabi_dadd                  
000020d5  __aeabi_ddiv                  
00002559  __aeabi_dmul                  
00001c89  __aeabi_dsub                  
00002fc1  __aeabi_errno_addr            
00002e79  __aeabi_i2d                   
00000cbb  __aeabi_idiv0                 
00000cbb  __aeabi_ldiv0                 
000029d9  __aeabi_memclr                
000029d9  __aeabi_memclr4               
000029d9  __aeabi_memclr8               
00002707  __aeabi_memcpy                
00002707  __aeabi_memcpy4               
00002707  __aeabi_memcpy8               
000029db  __aeabi_memset                
000029db  __aeabi_memset4               
000029db  __aeabi_memset8               
000027a3  __aeabi_uldivmod              
ffffffff  __binit__                     
ffffffff  __c_args__                    
UNDEFED   __mpu_init                    
20000270  __stack                       
20000000  __start___llvm_prf_cnts       
20000000  __stop___llvm_prf_cnts        
00002e15  _c_int00_noargs               
00002fd0  _ctypes_                      
200022ed  _running                      
20001270  _sys_memory                   
UNDEFED   _system_post_cinit            
00002fc9  _system_pre_init              
200022c4  _timeout_ticks                
00002fcd  abort                         
00002c89  atoi                          
ffffffff  binit                         
200022e4  command_byte                  
200022e8  command_flag                  
00002edf  copysign                      
00002edf  copysignl                     
0000132d  cyBOT_SERVO_cal               
000012bb  cyBOT_Scan                    
00001263  cyBOT_init_Scan               
200022f0  cyBOT_scan_features           
00001255  cyBOT_scan_version            
200022f4  errno                         
200022c8  fallingEdge                   
00002b29  frexp                         
00002b29  frexpl                        
20000000  g_pfnRAMVectors               
00000000  g_pfnVectors                  
200022ec  input                         
000023df  ir_enableInterrupt            
000023c1  ir_getDistance                
00002399  ir_getValue                   
00002331  ir_init                       
200022e0  isRisingEdge                  
200022cc  isr_int_value                 
00002f89  lcd_clear                     
00000e91  lcd_gotoLine                  
00000cf9  lcd_init                      
00000ef7  lcd_printf                    
00000db9  lcd_putc                      
00000df1  lcd_puts                      
00000cbd  lcd_reverseNibble             
00000e0f  lcd_sendCommand               
00000e4d  lcd_sendNibble                
00000eb9  lcd_setCursorPos              
00002449  ldexp                         
00002449  ldexpl                        
200022d0  left_calibration_value        
00002839  main                          
00002ec3  memccpy                       
00002707  memcpy                        
000029e1  memset                        
0000183f  ping_getDistance              
000016fd  ping_init                     
00001783  ping_trigger                  
200022d4  pulseLength                   
200022d8  right_calibration_value       
200022dc  risingEdge                    
00002449  scalbn                        
00002449  scalbnl                       
00001e41  servo_init                    
00001ed1  servo_move                    
00001f31  servo_setPWM                  
00001ec5  servo_stop                    
00002f29  strchr                        
00002f11  strcmp                        
00002f3f  strcpy                        
00002f53  strlen                        
000015d3  timer_getMicros               
0000157b  timer_getMillis               
000014b5  timer_init                    
00001557  timer_pause                   
00001569  timer_resume                  
0000152d  timer_stop                    
0000162d  timer_waitMicros              
0000165f  timer_waitMillis              
00001ab9  uart_interrupt_init           
00001b89  uart_receive                  
00001ba9  uart_receive_nonblocking      
00001b6d  uart_sendChar                 
00001baf  uart_sendStr                  
00002d61  vsnprintf                     
00002f67  wcslen                        


GLOBAL SYMBOLS: SORTED BY Symbol Address 

address   name                          
-------   ----                          
00000000  __TI_static_base__            
00000000  g_pfnVectors                  
0000026d  __TI_printfi                  
00000cbb  __aeabi_idiv0                 
00000cbb  __aeabi_ldiv0                 
00000cbd  lcd_reverseNibble             
00000cf9  lcd_init                      
00000db9  lcd_putc                      
00000df1  lcd_puts                      
00000e0f  lcd_sendCommand               
00000e4d  lcd_sendNibble                
00000e91  lcd_gotoLine                  
00000eb9  lcd_setCursorPos              
00000ef7  lcd_printf                    
00001000  __STACK_SIZE                  
00001000  __SYSMEM_SIZE                 
00001255  cyBOT_scan_version            
00001263  cyBOT_init_Scan               
000012bb  cyBOT_Scan                    
0000132d  cyBOT_SERVO_cal               
000014b5  timer_init                    
0000152d  timer_stop                    
00001557  timer_pause                   
00001569  timer_resume                  
0000157b  timer_getMillis               
000015d3  timer_getMicros               
0000162d  timer_waitMicros              
0000165f  timer_waitMillis              
000016fd  ping_init                     
00001783  ping_trigger                  
000017ed  TIMER3B_Handler               
0000183f  ping_getDistance              
00001ab9  uart_interrupt_init           
00001b6d  uart_sendChar                 
00001b89  uart_receive                  
00001ba9  uart_receive_nonblocking      
00001baf  uart_sendStr                  
00001bd5  UART1_Handler                 
00001c89  __aeabi_dsub                  
00001c93  __aeabi_dadd                  
00001e41  servo_init                    
00001ec5  servo_stop                    
00001ed1  servo_move                    
00001f31  servo_setPWM                  
000020d5  __aeabi_ddiv                  
00002331  ir_init                       
00002399  ir_getValue                   
000023c1  ir_getDistance                
000023c9  ADC0SS0_Handler               
000023df  ir_enableInterrupt            
00002449  ldexp                         
00002449  ldexpl                        
00002449  scalbn                        
00002449  scalbnl                       
00002559  __aeabi_dmul                  
00002707  __aeabi_memcpy                
00002707  __aeabi_memcpy4               
00002707  __aeabi_memcpy8               
00002707  memcpy                        
000027a3  __aeabi_uldivmod              
00002839  main                          
000028cd  __aeabi_cdcmpeq               
000028cd  __aeabi_cdcmple               
00002953  __aeabi_cdrcmple              
000029d9  __aeabi_memclr                
000029d9  __aeabi_memclr4               
000029d9  __aeabi_memclr8               
000029db  __aeabi_memset                
000029db  __aeabi_memset4               
000029db  __aeabi_memset8               
000029e1  memset                        
00002ac1  __TI_decompress_lzss          
00002b29  frexp                         
00002b29  frexpl                        
00002be3  __TI_ltoa                     
00002c89  atoi                          
00002cd5  __aeabi_d2iz                  
00002d1d  __TI_auto_init_nobinit_nopinit
00002d61  vsnprintf                     
00002de1  IntRegister                   
00002e15  _c_int00_noargs               
00002e79  __aeabi_i2d                   
00002ea7  __TI_zero_init_nomemset       
00002ec3  memccpy                       
00002edf  copysign                      
00002edf  copysignl                     
00002f11  strcmp                        
00002f29  strchr                        
00002f3f  strcpy                        
00002f53  strlen                        
00002f67  wcslen                        
00002f79  IntMasterEnable               
00002f89  lcd_clear                     
00002f99  __TI_decompress_none          
00002fa7  CPUcpsie                      
00002fb3  ResetISR                      
00002fc1  __aeabi_errno_addr            
00002fc9  _system_pre_init              
00002fcd  C$$EXIT                       
00002fcd  abort                         
00002fd0  _ctypes_                      
000030e0  __TI_Handler_Table_Base       
000030ec  __TI_Handler_Table_Limit      
00003108  __TI_CINIT_Base               
00003120  __TI_CINIT_Limit              
20000000  __start___llvm_prf_cnts       
20000000  __stop___llvm_prf_cnts        
20000000  g_pfnRAMVectors               
20000270  __stack                       
20000470  __STACK_TOP                   
20001270  __STACK_END                   
20001270  _sys_memory                   
200022c4  _timeout_ticks                
200022c8  fallingEdge                   
200022cc  isr_int_value                 
200022d0  left_calibration_value        
200022d4  pulseLength                   
200022d8  right_calibration_value       
200022dc  risingEdge                    
200022e0  isRisingEdge                  
200022e4  command_byte                  
200022e8  command_flag                  
200022ec  input                         
200022ed  _running                      
200022f0  cyBOT_scan_features           
200022f4  errno                         
ffffffff  __TI_pprof_out_hndl           
ffffffff  __TI_prof_data_size           
ffffffff  __TI_prof_data_start          
ffffffff  __binit__                     
ffffffff  __c_args__                    
ffffffff  binit                         
UNDEFED   __mpu_init                    
UNDEFED   _system_post_cinit            

[134 symbols]
