******************************************************************************
                  TI ARM Linker PC v20.2.7                     
******************************************************************************
>> Linked Fri Apr 11 16:08:45 2025

OUTPUT FILE NAME:   <Lab9.out>
ENTRY POINT SYMBOL: "_c_int00_noargs"  address: 0000394d


MEMORY CONFIGURATION

         name            origin    length      used     unused   attr    fill
----------------------  --------  ---------  --------  --------  ----  --------
  FLASH                 00000000   00040000  00003d08  0003c2f8  R  X
  SRAM                  20000000   00008000  00002330  00005cd0  RW X


SEGMENT ALLOCATION MAP

run origin  load origin   length   init length attrs members
----------  ----------- ---------- ----------- ----- -------
00000000    00000000    00003d08   00003d08    r-x
  00000000    00000000    0000026c   0000026c    r-- .intvecs
  0000026c    0000026c    0000392c   0000392c    r-x .text
  00003b98    00003b98    00000118   00000118    r-- .const
  00003cb0    00003cb0    00000058   00000058    r-- .cinit
20000000    20000000    00002334   00000000    rw-
  20000000    20000000    0000026c   00000000    rw- .vtable
  20000270    20000270    00001000   00000000    rw- .stack
  20001270    20001270    00001000   00000000    rw- .sysmem
  20002270    20002270    00000070   00000000    rw- .bss
  200022e0    200022e0    00000054   00000000    rw- .data


SECTION ALLOCATION MAP

 output                                  attributes/
section   page    origin      length       input sections
--------  ----  ----------  ----------   ----------------
.intvecs   0    00000000    0000026c     
                  00000000    0000026c     tm4c123gh6pm_startup_ccs.obj (.intvecs)

.text      0    0000026c    0000392c     
                  0000026c    00000c20     open_interface.obj (.text)
                  00000e8c    00000a4e     rtsv7M4_T_le_v4SPD16_eabi.lib : _printfi.c.obj (.text:__TI_printfi)
                  000018da    00000002                                   : _lock.c.obj (.text:_nop)
                  000018dc    00000334     ping.obj (.text)
                  00001c10    00000328     lcd.obj (.text)
                  00001f38    00000270     rtsv7M4_T_le_v4SPD16_eabi.lib : _printfi.c.obj (.text:_pconv_a)
                  000021a8    00000248     Timer.obj (.text)
                  000023f0    000001d0     rtsv7M4_T_le_v4SPD16_eabi.lib : _printfi.c.obj (.text:_pconv_g)
                  000025c0    000001d0     uart-interrupt.obj (.text)
                  00002790    000001b6     rtsv7M4_T_le_v4SPD16_eabi.lib : fd_add_t2.asm.obj (.text)
                  00002946    00000002                                   : div0.asm.obj (.text)
                  00002948    0000013c                                   : _printfi.c.obj (.text:_pconv_e)
                  00002a84    00000136                                   : fd_div_t2.asm.obj (.text)
                  00002bba    00000002     --HOLE-- [fill = 0]
                  00002bbc    00000124                                   : _printfi.c.obj (.text:fcvt)
                  00002ce0    00000110                                   : s_scalbn.c.obj (.text:scalbn)
                  00002df0    00000100                                   : memory.c.obj (.text:aligned_alloc)
                  00002ef0    000000fc                                   : fd_mul_t2.asm.obj (.text)
                  00002fec    000000e4                                   : memory.c.obj (.text:free)
                  000030d0    000000b1                                   : _printfi.c.obj (.text:_ltostr)
                  00003181    00000001     --HOLE-- [fill = 0]
                  00003182    0000009c                                   : memcpy_t2.asm.obj (.text)
                  0000321e    00000096                                   : ull_div_t2.asm.obj (.text)
                  000032b4    00000086                                   : fd_cmp_t2.asm.obj (.text:__aeabi_cdcmple)
                  0000333a    00000086                                   : fd_cmp_t2.asm.obj (.text:__aeabi_cdrcmple)
                  000033c0    0000007a                                   : memset_t2.asm.obj (.text)
                  0000343a    00000002     --HOLE-- [fill = 0]
                  0000343c    00000070                                   : memory.c.obj (.text:split)
                  000034ac    0000006e                                   : _printfi.c.obj (.text:_mcpy)
                  0000351a    0000006e                                   : fd_tos_t2.asm.obj (.text)
                  00003588    00000068                                   : copy_decompress_lzss.c.obj (.text:decompress:lzss:__TI_decompress_lzss)
                  000035f0    00000064                                   : s_frexp.c.obj (.text:frexp)
                  00003654    00000056                                   : _printfi.c.obj (.text:_pconv_f)
                  000036aa    00000054                                   : _ltoa.c.obj (.text:__TI_ltoa)
                  000036fe    00000052                                   : _printfi.c.obj (.text:_ecpy)
                  00003750    0000004c                                   : atoi.c.obj (.text:atoi)
                  0000379c    00000048                                   : fd_toi_t2.asm.obj (.text)
                  000037e4    00000044                                   : autoinit.c.obj (.text:__TI_auto_init_nobinit_nopinit:__TI_auto_init_nobinit_nopinit)
                  00003828    00000040                                   : vsnprintf.c.obj (.text:vsnprintf)
                  00003868    0000003e                                   : _printfi.c.obj (.text:_fcpy)
                  000038a6    00000002     --HOLE-- [fill = 0]
                  000038a8    00000038                                   : memory.c.obj (.text:calloc)
                  000038e0    00000038                                   : fs_tod_t2.asm.obj (.text)
                  00003918    00000034     driverlib.lib : interrupt.obj (.text:IntRegister)
                  0000394c    00000034     rtsv7M4_T_le_v4SPD16_eabi.lib : boot_cortex_m.c.obj (.text:_c_int00_noargs:_c_int00_noargs)
                  00003980    00000030                                   : vsnprintf.c.obj (.text:_outs)
                  000039b0    0000002e                                   : i_tofd_t2.asm.obj (.text)
                  000039de    0000002c     main.obj (.text)
                  00003a0a    00000002     --HOLE-- [fill = 0]
                  00003a0c    00000028     rtsv7M4_T_le_v4SPD16_eabi.lib : memory.c.obj (.text:free_list_insert)
                  00003a34    0000001c                                   : copy_zero_init.c.obj (.text:decompress:ZI:__TI_zero_init_nomemset:__TI_zero_init_nomemset)
                  00003a50    0000001c                                   : memory.c.obj (.text:free_list_remove)
                  00003a6c    0000001c                                   : memccpy.c.obj (.text:memccpy)
                  00003a88    0000001a                                   : s_copysign.c.obj (.text:copysign)
                  00003aa2    00000018                                   : vsnprintf.c.obj (.text:_outc)
                  00003aba    00000018     open_interface.obj (.text:oi_parseInt)
                  00003ad2    00000018     rtsv7M4_T_le_v4SPD16_eabi.lib : strcmp.c.obj (.text:strcmp)
                  00003aea    00000016                                   : strchr.c.obj (.text:strchr)
                  00003b00    00000014                                   : strcpy.c.obj (.text:strcpy)
                  00003b14    00000014                                   : strlen.c.obj (.text:strlen)
                  00003b28    00000012                                   : wcslen.c.obj (.text:wcslen)
                  00003b3a    00000010     driverlib.lib : interrupt.obj (.text:IntMasterEnable)
                  00003b4a    00000010     lcd.obj (.text:lcd_clear)
                  00003b5a    0000000e     rtsv7M4_T_le_v4SPD16_eabi.lib : copy_decompress_none.c.obj (.text:decompress:none:__TI_decompress_none)
                  00003b68    0000000c     driverlib.lib : cpu.obj (.text:CPUcpsie)
                  00003b74    0000000c     tm4c123gh6pm_startup_ccs.obj (.text)
                  00003b80    00000008     rtsv7M4_T_le_v4SPD16_eabi.lib : errno.c.obj (.text:__aeabi_errno_addr)
                  00003b88    00000008                                   : memory.c.obj (.text:malloc)
                  00003b90    00000004                                   : pre_init.c.obj (.text:_system_pre_init)
                  00003b94    00000004                                   : exit.c.obj (.text:abort:abort)

.const     0    00003b98    00000118     
                  00003b98    00000101     rtsv7M4_T_le_v4SPD16_eabi.lib : ctype.c.obj (.const:.string:_ctypes_)
                  00003c99    0000000f     open_interface.obj (.const:.string:$P$T0$3)
                  00003ca8    00000004     lcd.obj (.const:.string:lineAddress$1)
                  00003cac    00000004     lcd.obj (.const:.string:lineAddresses$2)

.cinit     0    00003cb0    00000058     
                  00003cb0    00000020     (.cinit..data.load) [load image, compression = lzss]
                  00003cd0    0000000c     (__TI_handler_table)
                  00003cdc    00000004     --HOLE-- [fill = 0]
                  00003ce0    00000008     (.cinit..bss.load) [load image, compression = zero_init]
                  00003ce8    00000008     (.cinit..vtable.load) [load image, compression = zero_init]
                  00003cf0    00000018     (__TI_cinit_table)

.init_array 
*          0    00000000    00000000     UNINITIALIZED

.vtable    0    20000000    0000026c     UNINITIALIZED
                  20000000    0000026c     driverlib.lib : interrupt.obj (.vtable)

.stack     0    20000270    00001000     UNINITIALIZED
                  20000270    00000004     rtsv7M4_T_le_v4SPD16_eabi.lib : boot_cortex_m.c.obj (.stack)
                  20000274    00000ffc     --HOLE--

.sysmem    0    20001270    00001000     UNINITIALIZED
                  20001270    00000010     rtsv7M4_T_le_v4SPD16_eabi.lib : memory.c.obj (.sysmem)
                  20001280    00000ff0     --HOLE--

.bss       0    20002270    00000070     UNINITIALIZED
                  20002270    00000054     lcd.obj (.bss:lastbuffer$3)
                  200022c4    00000018     open_interface.obj (.bss:firmware$2)
                  200022dc    00000004     (.common:_timeout_ticks)

.data      0    200022e0    00000054     UNINITIALIZED
                  200022e0    00000020     open_interface.obj (.data)
                  20002300    00000011     ping.obj (.data)
                  20002311    00000001     Timer.obj (.data)
                  20002312    00000002     --HOLE--
                  20002314    00000009     uart-interrupt.obj (.data)
                  2000231d    00000003     --HOLE--
                  20002320    00000008     rtsv7M4_T_le_v4SPD16_eabi.lib : _lock.c.obj (.data:$O1$$)
                  20002328    00000008                                   : memory.c.obj (.data:$O1$$)
                  20002330    00000004                                   : errno.c.obj (.data)

__llvm_prf_cnts 
*          0    20000000    00000000     UNINITIALIZED

MODULE SUMMARY

       Module                         code    ro data   rw data
       ------                         ----    -------   -------
    .\
       open_interface.obj             3128    15        56     
       lcd.obj                        824     8         84     
       ping.obj                       820     0         17     
       tm4c123gh6pm_startup_ccs.obj   12      620       0      
       Timer.obj                      584     0         5      
       uart-interrupt.obj             464     0         9      
       main.obj                       44      0         0      
    +--+------------------------------+-------+---------+---------+
       Total:                         5876    643       171    
                                                               
    C:/ti/TivaWare_C_Series-2.2.0.295/driverlib/ccs/Debug/driverlib.lib
       interrupt.obj                  68      0         620    
       cpu.obj                        12      0         0      
    +--+------------------------------+-------+---------+---------+
       Total:                         80      0         620    
                                                               
    C:\ti\ccs1271\ccs\tools\compiler\ti-cgt-arm_20.2.7.LTS\lib\rtsv7M4_T_le_v4SPD16_eabi.lib
       _printfi.c.obj                 4851    0         0      
       memory.c.obj                   728     0         8      
       fd_add_t2.asm.obj              438     0         0      
       fd_div_t2.asm.obj              310     0         0      
       s_scalbn.c.obj                 272     0         0      
       fd_cmp_t2.asm.obj              268     0         0      
       ctype.c.obj                    0       257       0      
       fd_mul_t2.asm.obj              252     0         0      
       memcpy_t2.asm.obj              156     0         0      
       ull_div_t2.asm.obj             150     0         0      
       vsnprintf.c.obj                136     0         0      
       memset_t2.asm.obj              122     0         0      
       fd_tos_t2.asm.obj              110     0         0      
       copy_decompress_lzss.c.obj     104     0         0      
       s_frexp.c.obj                  100     0         0      
       _ltoa.c.obj                    84      0         0      
       atoi.c.obj                     76      0         0      
       fd_toi_t2.asm.obj              72      0         0      
       autoinit.c.obj                 68      0         0      
       fs_tod_t2.asm.obj              56      0         0      
       boot_cortex_m.c.obj            52      0         0      
       i_tofd_t2.asm.obj              46      0         0      
       copy_zero_init.c.obj           28      0         0      
       memccpy.c.obj                  28      0         0      
       s_copysign.c.obj               26      0         0      
       strcmp.c.obj                   24      0         0      
       strchr.c.obj                   22      0         0      
       strcpy.c.obj                   20      0         0      
       strlen.c.obj                   20      0         0      
       wcslen.c.obj                   18      0         0      
       copy_decompress_none.c.obj     14      0         0      
       errno.c.obj                    8       0         4      
       _lock.c.obj                    2       0         8      
       exit.c.obj                     4       0         0      
       pre_init.c.obj                 4       0         0      
       div0.asm.obj                   2       0         0      
    +--+------------------------------+-------+---------+---------+
       Total:                         8671    257       20     
                                                               
       Heap:                          0       0         4096   
       Stack:                         0       0         4096   
       Linker Generated:              0       84        0      
    +--+------------------------------+-------+---------+---------+
       Grand Total:                   14627   984       9003   


LINKER GENERATED COPY TABLES

__TI_cinit_table @ 00003cf0 records: 3, size/record: 8, table size: 24
	.data: load addr=00003cb0, load size=00000020 bytes, run addr=200022e0, run size=00000054 bytes, compression=lzss
	.bss: load addr=00003ce0, load size=00000008 bytes, run addr=20002270, run size=00000070 bytes, compression=zero_init
	.vtable: load addr=00003ce8, load size=00000008 bytes, run addr=20000000, run size=0000026c bytes, compression=zero_init


LINKER GENERATED HANDLER TABLE

__TI_handler_table @ 00003cd0 records: 3, size/record: 4, table size: 12
	index: 0, handler: __TI_zero_init
	index: 1, handler: __TI_decompress_lzss
	index: 2, handler: __TI_decompress_none


GLOBAL SYMBOLS: SORTED ALPHABETICALLY BY Name 

address   name                          
-------   ----                          
00003b95  C$$EXIT                       
00003b69  CPUcpsie                      
00000bc3  GPIOF_Handler                 
00003b3b  IntMasterEnable               
00003919  IntRegister                   
00003b75  ResetISR                      
00001a2b  TIMER3B_Handler               
000026dd  UART1_Handler                 
20001270  __STACK_END                   
00001000  __STACK_SIZE                  
20000470  __STACK_TOP                   
00001000  __SYSMEM_SIZE                 
00003cf0  __TI_CINIT_Base               
00003d08  __TI_CINIT_Limit              
00003cd0  __TI_Handler_Table_Base       
00003cdc  __TI_Handler_Table_Limit      
000037e5  __TI_auto_init_nobinit_nopinit
00003589  __TI_decompress_lzss          
00003b5b  __TI_decompress_none          
000036ab  __TI_ltoa                     
ffffffff  __TI_pprof_out_hndl           
00000e8d  __TI_printfi                  
ffffffff  __TI_prof_data_size           
ffffffff  __TI_prof_data_start          
00000000  __TI_static_base__            
00003a35  __TI_zero_init_nomemset       
000032b5  __aeabi_cdcmpeq               
000032b5  __aeabi_cdcmple               
0000333b  __aeabi_cdrcmple              
0000351b  __aeabi_d2f                   
0000379d  __aeabi_d2iz                  
0000279b  __aeabi_dadd                  
00002a85  __aeabi_ddiv                  
00002ef1  __aeabi_dmul                  
00002791  __aeabi_dsub                  
00003b81  __aeabi_errno_addr            
000038e1  __aeabi_f2d                   
000039b1  __aeabi_i2d                   
00002947  __aeabi_idiv0                 
00002947  __aeabi_ldiv0                 
000033c1  __aeabi_memclr                
000033c1  __aeabi_memclr4               
000033c1  __aeabi_memclr8               
00003183  __aeabi_memcpy                
00003183  __aeabi_memcpy4               
00003183  __aeabi_memcpy8               
000033c3  __aeabi_memset                
000033c3  __aeabi_memset4               
000033c3  __aeabi_memset8               
0000321f  __aeabi_uldivmod              
ffffffff  __binit__                     
ffffffff  __c_args__                    
UNDEFED   __mpu_init                    
20000270  __stack                       
20000000  __start___llvm_prf_cnts       
20000000  __stop___llvm_prf_cnts        
0000394d  _c_int00_noargs               
00003b98  _ctypes_                      
20002320  _lock                         
000018db  _nop                          
20002311  _running                      
20001270  _sys_memory                   
UNDEFED   _system_post_cinit            
00003b91  _system_pre_init              
200022dc  _timeout_ticks                
20002324  _unlock                       
00003b95  abort                         
00002df1  aligned_alloc                 
00003751  atoi                          
ffffffff  binit                         
000038a9  calloc                        
20002314  command_byte                  
20002318  command_flag                  
00003a89  copysign                      
00003a89  copysignl                     
20002330  errno                         
00002fed  free                          
000035f1  frexp                         
000035f1  frexpl                        
20002304  g_end_time                    
20000000  g_pfnRAMVectors               
00000000  g_pfnVectors                  
20002300  g_start_time                  
20002310  g_state                       
0000097f  go_charge                     
2000231c  input                         
00003b4b  lcd_clear                     
00001de5  lcd_gotoLine                  
00001c4d  lcd_init                      
00001e4b  lcd_printf                    
00001d0d  lcd_putc                      
00001d45  lcd_puts                      
00001c11  lcd_reverseNibble             
00001d63  lcd_sendCommand               
00001da1  lcd_sendNibble                
00001e0d  lcd_setCursorPos              
00002ce1  ldexp                         
00002ce1  ldexpl                        
000039df  main                          
00003b89  malloc                        
00002df1  memalign                      
00003a6d  memccpy                       
00003183  memcpy                        
000033c9  memset                        
200022e0  motor_cal_factor_L            
200022e4  motor_cal_factor_R            
2000230c  ms_end_time                   
20002308  ms_start_time                 
0000026d  oi_alloc                      
00000aa9  oi_checkFirmware              
000002c7  oi_close                      
00000279  oi_free                       
00000ded  oi_getMotorCalibrationLeft    
00000e01  oi_getMotorCalibrationRight   
000002b1  oi_init                       
00000289  oi_init_noupdate              
00000915  oi_loadSong                   
00003abb  oi_parseInt                   
0000032b  oi_parsePacket                
0000096b  oi_play_song                  
0000084b  oi_setLeds                    
00000db1  oi_setMotorCalibration        
0000088f  oi_setWheels                  
00000b51  oi_shutoff_init               
0000098d  oi_uartInit                   
00000a31  oi_uartReceive                
00000a77  oi_uartSendBuff               
00000a15  oi_uartSendChar               
00000a59  oi_uartSendStr                
000002d9  oi_update                     
00001a7d  ping_getDistance              
000018dd  ping_init                     
000019a3  ping_trigger                  
00002ce1  scalbn                        
00002ce1  scalbnl                       
00003aeb  strchr                        
00003ad3  strcmp                        
00003b01  strcpy                        
00003b15  strlen                        
000022c7  timer_getMicros               
0000226f  timer_getMillis               
000021a9  timer_init                    
0000224b  timer_pause                   
0000225d  timer_resume                  
00002221  timer_stop                    
00002321  timer_waitMicros              
00002353  timer_waitMillis              
000025c1  uart_interrupt_init           
00002691  uart_receive                  
000026b1  uart_receive_nonblocking      
00002675  uart_sendChar                 
000026b7  uart_sendStr                  
00003829  vsnprintf                     
00003b29  wcslen                        


GLOBAL SYMBOLS: SORTED BY Symbol Address 

address   name                          
-------   ----                          
00000000  __TI_static_base__            
00000000  g_pfnVectors                  
0000026d  oi_alloc                      
00000279  oi_free                       
00000289  oi_init_noupdate              
000002b1  oi_init                       
000002c7  oi_close                      
000002d9  oi_update                     
0000032b  oi_parsePacket                
0000084b  oi_setLeds                    
0000088f  oi_setWheels                  
00000915  oi_loadSong                   
0000096b  oi_play_song                  
0000097f  go_charge                     
0000098d  oi_uartInit                   
00000a15  oi_uartSendChar               
00000a31  oi_uartReceive                
00000a59  oi_uartSendStr                
00000a77  oi_uartSendBuff               
00000aa9  oi_checkFirmware              
00000b51  oi_shutoff_init               
00000bc3  GPIOF_Handler                 
00000db1  oi_setMotorCalibration        
00000ded  oi_getMotorCalibrationLeft    
00000e01  oi_getMotorCalibrationRight   
00000e8d  __TI_printfi                  
00001000  __STACK_SIZE                  
00001000  __SYSMEM_SIZE                 
000018db  _nop                          
000018dd  ping_init                     
000019a3  ping_trigger                  
00001a2b  TIMER3B_Handler               
00001a7d  ping_getDistance              
00001c11  lcd_reverseNibble             
00001c4d  lcd_init                      
00001d0d  lcd_putc                      
00001d45  lcd_puts                      
00001d63  lcd_sendCommand               
00001da1  lcd_sendNibble                
00001de5  lcd_gotoLine                  
00001e0d  lcd_setCursorPos              
00001e4b  lcd_printf                    
000021a9  timer_init                    
00002221  timer_stop                    
0000224b  timer_pause                   
0000225d  timer_resume                  
0000226f  timer_getMillis               
000022c7  timer_getMicros               
00002321  timer_waitMicros              
00002353  timer_waitMillis              
000025c1  uart_interrupt_init           
00002675  uart_sendChar                 
00002691  uart_receive                  
000026b1  uart_receive_nonblocking      
000026b7  uart_sendStr                  
000026dd  UART1_Handler                 
00002791  __aeabi_dsub                  
0000279b  __aeabi_dadd                  
00002947  __aeabi_idiv0                 
00002947  __aeabi_ldiv0                 
00002a85  __aeabi_ddiv                  
00002ce1  ldexp                         
00002ce1  ldexpl                        
00002ce1  scalbn                        
00002ce1  scalbnl                       
00002df1  aligned_alloc                 
00002df1  memalign                      
00002ef1  __aeabi_dmul                  
00002fed  free                          
00003183  __aeabi_memcpy                
00003183  __aeabi_memcpy4               
00003183  __aeabi_memcpy8               
00003183  memcpy                        
0000321f  __aeabi_uldivmod              
000032b5  __aeabi_cdcmpeq               
000032b5  __aeabi_cdcmple               
0000333b  __aeabi_cdrcmple              
000033c1  __aeabi_memclr                
000033c1  __aeabi_memclr4               
000033c1  __aeabi_memclr8               
000033c3  __aeabi_memset                
000033c3  __aeabi_memset4               
000033c3  __aeabi_memset8               
000033c9  memset                        
0000351b  __aeabi_d2f                   
00003589  __TI_decompress_lzss          
000035f1  frexp                         
000035f1  frexpl                        
000036ab  __TI_ltoa                     
00003751  atoi                          
0000379d  __aeabi_d2iz                  
000037e5  __TI_auto_init_nobinit_nopinit
00003829  vsnprintf                     
000038a9  calloc                        
000038e1  __aeabi_f2d                   
00003919  IntRegister                   
0000394d  _c_int00_noargs               
000039b1  __aeabi_i2d                   
000039df  main                          
00003a35  __TI_zero_init_nomemset       
00003a6d  memccpy                       
00003a89  copysign                      
00003a89  copysignl                     
00003abb  oi_parseInt                   
00003ad3  strcmp                        
00003aeb  strchr                        
00003b01  strcpy                        
00003b15  strlen                        
00003b29  wcslen                        
00003b3b  IntMasterEnable               
00003b4b  lcd_clear                     
00003b5b  __TI_decompress_none          
00003b69  CPUcpsie                      
00003b75  ResetISR                      
00003b81  __aeabi_errno_addr            
00003b89  malloc                        
00003b91  _system_pre_init              
00003b95  C$$EXIT                       
00003b95  abort                         
00003b98  _ctypes_                      
00003cd0  __TI_Handler_Table_Base       
00003cdc  __TI_Handler_Table_Limit      
00003cf0  __TI_CINIT_Base               
00003d08  __TI_CINIT_Limit              
20000000  __start___llvm_prf_cnts       
20000000  __stop___llvm_prf_cnts        
20000000  g_pfnRAMVectors               
20000270  __stack                       
20000470  __STACK_TOP                   
20001270  __STACK_END                   
20001270  _sys_memory                   
200022dc  _timeout_ticks                
200022e0  motor_cal_factor_L            
200022e4  motor_cal_factor_R            
20002300  g_start_time                  
20002304  g_end_time                    
20002308  ms_start_time                 
2000230c  ms_end_time                   
20002310  g_state                       
20002311  _running                      
20002314  command_byte                  
20002318  command_flag                  
2000231c  input                         
20002320  _lock                         
20002324  _unlock                       
20002330  errno                         
ffffffff  __TI_pprof_out_hndl           
ffffffff  __TI_prof_data_size           
ffffffff  __TI_prof_data_start          
ffffffff  __binit__                     
ffffffff  __c_args__                    
ffffffff  binit                         
UNDEFED   __mpu_init                    
UNDEFED   _system_post_cinit            

[154 symbols]
